2026-01-05 22:51:43,709 [INFO] Activator:176 - 


2026-01-05 22:51:43,715 [INFO] Activator:177 - !SESSION log4j initialized
2026-01-05 22:51:44,891 [INFO] LogOutputStream:77 - [STDOUT_REDIRECT] 
2026-01-05 22:51:47,181 [ERROR] LogOutputStream:75 - [STDERR_REDIRECT] 
2026-01-05 22:51:49,594 [INFO] LogOutputStream:77 - [STDOUT_REDIRECT] 
2026-01-05 22:51:50,862 [INFO] ApplicationProperties:184 - Using Application install path: /Applications/STM32CubeIDE.app/Contents/Eclipse/plugins/com.st.stm32cube.common.mx_6.15.0.202507011659
2026-01-05 22:51:50,883 [INFO] DbMcusXml:78 - Set database path to: /Applications/STM32CubeIDE.app/Contents/Eclipse/plugins/com.st.stm32cube.common.mx_6.15.0.202507011659//db//mcu/
2026-01-05 22:51:50,883 [INFO] ApiDb:274 - Set plugin database path to: /Applications/STM32CubeIDE.app/Contents/Eclipse/plugins/com.st.stm32cube.common.mx_6.15.0.202507011659//db//plugins/boardmanager/
2026-01-05 22:51:50,884 [WARN] ApiDb:259 - Overriding images path with different value:  => /Applications/STM32CubeIDE.app/Contents/Eclipse/plugins/com.st.stm32cube.common.mx_6.15.0.202507011659//db//plugins/mcufinder/images/
2026-01-05 22:51:50,891 [INFO] ApiDb:250 - Set database path to: /Users/macbookpro/.stmcufinder/plugins/mcufinder//mcu/
2026-01-05 22:51:50,893 [INFO] DbMcusAds:125 - Set database path to: /Users/macbookpro/.stmcufinder/plugins/mcufinder//mcu/
2026-01-05 22:51:50,896 [INFO] CrossReferenceDbSqlite:203 - Set database path to: /Users/macbookpro/.stmcufinder/plugins/mcufinder//mcu/cs/
2026-01-05 22:51:51,078 [INFO] RulesReader:64 - Compatibility file has been processed (317 Rules)
2026-01-05 22:51:51,135 [INFO] DbMcusXml:78 - Set database path to: /Applications/STM32CubeIDE.app/Contents/Eclipse/plugins/com.st.stm32cube.common.mx_6.15.0.202507011659//db//mcu/
2026-01-05 22:51:51,136 [INFO] ApiDb:274 - Set plugin database path to: /Applications/STM32CubeIDE.app/Contents/Eclipse/plugins/com.st.stm32cube.common.mx_6.15.0.202507011659//db//plugins/boardmanager/
2026-01-05 22:51:51,136 [INFO] ApiDb:261 - Set plugin images path to: /Applications/STM32CubeIDE.app/Contents/Eclipse/plugins/com.st.stm32cube.common.mx_6.15.0.202507011659//db//plugins/mcufinder/images/
2026-01-05 22:51:51,136 [WARN] DbFile:41 - Overriding database path with different value: /Users/macbookpro/.stmcufinder/plugins/mcufinder/ => /Users/macbookpro/.stmcufinder/plugins/mcufinder
2026-01-05 22:51:51,136 [INFO] ApiDb:250 - Set database path to: /Users/macbookpro/.stmcufinder/plugins/mcufinder//mcu/
2026-01-05 22:51:51,136 [WARN] DbFile:41 - Overriding database path with different value: /Users/macbookpro/.stmcufinder/plugins/mcufinder/ => /Users/macbookpro/.stmcufinder/plugins/mcufinder
2026-01-05 22:51:51,136 [INFO] DbMcusAds:125 - Set database path to: /Users/macbookpro/.stmcufinder/plugins/mcufinder//mcu/
2026-01-05 22:51:51,136 [WARN] DbFile:41 - Overriding database path with different value: /Users/macbookpro/.stmcufinder/plugins/mcufinder/ => /Users/macbookpro/.stmcufinder/plugins/mcufinder
2026-01-05 22:51:51,137 [WARN] DbFile:41 - Overriding database path with different value: /Users/macbookpro/.stmcufinder/plugins/mcufinder/ => /Users/macbookpro/.stmcufinder/plugins/mcufinder
2026-01-05 22:51:51,137 [INFO] CrossReferenceDbSqlite:203 - Set database path to: /Users/macbookpro/.stmcufinder/plugins/mcufinder//mcu/cs/
2026-01-05 22:51:51,228 [INFO] MainPanel:274 - HeapMemory: 268435456
2026-01-05 22:51:52,214 [INFO] DbMcusXml:78 - Set database path to: /Applications/STM32CubeIDE.app/Contents/Eclipse/plugins/com.st.stm32cube.common.mx_6.15.0.202507011659//db//mcu/
2026-01-05 22:51:52,215 [INFO] ApiDb:274 - Set plugin database path to: /Applications/STM32CubeIDE.app/Contents/Eclipse/plugins/com.st.stm32cube.common.mx_6.15.0.202507011659//db//plugins/boardmanager/
2026-01-05 22:51:52,215 [INFO] ApiDb:261 - Set plugin images path to: /Applications/STM32CubeIDE.app/Contents/Eclipse/plugins/com.st.stm32cube.common.mx_6.15.0.202507011659//db//plugins/mcufinder/images/
2026-01-05 22:51:52,215 [WARN] DbFile:41 - Overriding database path with different value: /Users/macbookpro/.stmcufinder/plugins/mcufinder/ => /Users/macbookpro/.stmcufinder/plugins/mcufinder
2026-01-05 22:51:52,215 [INFO] ApiDb:250 - Set database path to: /Users/macbookpro/.stmcufinder/plugins/mcufinder//mcu/
2026-01-05 22:51:52,215 [WARN] DbFile:41 - Overriding database path with different value: /Users/macbookpro/.stmcufinder/plugins/mcufinder/ => /Users/macbookpro/.stmcufinder/plugins/mcufinder
2026-01-05 22:51:52,215 [INFO] DbMcusAds:125 - Set database path to: /Users/macbookpro/.stmcufinder/plugins/mcufinder//mcu/
2026-01-05 22:51:52,215 [WARN] DbFile:41 - Overriding database path with different value: /Users/macbookpro/.stmcufinder/plugins/mcufinder/ => /Users/macbookpro/.stmcufinder/plugins/mcufinder
2026-01-05 22:51:52,215 [WARN] DbFile:41 - Overriding database path with different value: /Users/macbookpro/.stmcufinder/plugins/mcufinder/ => /Users/macbookpro/.stmcufinder/plugins/mcufinder
2026-01-05 22:51:52,215 [INFO] CrossReferenceDbSqlite:203 - Set database path to: /Users/macbookpro/.stmcufinder/plugins/mcufinder//mcu/cs/
2026-01-05 22:51:52,233 [INFO] ApplicationProperties:184 - Using Application install path: /Applications/STM32CubeIDE.app/Contents/Eclipse/plugins/com.st.stm32cube.common.mx_6.15.0.202507011659
2026-01-05 22:51:52,235 [INFO] PluginManage:196 - Search for loadable plugins [exclusion list=, ]
2026-01-05 22:51:52,237 [INFO] PluginManage:310 - Check plugin analytics
2026-01-05 22:51:52,423 [INFO] AnalyticsPlugin:253 - Accepted Software Licenses: 
2026-01-05 22:51:52,423 [INFO] AnalyticsPlugin:255 - Accepted CMSIS Pack Licenses: 
2026-01-05 22:51:52,423 [INFO] AnalyticsPlugin:257 - Accepted Firmware Licenses: 
2026-01-05 22:51:52,426 [INFO] PluginManage:359 - Loaded plugin analytics (category:tool,tabindex:-1)
2026-01-05 22:51:52,426 [INFO] PluginManage:310 - Check plugin cadmodel
2026-01-05 22:51:52,432 [INFO] CADModel:105 - Init CAD model plugin
2026-01-05 22:51:52,432 [INFO] PluginManage:359 - Loaded plugin cadmodel (category:power,tabindex:5)
2026-01-05 22:51:52,432 [INFO] PluginManage:310 - Check plugin clock
2026-01-05 22:51:52,443 [INFO] PluginManage:359 - Loaded plugin clock (category:base,tabindex:2)
2026-01-05 22:51:52,443 [INFO] PluginManage:310 - Check plugin ddr
2026-01-05 22:51:52,446 [INFO] PluginManage:359 - Loaded plugin ddr (category:tool,tabindex:6)
2026-01-05 22:51:52,446 [INFO] PluginManage:310 - Check plugin filemanager
2026-01-05 22:51:52,611 [INFO] PluginManage:359 - Loaded plugin filemanager (category:base,tabindex:10)
2026-01-05 22:51:52,612 [INFO] PluginManage:310 - Check plugin ipmanager
2026-01-05 22:51:52,618 [INFO] PluginManage:359 - Loaded plugin ipmanager (category:base,tabindex:5)
2026-01-05 22:51:52,618 [INFO] PluginManage:310 - Check plugin lpbam
2026-01-05 22:51:52,629 [INFO] PluginManage:359 - Loaded plugin lpbam (category:base,tabindex:0)
2026-01-05 22:51:52,629 [INFO] PluginManage:310 - Check plugin memorymap
2026-01-05 22:51:52,644 [INFO] PluginManage:359 - Loaded plugin memorymap (category:base,tabindex:4)
2026-01-05 22:51:52,644 [INFO] PluginManage:310 - Check plugin pinoutandconfiguration
2026-01-05 22:51:52,654 [INFO] PluginManage:359 - Loaded plugin pinoutandconfiguration (category:base,tabindex:1)
2026-01-05 22:51:52,654 [INFO] PluginManage:310 - Check plugin pinoutconfig
2026-01-05 22:51:52,763 [WARN] SupportedApi:132 - Cannot load RTOS API schema: s4s-elt-must-match.1: The content of 'definitions' must match (annotation?, (simpleType | complexType)?, (unique | key | keyref)*)). A problem was found starting at: attribute.
2026-01-05 22:51:52,932 [INFO] PluginManage:359 - Loaded plugin pinoutconfig (category:base,tabindex:0)
2026-01-05 22:51:52,932 [INFO] PluginManage:310 - Check plugin power
2026-01-05 22:51:52,944 [INFO] PluginManage:359 - Loaded plugin power (category:power,tabindex:4)
2026-01-05 22:51:52,944 [INFO] PluginManage:310 - Check plugin projectmanager
2026-01-05 22:51:52,959 [INFO] PluginManage:359 - Loaded plugin projectmanager (category:projectmanager,tabindex:4)
2026-01-05 22:51:52,959 [INFO] PluginManage:310 - Check plugin rif
2026-01-05 22:51:52,971 [INFO] PluginManage:359 - Loaded plugin rif (category:base,tabindex:3)
2026-01-05 22:51:52,972 [INFO] PluginManage:310 - Check plugin thirdparty
2026-01-05 22:51:53,106 [INFO] PluginManage:359 - Loaded plugin thirdparty (category:base,tabindex:-1)
2026-01-05 22:51:53,106 [WARN] IntegrityCheckThread:84 - waiting for thirdparty lock release [integrity check]
2026-01-05 22:51:53,107 [INFO] PluginManage:310 - Check plugin tools
2026-01-05 22:51:53,107 [INFO] IntegrityCheckThread:86 - entering critical section [integrity check]
2026-01-05 22:51:53,107 [INFO] ThirdPartyUpdaterWithRetryManager:70 - Updater plugin not ready yet. [1/15]
2026-01-05 22:51:53,109 [INFO] PluginManage:359 - Loaded plugin tools (category:base,tabindex:7)
2026-01-05 22:51:53,109 [INFO] PluginManage:310 - Check plugin tutovideos
2026-01-05 22:51:53,347 [INFO] PluginManage:359 - Loaded plugin tutovideos (category:base,tabindex:-1)
2026-01-05 22:51:53,347 [INFO] PluginManage:310 - Check plugin updater
2026-01-05 22:51:53,371 [INFO] PluginManage:359 - Loaded plugin updater (category:base,tabindex:12)
2026-01-05 22:51:53,371 [INFO] PluginManage:310 - Check plugin userauth
2026-01-05 22:51:53,375 [INFO] UserAuth:118 - Init User Auth plugin
2026-01-05 22:51:53,376 [INFO] PluginManage:359 - Loaded plugin userauth (category:base,tabindex:14)
2026-01-05 22:51:53,377 [INFO] PluginManage:283 - PluginManage : Loaded plugins [18]
2026-01-05 22:51:53,604 [INFO] PinOutPanel:1589 - setPackage(No Configuration,No Configuration)
2026-01-05 22:51:53,705 [INFO] CADModel:165 - CPN selected for project level
2026-01-05 22:51:53,706 [INFO] CADModel:114 - Register for checkConnection events
2026-01-05 22:51:53,720 [INFO] IPUIPlugin:80 - create IPUIPlugin
2026-01-05 22:51:53,720 [INFO] PluginManager:220 - loadIPPluginJar : add mdma
2026-01-05 22:51:53,729 [INFO] IPUIPlugin:80 - create IPUIPlugin
2026-01-05 22:51:53,730 [INFO] PluginManager:220 - loadIPPluginJar : add freertos
2026-01-05 22:51:53,736 [INFO] IPUIPlugin:80 - create IPUIPlugin
2026-01-05 22:51:53,736 [INFO] PluginManager:220 - loadIPPluginJar : add gic
2026-01-05 22:51:53,747 [INFO] IPUIPlugin:80 - create IPUIPlugin
2026-01-05 22:51:53,747 [INFO] PluginManager:220 - loadIPPluginJar : add adc
2026-01-05 22:51:53,750 [INFO] IPUIPlugin:80 - create IPUIPlugin
2026-01-05 22:51:53,750 [INFO] PluginManager:220 - loadIPPluginJar : add gtzc
2026-01-05 22:51:53,752 [INFO] IPUIPlugin:80 - create IPUIPlugin
2026-01-05 22:51:53,752 [INFO] PluginManager:220 - loadIPPluginJar : add quadspi
2026-01-05 22:51:53,754 [INFO] IPUIPlugin:80 - create IPUIPlugin
2026-01-05 22:51:53,754 [INFO] PluginManager:220 - loadIPPluginJar : add aes
2026-01-05 22:51:53,758 [INFO] IPUIPlugin:80 - create IPUIPlugin
2026-01-05 22:51:53,758 [INFO] PluginManager:220 - loadIPPluginJar : add pdm2pcm
2026-01-05 22:51:53,760 [INFO] IPUIPlugin:80 - create IPUIPlugin
2026-01-05 22:51:53,760 [INFO] PluginManager:220 - loadIPPluginJar : add hash
2026-01-05 22:51:53,762 [INFO] IPUIPlugin:80 - create IPUIPlugin
2026-01-05 22:51:53,762 [INFO] PluginManager:220 - loadIPPluginJar : add tim
2026-01-05 22:51:53,763 [INFO] IPUIPlugin:80 - create IPUIPlugin
2026-01-05 22:51:53,764 [INFO] PluginManager:220 - loadIPPluginJar : add tsc
2026-01-05 22:51:53,767 [INFO] IPUIPlugin:80 - create IPUIPlugin
2026-01-05 22:51:53,767 [INFO] PluginManager:220 - loadIPPluginJar : add extmemmanager
2026-01-05 22:51:53,768 [INFO] IPUIPlugin:80 - create IPUIPlugin
2026-01-05 22:51:53,769 [INFO] PluginManager:220 - loadIPPluginJar : add ts
2026-01-05 22:51:53,770 [INFO] IPUIPlugin:80 - create IPUIPlugin
2026-01-05 22:51:53,770 [INFO] PluginManager:220 - loadIPPluginJar : add radio
2026-01-05 22:51:53,773 [INFO] IPUIPlugin:80 - create IPUIPlugin
2026-01-05 22:51:53,773 [INFO] PluginManager:220 - loadIPPluginJar : add can
2026-01-05 22:51:53,776 [INFO] IPUIPlugin:80 - create IPUIPlugin
2026-01-05 22:51:53,776 [INFO] PluginManager:220 - loadIPPluginJar : add dma3
2026-01-05 22:51:53,778 [INFO] IPUIPlugin:80 - create IPUIPlugin
2026-01-05 22:51:53,778 [INFO] PluginManager:220 - loadIPPluginJar : add dfsdm
2026-01-05 22:51:53,780 [INFO] IPUIPlugin:80 - create IPUIPlugin
2026-01-05 22:51:53,780 [INFO] PluginManager:220 - loadIPPluginJar : add spi
2026-01-05 22:51:53,782 [INFO] IPUIPlugin:80 - create IPUIPlugin
2026-01-05 22:51:53,782 [INFO] PluginManager:220 - loadIPPluginJar : add gfxmmu
2026-01-05 22:51:53,783 [INFO] IPUIPlugin:80 - create IPUIPlugin
2026-01-05 22:51:53,783 [INFO] PluginManager:220 - loadIPPluginJar : add genericplugin
2026-01-05 22:51:53,785 [INFO] IPUIPlugin:80 - create IPUIPlugin
2026-01-05 22:51:53,785 [INFO] PluginManager:220 - loadIPPluginJar : add cryp
2026-01-05 22:51:53,787 [INFO] IPUIPlugin:80 - create IPUIPlugin
2026-01-05 22:51:53,788 [INFO] PluginManager:220 - loadIPPluginJar : add gpio
2026-01-05 22:51:53,790 [INFO] IPUIPlugin:80 - create IPUIPlugin
2026-01-05 22:51:53,790 [INFO] PluginManager:220 - loadIPPluginJar : add ddr_ctrl_phy
2026-01-05 22:51:53,791 [INFO] IPUIPlugin:80 - create IPUIPlugin
2026-01-05 22:51:53,791 [INFO] PluginManager:220 - loadIPPluginJar : add comp
2026-01-05 22:51:53,792 [INFO] IPUIPlugin:80 - create IPUIPlugin
2026-01-05 22:51:53,792 [INFO] PluginManager:220 - loadIPPluginJar : add tracer_emb
2026-01-05 22:51:53,794 [INFO] IPUIPlugin:80 - create IPUIPlugin
2026-01-05 22:51:53,795 [INFO] PluginManager:220 - loadIPPluginJar : add openamp
2026-01-05 22:51:53,800 [INFO] IPUIPlugin:80 - create IPUIPlugin
2026-01-05 22:51:53,800 [INFO] PluginManager:220 - loadIPPluginJar : add stm32_wpan
2026-01-05 22:51:53,804 [INFO] IPUIPlugin:80 - create IPUIPlugin
2026-01-05 22:51:53,806 [INFO] PluginManager:220 - loadIPPluginJar : add plateformsettings
2026-01-05 22:51:53,808 [INFO] IPUIPlugin:80 - create IPUIPlugin
2026-01-05 22:51:53,809 [INFO] PluginManager:220 - loadIPPluginJar : add ipddr
2026-01-05 22:51:53,810 [INFO] IPUIPlugin:80 - create IPUIPlugin
2026-01-05 22:51:53,810 [INFO] PluginManager:220 - loadIPPluginJar : add usart
2026-01-05 22:51:53,811 [INFO] IPUIPlugin:80 - create IPUIPlugin
2026-01-05 22:51:53,811 [INFO] PluginManager:220 - loadIPPluginJar : add ltdc
2026-01-05 22:51:53,814 [INFO] IPUIPlugin:80 - create IPUIPlugin
2026-01-05 22:51:53,814 [INFO] PluginManager:220 - loadIPPluginJar : add nvic
2026-01-05 22:51:53,815 [INFO] IPUIPlugin:80 - create IPUIPlugin
2026-01-05 22:51:53,815 [INFO] PluginManager:220 - loadIPPluginJar : add fatfs
2026-01-05 22:51:53,821 [INFO] IPUIPlugin:80 - create IPUIPlugin
2026-01-05 22:51:53,821 [INFO] PluginManager:220 - loadIPPluginJar : add linkedlist
2026-01-05 22:51:53,825 [INFO] IPUIPlugin:80 - create IPUIPlugin
2026-01-05 22:51:53,825 [INFO] PluginManager:220 - loadIPPluginJar : add dma
2026-01-05 22:51:53,828 [INFO] IPUIPlugin:80 - create IPUIPlugin
2026-01-05 22:51:53,828 [INFO] PluginManager:220 - loadIPPluginJar : add fmc
2026-01-05 22:51:53,830 [INFO] IPUIPlugin:80 - create IPUIPlugin
2026-01-05 22:51:53,830 [INFO] PluginManager:220 - loadIPPluginJar : add i2s
2026-01-05 22:51:53,832 [INFO] IPUIPlugin:80 - create IPUIPlugin
2026-01-05 22:51:53,832 [INFO] PluginManager:220 - loadIPPluginJar : add ucpd
2026-01-05 22:51:53,833 [INFO] IPUIPlugin:80 - create IPUIPlugin
2026-01-05 22:51:53,833 [INFO] PluginManager:220 - loadIPPluginJar : add lorawan
2026-01-05 22:51:53,835 [INFO] IPUIPlugin:80 - create IPUIPlugin
2026-01-05 22:51:53,835 [INFO] PluginManager:220 - loadIPPluginJar : add opamp
2026-01-05 22:51:53,837 [INFO] IPUIPlugin:80 - create IPUIPlugin
2026-01-05 22:51:53,837 [INFO] PluginManager:220 - loadIPPluginJar : add i3c
2026-01-05 22:51:53,839 [INFO] IPUIPlugin:80 - create IPUIPlugin
2026-01-05 22:51:53,839 [INFO] PluginManager:220 - loadIPPluginJar : add touchsensing
2026-01-05 22:51:53,841 [INFO] IPUIPlugin:80 - create IPUIPlugin
2026-01-05 22:51:53,841 [INFO] PluginManager:220 - loadIPPluginJar : add i2c
2026-01-05 22:51:53,843 [INFO] IPUIPlugin:80 - create IPUIPlugin
2026-01-05 22:51:53,843 [INFO] PluginManager:220 - loadIPPluginJar : add resmgrutility
2026-01-05 22:51:53,845 [INFO] IPUIPlugin:80 - create IPUIPlugin
2026-01-05 22:51:53,845 [INFO] PluginManager:220 - loadIPPluginJar : add sai
2026-01-05 22:51:53,847 [INFO] IPUIPlugin:80 - create IPUIPlugin
2026-01-05 22:51:53,847 [INFO] PluginManager:220 - loadIPPluginJar : add usbx
2026-01-05 22:51:53,948 [FATAL] Updater:351 - Updater called before beeing initialized
2026-01-05 22:51:53,976 [INFO] RulesReader:64 - Compatibility file has been processed (317 Rules)
2026-01-05 22:51:53,987 [INFO] RulesReader:64 - Compatibility file has been processed (317 Rules)
2026-01-05 22:51:53,993 [INFO] CADModel:165 - CPN selected for project level
2026-01-05 22:51:53,993 [INFO] CADModel:114 - Register for checkConnection events
2026-01-05 22:51:53,994 [FATAL] Updater:351 - Updater called before beeing initialized
2026-01-05 22:51:53,994 [ERROR] CADModel:125 - Updater not yet initialized, retry later 
2026-01-05 22:51:54,170 [FATAL] Updater:351 - Updater called before beeing initialized
2026-01-05 22:51:54,173 [INFO] CADModel:165 - CPN selected for project level
2026-01-05 22:51:54,173 [INFO] CADModel:114 - Register for checkConnection events
2026-01-05 22:51:54,173 [FATAL] Updater:351 - Updater called before beeing initialized
2026-01-05 22:51:54,173 [ERROR] CADModel:125 - Updater not yet initialized, retry later 
2026-01-05 22:51:54,177 [FATAL] Updater:351 - Updater called before beeing initialized
2026-01-05 22:51:54,256 [FATAL] Updater:351 - Updater called before beeing initialized
2026-01-05 22:51:54,261 [INFO] DbMcusAds:53 - JSON generation date=Tue Jul 08 11:14:23 TRT 2025 (1751962463524)
2026-01-05 22:51:54,261 [FATAL] Updater:351 - Updater called before beeing initialized
2026-01-05 22:51:54,331 [WARN] DetailPanel:346 - Failed to get advertising image, set to default
2026-01-05 22:51:54,432 [FATAL] Updater:351 - Updater called before beeing initialized
2026-01-05 22:51:54,434 [FATAL] Updater:351 - Updater called before beeing initialized
2026-01-05 22:51:54,434 [FATAL] Updater:351 - Updater called before beeing initialized
2026-01-05 22:51:54,434 [WARN] DetailPanel:346 - Failed to get advertising image, set to default
2026-01-05 22:51:54,435 [FATAL] Updater:351 - Updater called before beeing initialized
2026-01-05 22:51:54,469 [ERROR] Updater:1198 - MainUpdater not yet initialized. External WinMGr cannot be set.
2026-01-05 22:51:54,471 [INFO] Updater:1134 - Updater Version found : 6.15.0
2026-01-05 22:51:54,492 [INFO] ApplicationProperties:184 - Using Application install path: /Applications/STM32CubeIDE.app/Contents/Eclipse/plugins/com.st.stm32cube.common.mx_6.15.0.202507011659
2026-01-05 22:51:56,110 [INFO] ThirdPartyUpdaterWithRetryManager:70 - Updater plugin not ready yet. [2/15]
2026-01-05 22:51:58,094 [WARN] CheckConnectionManager:291 - Warning during Server Connection :  timeout Read timed out
2026-01-05 22:51:59,111 [FATAL] Updater:351 - Updater called before beeing initialized
2026-01-05 22:51:59,111 [ERROR] IntegrityCheckThread:130 - Cannot retrieve database content from updater: error 21
2026-01-05 22:51:59,111 [INFO] ThirdParty:978 - Integrity check success = false
2026-01-05 22:51:59,112 [INFO] IntegrityCheckThread:100 - exiting critical section [integrity check]
2026-01-05 22:51:59,112 [INFO] IntegrityCheckThread:103 - End integrity checks thread
2026-01-05 22:51:59,565 [INFO] MainUpdater:2872 - connection check result : 10
2026-01-05 22:51:59,566 [INFO] MainUpdater:289 - Updater Check For Update Now.
2026-01-05 22:51:59,566 [INFO] MicroXplorer:498 - Change Database Version : DB.6.0.150
2026-01-05 22:51:59,573 [INFO] McuFinderGlobals:63 - Set McuFinder mode to 2 (CubeIDE integrated)
2026-01-05 22:51:59,573 [INFO] UserAuth:171 - activating auth plugin
2026-01-05 22:51:59,577 [INFO] UserAuth:487 - Internet connection configuration mode: 1
2026-01-05 22:51:59,605 [INFO] JxBrowserEngine:152 - Initiate JxBrowser Engine with user profile folder
2026-01-05 22:51:59,776 [INFO] CheckServerUpdateThread:120 - End of CheckServer Thread
2026-01-05 22:52:01,553 [INFO] WebApp:169 - Instantiating new browser for Auth
2026-01-05 22:52:02,580 [INFO] WebApp:463 - Apply proxy settings
2026-01-05 22:52:02,612 [INFO] WebApp:508 - Chromium authenticates against Manually configured proxy
2026-01-05 22:52:02,650 [INFO] WebApp:516 - Username used for proxy authentication: 
2026-01-05 22:52:02,706 [INFO] WebApp:900 - Register for checkConnection events
2026-01-05 22:52:02,736 [INFO] WebApp:463 - Apply proxy settings
2026-01-05 22:52:02,779 [INFO] WebApp:508 - Chromium authenticates against Manually configured proxy
2026-01-05 22:52:02,799 [INFO] WebApp:516 - Username used for proxy authentication: 
2026-01-05 22:52:03,061 [INFO] WebApp:225 - Starting web application
2026-01-05 22:52:03,068 [INFO] WebApp:593 - Web application path used /Applications/STM32CubeIDE.app/Contents/Eclipse/plugins/com.st.stm32cube.common.mx_6.15.0.202507011659/db/plugins/mcufinder/reactClient1/index.html
2026-01-05 22:52:04,036 [INFO] WebApp:191 - Connection restablished
2026-01-05 22:58:29,912 [INFO] WebApp:194 - Connection lost
2026-01-05 22:58:30,180 [INFO] WebApp:191 - Connection restablished
2026-01-05 22:58:34,543 [INFO] WebApp:194 - Connection lost
2026-01-05 22:58:34,720 [INFO] WebApp:191 - Connection restablished
2026-01-05 23:03:27,366 [INFO] WebApp:194 - Connection lost
2026-01-05 23:03:27,604 [INFO] WebApp:191 - Connection restablished
2026-01-05 23:03:31,462 [INFO] WebApp:194 - Connection lost
2026-01-05 23:03:31,660 [INFO] WebApp:191 - Connection restablished
2026-01-05 23:07:17,871 [INFO] WebApp:194 - Connection lost
2026-01-05 23:07:22,829 [INFO] WebApp:191 - Connection restablished
2026-01-05 23:07:42,128 [ERROR] ConfigurationRetriever:142 - IOException on connection: Connect timed out
2026-01-05 23:07:44,130 [ERROR] ConfigurationRetriever:142 - IOException on connection: Connect timed out
2026-01-05 23:07:46,132 [ERROR] ConfigurationRetriever:142 - IOException on connection: Connect timed out
2026-01-05 23:07:46,743 [ERROR] LogOutputStream:75 - [STDERR_REDIRECT] 
