2025-12-29 16:16:02,495 [INFO] Activator:176 - 


2025-12-29 16:16:02,502 [INFO] Activator:177 - !SESSION log4j initialized
2025-12-29 16:16:03,670 [INFO] LogOutputStream:77 - [STDOUT_REDIRECT] 
2025-12-29 16:16:06,554 [ERROR] LogOutputStream:75 - [STDERR_REDIRECT] 
2025-12-29 16:16:08,664 [INFO] LogOutputStream:77 - [STDOUT_REDIRECT] 
2025-12-29 16:16:09,966 [INFO] ApplicationProperties:184 - Using Application install path: /Applications/STM32CubeIDE.app/Contents/Eclipse/plugins/com.st.stm32cube.common.mx_6.15.0.202507011659
2025-12-29 16:16:09,984 [INFO] DbMcusXml:78 - Set database path to: /Applications/STM32CubeIDE.app/Contents/Eclipse/plugins/com.st.stm32cube.common.mx_6.15.0.202507011659//db//mcu/
2025-12-29 16:16:09,984 [INFO] ApiDb:274 - Set plugin database path to: /Applications/STM32CubeIDE.app/Contents/Eclipse/plugins/com.st.stm32cube.common.mx_6.15.0.202507011659//db//plugins/boardmanager/
2025-12-29 16:16:09,984 [WARN] ApiDb:259 - Overriding images path with different value:  => /Applications/STM32CubeIDE.app/Contents/Eclipse/plugins/com.st.stm32cube.common.mx_6.15.0.202507011659//db//plugins/mcufinder/images/
2025-12-29 16:16:09,992 [INFO] ApiDb:250 - Set database path to: /Users/macbookpro/.stmcufinder/plugins/mcufinder//mcu/
2025-12-29 16:16:09,993 [INFO] DbMcusAds:125 - Set database path to: /Users/macbookpro/.stmcufinder/plugins/mcufinder//mcu/
2025-12-29 16:16:09,996 [INFO] CrossReferenceDbSqlite:203 - Set database path to: /Users/macbookpro/.stmcufinder/plugins/mcufinder//mcu/cs/
2025-12-29 16:16:10,127 [INFO] RulesReader:64 - Compatibility file has been processed (317 Rules)
2025-12-29 16:16:10,192 [INFO] DbMcusXml:78 - Set database path to: /Applications/STM32CubeIDE.app/Contents/Eclipse/plugins/com.st.stm32cube.common.mx_6.15.0.202507011659//db//mcu/
2025-12-29 16:16:10,192 [INFO] ApiDb:274 - Set plugin database path to: /Applications/STM32CubeIDE.app/Contents/Eclipse/plugins/com.st.stm32cube.common.mx_6.15.0.202507011659//db//plugins/boardmanager/
2025-12-29 16:16:10,192 [INFO] ApiDb:261 - Set plugin images path to: /Applications/STM32CubeIDE.app/Contents/Eclipse/plugins/com.st.stm32cube.common.mx_6.15.0.202507011659//db//plugins/mcufinder/images/
2025-12-29 16:16:10,192 [WARN] DbFile:41 - Overriding database path with different value: /Users/macbookpro/.stmcufinder/plugins/mcufinder/ => /Users/macbookpro/.stmcufinder/plugins/mcufinder
2025-12-29 16:16:10,193 [INFO] ApiDb:250 - Set database path to: /Users/macbookpro/.stmcufinder/plugins/mcufinder//mcu/
2025-12-29 16:16:10,193 [WARN] DbFile:41 - Overriding database path with different value: /Users/macbookpro/.stmcufinder/plugins/mcufinder/ => /Users/macbookpro/.stmcufinder/plugins/mcufinder
2025-12-29 16:16:10,193 [INFO] DbMcusAds:125 - Set database path to: /Users/macbookpro/.stmcufinder/plugins/mcufinder//mcu/
2025-12-29 16:16:10,193 [WARN] DbFile:41 - Overriding database path with different value: /Users/macbookpro/.stmcufinder/plugins/mcufinder/ => /Users/macbookpro/.stmcufinder/plugins/mcufinder
2025-12-29 16:16:10,193 [WARN] DbFile:41 - Overriding database path with different value: /Users/macbookpro/.stmcufinder/plugins/mcufinder/ => /Users/macbookpro/.stmcufinder/plugins/mcufinder
2025-12-29 16:16:10,193 [INFO] CrossReferenceDbSqlite:203 - Set database path to: /Users/macbookpro/.stmcufinder/plugins/mcufinder//mcu/cs/
2025-12-29 16:16:10,296 [INFO] MainPanel:274 - HeapMemory: 268435456
2025-12-29 16:16:11,413 [INFO] DbMcusXml:78 - Set database path to: /Applications/STM32CubeIDE.app/Contents/Eclipse/plugins/com.st.stm32cube.common.mx_6.15.0.202507011659//db//mcu/
2025-12-29 16:16:11,414 [INFO] ApiDb:274 - Set plugin database path to: /Applications/STM32CubeIDE.app/Contents/Eclipse/plugins/com.st.stm32cube.common.mx_6.15.0.202507011659//db//plugins/boardmanager/
2025-12-29 16:16:11,414 [INFO] ApiDb:261 - Set plugin images path to: /Applications/STM32CubeIDE.app/Contents/Eclipse/plugins/com.st.stm32cube.common.mx_6.15.0.202507011659//db//plugins/mcufinder/images/
2025-12-29 16:16:11,414 [WARN] DbFile:41 - Overriding database path with different value: /Users/macbookpro/.stmcufinder/plugins/mcufinder/ => /Users/macbookpro/.stmcufinder/plugins/mcufinder
2025-12-29 16:16:11,414 [INFO] ApiDb:250 - Set database path to: /Users/macbookpro/.stmcufinder/plugins/mcufinder//mcu/
2025-12-29 16:16:11,414 [WARN] DbFile:41 - Overriding database path with different value: /Users/macbookpro/.stmcufinder/plugins/mcufinder/ => /Users/macbookpro/.stmcufinder/plugins/mcufinder
2025-12-29 16:16:11,414 [INFO] DbMcusAds:125 - Set database path to: /Users/macbookpro/.stmcufinder/plugins/mcufinder//mcu/
2025-12-29 16:16:11,414 [WARN] DbFile:41 - Overriding database path with different value: /Users/macbookpro/.stmcufinder/plugins/mcufinder/ => /Users/macbookpro/.stmcufinder/plugins/mcufinder
2025-12-29 16:16:11,414 [WARN] DbFile:41 - Overriding database path with different value: /Users/macbookpro/.stmcufinder/plugins/mcufinder/ => /Users/macbookpro/.stmcufinder/plugins/mcufinder
2025-12-29 16:16:11,415 [INFO] CrossReferenceDbSqlite:203 - Set database path to: /Users/macbookpro/.stmcufinder/plugins/mcufinder//mcu/cs/
2025-12-29 16:16:11,439 [INFO] ApplicationProperties:184 - Using Application install path: /Applications/STM32CubeIDE.app/Contents/Eclipse/plugins/com.st.stm32cube.common.mx_6.15.0.202507011659
2025-12-29 16:16:11,441 [INFO] PluginManage:196 - Search for loadable plugins [exclusion list=, ]
2025-12-29 16:16:11,443 [INFO] PluginManage:310 - Check plugin analytics
2025-12-29 16:16:11,720 [INFO] AnalyticsPlugin:253 - Accepted Software Licenses: 
2025-12-29 16:16:11,720 [INFO] AnalyticsPlugin:255 - Accepted CMSIS Pack Licenses: 
2025-12-29 16:16:11,720 [INFO] AnalyticsPlugin:257 - Accepted Firmware Licenses: 
2025-12-29 16:16:11,724 [INFO] PluginManage:359 - Loaded plugin analytics (category:tool,tabindex:-1)
2025-12-29 16:16:11,726 [INFO] PluginManage:310 - Check plugin cadmodel
2025-12-29 16:16:11,735 [INFO] CADModel:105 - Init CAD model plugin
2025-12-29 16:16:11,735 [INFO] PluginManage:359 - Loaded plugin cadmodel (category:power,tabindex:5)
2025-12-29 16:16:11,736 [INFO] PluginManage:310 - Check plugin clock
2025-12-29 16:16:11,752 [INFO] PluginManage:359 - Loaded plugin clock (category:base,tabindex:2)
2025-12-29 16:16:11,753 [INFO] PluginManage:310 - Check plugin ddr
2025-12-29 16:16:11,757 [INFO] PluginManage:359 - Loaded plugin ddr (category:tool,tabindex:6)
2025-12-29 16:16:11,757 [INFO] PluginManage:310 - Check plugin filemanager
2025-12-29 16:16:12,032 [INFO] PluginManage:359 - Loaded plugin filemanager (category:base,tabindex:10)
2025-12-29 16:16:12,032 [INFO] PluginManage:310 - Check plugin ipmanager
2025-12-29 16:16:12,043 [INFO] PluginManage:359 - Loaded plugin ipmanager (category:base,tabindex:5)
2025-12-29 16:16:12,044 [INFO] PluginManage:310 - Check plugin lpbam
2025-12-29 16:16:12,072 [INFO] PluginManage:359 - Loaded plugin lpbam (category:base,tabindex:0)
2025-12-29 16:16:12,072 [INFO] PluginManage:310 - Check plugin memorymap
2025-12-29 16:16:12,099 [INFO] PluginManage:359 - Loaded plugin memorymap (category:base,tabindex:4)
2025-12-29 16:16:12,099 [INFO] PluginManage:310 - Check plugin pinoutandconfiguration
2025-12-29 16:16:12,118 [INFO] PluginManage:359 - Loaded plugin pinoutandconfiguration (category:base,tabindex:1)
2025-12-29 16:16:12,118 [INFO] PluginManage:310 - Check plugin pinoutconfig
2025-12-29 16:16:12,277 [WARN] SupportedApi:132 - Cannot load RTOS API schema: s4s-elt-must-match.1: The content of 'definitions' must match (annotation?, (simpleType | complexType)?, (unique | key | keyref)*)). A problem was found starting at: attribute.
2025-12-29 16:16:12,459 [INFO] PluginManage:359 - Loaded plugin pinoutconfig (category:base,tabindex:0)
2025-12-29 16:16:12,459 [INFO] PluginManage:310 - Check plugin power
2025-12-29 16:16:12,478 [INFO] PluginManage:359 - Loaded plugin power (category:power,tabindex:4)
2025-12-29 16:16:12,479 [INFO] PluginManage:310 - Check plugin projectmanager
2025-12-29 16:16:12,518 [INFO] PluginManage:359 - Loaded plugin projectmanager (category:projectmanager,tabindex:4)
2025-12-29 16:16:12,518 [INFO] PluginManage:310 - Check plugin rif
2025-12-29 16:16:12,545 [INFO] PluginManage:359 - Loaded plugin rif (category:base,tabindex:3)
2025-12-29 16:16:12,545 [INFO] PluginManage:310 - Check plugin thirdparty
2025-12-29 16:16:12,709 [INFO] PluginManage:359 - Loaded plugin thirdparty (category:base,tabindex:-1)
2025-12-29 16:16:12,709 [WARN] IntegrityCheckThread:84 - waiting for thirdparty lock release [integrity check]
2025-12-29 16:16:12,709 [INFO] PluginManage:310 - Check plugin tools
2025-12-29 16:16:12,709 [INFO] IntegrityCheckThread:86 - entering critical section [integrity check]
2025-12-29 16:16:12,710 [INFO] ThirdPartyUpdaterWithRetryManager:70 - Updater plugin not ready yet. [1/15]
2025-12-29 16:16:12,712 [INFO] PluginManage:359 - Loaded plugin tools (category:base,tabindex:7)
2025-12-29 16:16:12,712 [INFO] PluginManage:310 - Check plugin tutovideos
2025-12-29 16:16:13,036 [INFO] PluginManage:359 - Loaded plugin tutovideos (category:base,tabindex:-1)
2025-12-29 16:16:13,036 [INFO] PluginManage:310 - Check plugin updater
2025-12-29 16:16:13,059 [INFO] PluginManage:359 - Loaded plugin updater (category:base,tabindex:12)
2025-12-29 16:16:13,060 [INFO] PluginManage:310 - Check plugin userauth
2025-12-29 16:16:13,065 [INFO] UserAuth:118 - Init User Auth plugin
2025-12-29 16:16:13,067 [INFO] PluginManage:359 - Loaded plugin userauth (category:base,tabindex:14)
2025-12-29 16:16:13,068 [INFO] PluginManage:283 - PluginManage : Loaded plugins [18]
2025-12-29 16:16:13,283 [INFO] PinOutPanel:1589 - setPackage(No Configuration,No Configuration)
2025-12-29 16:16:13,368 [INFO] CADModel:165 - CPN selected for project level
2025-12-29 16:16:13,368 [INFO] CADModel:114 - Register for checkConnection events
2025-12-29 16:16:13,383 [INFO] IPUIPlugin:80 - create IPUIPlugin
2025-12-29 16:16:13,383 [INFO] PluginManager:220 - loadIPPluginJar : add mdma
2025-12-29 16:16:13,391 [INFO] IPUIPlugin:80 - create IPUIPlugin
2025-12-29 16:16:13,391 [INFO] PluginManager:220 - loadIPPluginJar : add freertos
2025-12-29 16:16:13,397 [INFO] IPUIPlugin:80 - create IPUIPlugin
2025-12-29 16:16:13,397 [INFO] PluginManager:220 - loadIPPluginJar : add gic
2025-12-29 16:16:13,408 [INFO] IPUIPlugin:80 - create IPUIPlugin
2025-12-29 16:16:13,408 [INFO] PluginManager:220 - loadIPPluginJar : add adc
2025-12-29 16:16:13,411 [INFO] IPUIPlugin:80 - create IPUIPlugin
2025-12-29 16:16:13,411 [INFO] PluginManager:220 - loadIPPluginJar : add gtzc
2025-12-29 16:16:13,412 [INFO] IPUIPlugin:80 - create IPUIPlugin
2025-12-29 16:16:13,412 [INFO] PluginManager:220 - loadIPPluginJar : add quadspi
2025-12-29 16:16:13,415 [INFO] IPUIPlugin:80 - create IPUIPlugin
2025-12-29 16:16:13,415 [INFO] PluginManager:220 - loadIPPluginJar : add aes
2025-12-29 16:16:13,418 [INFO] IPUIPlugin:80 - create IPUIPlugin
2025-12-29 16:16:13,418 [INFO] PluginManager:220 - loadIPPluginJar : add pdm2pcm
2025-12-29 16:16:13,421 [INFO] IPUIPlugin:80 - create IPUIPlugin
2025-12-29 16:16:13,421 [INFO] PluginManager:220 - loadIPPluginJar : add hash
2025-12-29 16:16:13,423 [INFO] IPUIPlugin:80 - create IPUIPlugin
2025-12-29 16:16:13,423 [INFO] PluginManager:220 - loadIPPluginJar : add tim
2025-12-29 16:16:13,424 [INFO] IPUIPlugin:80 - create IPUIPlugin
2025-12-29 16:16:13,424 [INFO] PluginManager:220 - loadIPPluginJar : add tsc
2025-12-29 16:16:13,427 [INFO] IPUIPlugin:80 - create IPUIPlugin
2025-12-29 16:16:13,427 [INFO] PluginManager:220 - loadIPPluginJar : add extmemmanager
2025-12-29 16:16:13,429 [INFO] IPUIPlugin:80 - create IPUIPlugin
2025-12-29 16:16:13,429 [INFO] PluginManager:220 - loadIPPluginJar : add ts
2025-12-29 16:16:13,431 [INFO] IPUIPlugin:80 - create IPUIPlugin
2025-12-29 16:16:13,431 [INFO] PluginManager:220 - loadIPPluginJar : add radio
2025-12-29 16:16:13,434 [INFO] IPUIPlugin:80 - create IPUIPlugin
2025-12-29 16:16:13,434 [INFO] PluginManager:220 - loadIPPluginJar : add can
2025-12-29 16:16:13,436 [INFO] IPUIPlugin:80 - create IPUIPlugin
2025-12-29 16:16:13,436 [INFO] PluginManager:220 - loadIPPluginJar : add dma3
2025-12-29 16:16:13,439 [INFO] IPUIPlugin:80 - create IPUIPlugin
2025-12-29 16:16:13,439 [INFO] PluginManager:220 - loadIPPluginJar : add dfsdm
2025-12-29 16:16:13,441 [INFO] IPUIPlugin:80 - create IPUIPlugin
2025-12-29 16:16:13,441 [INFO] PluginManager:220 - loadIPPluginJar : add spi
2025-12-29 16:16:13,443 [INFO] IPUIPlugin:80 - create IPUIPlugin
2025-12-29 16:16:13,443 [INFO] PluginManager:220 - loadIPPluginJar : add gfxmmu
2025-12-29 16:16:13,444 [INFO] IPUIPlugin:80 - create IPUIPlugin
2025-12-29 16:16:13,444 [INFO] PluginManager:220 - loadIPPluginJar : add genericplugin
2025-12-29 16:16:13,446 [INFO] IPUIPlugin:80 - create IPUIPlugin
2025-12-29 16:16:13,446 [INFO] PluginManager:220 - loadIPPluginJar : add cryp
2025-12-29 16:16:13,450 [INFO] IPUIPlugin:80 - create IPUIPlugin
2025-12-29 16:16:13,450 [INFO] PluginManager:220 - loadIPPluginJar : add gpio
2025-12-29 16:16:13,452 [INFO] IPUIPlugin:80 - create IPUIPlugin
2025-12-29 16:16:13,453 [INFO] PluginManager:220 - loadIPPluginJar : add ddr_ctrl_phy
2025-12-29 16:16:13,454 [INFO] IPUIPlugin:80 - create IPUIPlugin
2025-12-29 16:16:13,454 [INFO] PluginManager:220 - loadIPPluginJar : add comp
2025-12-29 16:16:13,456 [INFO] IPUIPlugin:80 - create IPUIPlugin
2025-12-29 16:16:13,456 [INFO] PluginManager:220 - loadIPPluginJar : add tracer_emb
2025-12-29 16:16:13,458 [INFO] IPUIPlugin:80 - create IPUIPlugin
2025-12-29 16:16:13,458 [INFO] PluginManager:220 - loadIPPluginJar : add openamp
2025-12-29 16:16:13,464 [INFO] IPUIPlugin:80 - create IPUIPlugin
2025-12-29 16:16:13,464 [INFO] PluginManager:220 - loadIPPluginJar : add stm32_wpan
2025-12-29 16:16:13,471 [INFO] IPUIPlugin:80 - create IPUIPlugin
2025-12-29 16:16:13,473 [INFO] PluginManager:220 - loadIPPluginJar : add plateformsettings
2025-12-29 16:16:13,477 [INFO] IPUIPlugin:80 - create IPUIPlugin
2025-12-29 16:16:13,477 [INFO] PluginManager:220 - loadIPPluginJar : add ipddr
2025-12-29 16:16:13,480 [INFO] IPUIPlugin:80 - create IPUIPlugin
2025-12-29 16:16:13,480 [INFO] PluginManager:220 - loadIPPluginJar : add usart
2025-12-29 16:16:13,481 [INFO] IPUIPlugin:80 - create IPUIPlugin
2025-12-29 16:16:13,481 [INFO] PluginManager:220 - loadIPPluginJar : add ltdc
2025-12-29 16:16:13,485 [INFO] IPUIPlugin:80 - create IPUIPlugin
2025-12-29 16:16:13,485 [INFO] PluginManager:220 - loadIPPluginJar : add nvic
2025-12-29 16:16:13,486 [INFO] IPUIPlugin:80 - create IPUIPlugin
2025-12-29 16:16:13,486 [INFO] PluginManager:220 - loadIPPluginJar : add fatfs
2025-12-29 16:16:13,494 [INFO] IPUIPlugin:80 - create IPUIPlugin
2025-12-29 16:16:13,495 [INFO] PluginManager:220 - loadIPPluginJar : add linkedlist
2025-12-29 16:16:13,500 [INFO] IPUIPlugin:80 - create IPUIPlugin
2025-12-29 16:16:13,500 [INFO] PluginManager:220 - loadIPPluginJar : add dma
2025-12-29 16:16:13,505 [INFO] IPUIPlugin:80 - create IPUIPlugin
2025-12-29 16:16:13,505 [INFO] PluginManager:220 - loadIPPluginJar : add fmc
2025-12-29 16:16:13,507 [INFO] IPUIPlugin:80 - create IPUIPlugin
2025-12-29 16:16:13,508 [INFO] PluginManager:220 - loadIPPluginJar : add i2s
2025-12-29 16:16:13,509 [INFO] IPUIPlugin:80 - create IPUIPlugin
2025-12-29 16:16:13,509 [INFO] PluginManager:220 - loadIPPluginJar : add ucpd
2025-12-29 16:16:13,511 [INFO] IPUIPlugin:80 - create IPUIPlugin
2025-12-29 16:16:13,511 [INFO] PluginManager:220 - loadIPPluginJar : add lorawan
2025-12-29 16:16:13,514 [INFO] IPUIPlugin:80 - create IPUIPlugin
2025-12-29 16:16:13,514 [INFO] PluginManager:220 - loadIPPluginJar : add opamp
2025-12-29 16:16:13,517 [INFO] IPUIPlugin:80 - create IPUIPlugin
2025-12-29 16:16:13,518 [INFO] PluginManager:220 - loadIPPluginJar : add i3c
2025-12-29 16:16:13,521 [INFO] IPUIPlugin:80 - create IPUIPlugin
2025-12-29 16:16:13,522 [INFO] PluginManager:220 - loadIPPluginJar : add touchsensing
2025-12-29 16:16:13,525 [INFO] IPUIPlugin:80 - create IPUIPlugin
2025-12-29 16:16:13,525 [INFO] PluginManager:220 - loadIPPluginJar : add i2c
2025-12-29 16:16:13,528 [INFO] IPUIPlugin:80 - create IPUIPlugin
2025-12-29 16:16:13,528 [INFO] PluginManager:220 - loadIPPluginJar : add resmgrutility
2025-12-29 16:16:13,531 [INFO] IPUIPlugin:80 - create IPUIPlugin
2025-12-29 16:16:13,531 [INFO] PluginManager:220 - loadIPPluginJar : add sai
2025-12-29 16:16:13,534 [INFO] IPUIPlugin:80 - create IPUIPlugin
2025-12-29 16:16:13,534 [INFO] PluginManager:220 - loadIPPluginJar : add usbx
2025-12-29 16:16:13,639 [FATAL] Updater:351 - Updater called before beeing initialized
2025-12-29 16:16:13,679 [INFO] RulesReader:64 - Compatibility file has been processed (317 Rules)
2025-12-29 16:16:13,692 [INFO] RulesReader:64 - Compatibility file has been processed (317 Rules)
2025-12-29 16:16:13,704 [INFO] CADModel:165 - CPN selected for project level
2025-12-29 16:16:13,704 [INFO] CADModel:114 - Register for checkConnection events
2025-12-29 16:16:13,704 [FATAL] Updater:351 - Updater called before beeing initialized
2025-12-29 16:16:13,704 [ERROR] CADModel:125 - Updater not yet initialized, retry later 
2025-12-29 16:16:14,017 [FATAL] Updater:351 - Updater called before beeing initialized
2025-12-29 16:16:14,021 [INFO] CADModel:165 - CPN selected for project level
2025-12-29 16:16:14,021 [INFO] CADModel:114 - Register for checkConnection events
2025-12-29 16:16:14,021 [FATAL] Updater:351 - Updater called before beeing initialized
2025-12-29 16:16:14,021 [ERROR] CADModel:125 - Updater not yet initialized, retry later 
2025-12-29 16:16:14,029 [FATAL] Updater:351 - Updater called before beeing initialized
2025-12-29 16:16:14,176 [FATAL] Updater:351 - Updater called before beeing initialized
2025-12-29 16:16:14,187 [INFO] DbMcusAds:53 - JSON generation date=Tue Jul 08 11:14:23 TRT 2025 (1751962463524)
2025-12-29 16:16:14,188 [FATAL] Updater:351 - Updater called before beeing initialized
2025-12-29 16:16:14,308 [WARN] DetailPanel:346 - Failed to get advertising image, set to default
2025-12-29 16:16:14,433 [FATAL] Updater:351 - Updater called before beeing initialized
2025-12-29 16:16:14,435 [FATAL] Updater:351 - Updater called before beeing initialized
2025-12-29 16:16:14,435 [FATAL] Updater:351 - Updater called before beeing initialized
2025-12-29 16:16:14,435 [WARN] DetailPanel:346 - Failed to get advertising image, set to default
2025-12-29 16:16:14,436 [FATAL] Updater:351 - Updater called before beeing initialized
2025-12-29 16:16:14,482 [ERROR] Updater:1198 - MainUpdater not yet initialized. External WinMGr cannot be set.
2025-12-29 16:16:14,486 [INFO] Updater:1134 - Updater Version found : 6.15.0
2025-12-29 16:16:14,516 [INFO] ApplicationProperties:184 - Using Application install path: /Applications/STM32CubeIDE.app/Contents/Eclipse/plugins/com.st.stm32cube.common.mx_6.15.0.202507011659
2025-12-29 16:16:15,097 [INFO] MainUpdater:2872 - connection check result : 10
2025-12-29 16:16:15,098 [INFO] MainUpdater:289 - Updater Check For Update Now.
2025-12-29 16:16:15,098 [INFO] MicroXplorer:498 - Change Database Version : DB.6.0.150
2025-12-29 16:16:15,105 [INFO] McuFinderGlobals:63 - Set McuFinder mode to 2 (CubeIDE integrated)
2025-12-29 16:16:15,106 [INFO] UserAuth:171 - activating auth plugin
2025-12-29 16:16:15,110 [INFO] UserAuth:487 - Internet connection configuration mode: 1
2025-12-29 16:16:15,152 [INFO] JxBrowserEngine:152 - Initiate JxBrowser Engine with user profile folder
2025-12-29 16:16:15,322 [INFO] CheckServerUpdateThread:120 - End of CheckServer Thread
2025-12-29 16:16:15,967 [WARN] PackLoader:240 - Cannot read IP mode file for STMicroelectronics.FP-SNS-MOTENVWB1.1.4.0
2025-12-29 16:16:15,979 [WARN] PackLoader:240 - Cannot read IP mode file for STMicroelectronics.FP-ATR-ASTRA1.2.0.2
2025-12-29 16:16:15,994 [WARN] PackLoader:240 - Cannot read IP mode file for STMicroelectronics.X-CUBE-SMBUS.2.1.0
2025-12-29 16:16:16,003 [WARN] PackLoader:240 - Cannot read IP mode file for STMicroelectronics.X-CUBE-ST60.1.0.0
2025-12-29 16:16:16,043 [WARN] PackLoader:240 - Cannot read IP mode file for STMicroelectronics.X-CUBE-AZRTOS-F7.1.1.0
2025-12-29 16:16:16,058 [WARN] PackLoader:240 - Cannot read IP mode file for STMicroelectronics.FP-SNS-MOTENV1.5.1.0
2025-12-29 16:16:16,073 [WARN] PackLoader:240 - Cannot read IP mode file for WES.I-CUBE-Cesium.1.4.0
2025-12-29 16:16:16,107 [WARN] PackLoader:240 - Cannot read IP mode file for Infineon.AIROC-Wi-Fi-Bluetooth-STM32.1.7.1
2025-12-29 16:16:16,152 [WARN] PackLoader:240 - Cannot read IP mode file for STMicroelectronics.X-CUBE-AZRTOS-H7.3.4.0
2025-12-29 16:16:16,166 [WARN] PackLoader:240 - Cannot read IP mode file for STMicroelectronics.X-CUBE-DISPLAY.3.0.0
2025-12-29 16:16:16,183 [WARN] PackLoader:240 - Cannot read IP mode file for STMicroelectronics.X-CUBE-NFC10.1.0.0
2025-12-29 16:16:16,190 [WARN] PackLoader:240 - Cannot read IP mode file for STMicroelectronics.X-CUBE-ST60.1.1.0
2025-12-29 16:16:16,197 [WARN] PackLoader:240 - Cannot read IP mode file for emotas.I-CUBE-CANOPEN.1.3.0
2025-12-29 16:16:16,204 [WARN] PackLoader:240 - Cannot read IP mode file for STMicroelectronics.X-CUBE-GNSS1.7.1.0
2025-12-29 16:16:16,217 [WARN] PackLoader:240 - Cannot read IP mode file for STMicroelectronics.FP-SNS-STBOX1.2.1.0
2025-12-29 16:16:16,225 [WARN] PackLoader:240 - Cannot read IP mode file for STMicroelectronics.FP-SNS-SMARTAG2.1.2.0
2025-12-29 16:16:16,231 [WARN] PackLoader:240 - Cannot read IP mode file for STMicroelectronics.FP-SNS-FLIGHT1.5.1.0
2025-12-29 16:16:16,243 [INFO] LogOutputStream:77 - [STDOUT_REDIRECT] 1 : Invalid condition id : UX_CORESTACK_Condition cause : null
2025-12-29 16:16:16,244 [INFO] LogOutputStream:77 - [STDOUT_REDIRECT] 1 : Invalid condition id : UX_CORESTACK_Condition cause : null
2025-12-29 16:16:16,244 [INFO] LogOutputStream:77 - [STDOUT_REDIRECT] 1 : Invalid condition id : UX_CORESTACK_Condition cause : null
2025-12-29 16:16:16,245 [INFO] LogOutputStream:77 - [STDOUT_REDIRECT] 1 : Invalid condition id : UX_CORESTACK_Condition cause : null
2025-12-29 16:16:16,245 [INFO] LogOutputStream:77 - [STDOUT_REDIRECT] 1 : Invalid condition id : UX_CORESTACK_Condition cause : null
2025-12-29 16:16:16,249 [WARN] PackLoader:240 - Cannot read IP mode file for STMicroelectronics.X-CUBE-AZRTOS-WL.2.0.0
2025-12-29 16:16:16,253 [WARN] PackLoader:240 - Cannot read IP mode file for STMicroelectronics.FP-SNS-MOTENV1.5.0.0
2025-12-29 16:16:16,284 [WARN] PackLoader:240 - Cannot read IP mode file for STMicroelectronics.X-CUBE-AZRTOS-H7RS.1.2.0
2025-12-29 16:16:16,292 [WARN] PackLoader:240 - Cannot read IP mode file for STMicroelectronics.X-CUBE-BLE2.3.3.0
2025-12-29 16:16:16,323 [WARN] PackLoader:240 - Cannot read IP mode file for STMicroelectronics.X-CUBE-NFC9.1.0.0
2025-12-29 16:16:16,333 [WARN] PackLoader:240 - Cannot read IP mode file for wolfSSL.I-CUBE-wolfSSL.5.8.2
2025-12-29 16:16:16,340 [WARN] PackLoader:240 - Cannot read IP mode file for STMicroelectronics.X-CUBE-BLE1.7.1.0
2025-12-29 16:16:16,344 [WARN] PackLoader:240 - Cannot read IP mode file for wolfSSL.I-CUBE-wolfMQTT.1.19.2
2025-12-29 16:16:16,354 [WARN] PackLoader:240 - Cannot read IP mode file for STMicroelectronics.X-CUBE-FREERTOS.1.4.0
2025-12-29 16:16:16,363 [WARN] PackLoader:240 - Cannot read IP mode file for STMicroelectronics.X-CUBE-EEPRMA1.5.2.0
2025-12-29 16:16:16,373 [WARN] PackLoader:240 - Cannot read IP mode file for STMicroelectronics.X-CUBE-ST67W61.1.1.0
2025-12-29 16:16:16,450 [WARN] PackLoader:240 - Cannot read IP mode file for STMicroelectronics.X-CUBE-MEMS1.12.0.0
2025-12-29 16:16:16,587 [WARN] PackLoader:240 - Cannot read IP mode file for STMicroelectronics.X-CUBE-AZRTOS-G0.1.1.0
2025-12-29 16:16:16,598 [WARN] PackLoader:240 - Cannot read IP mode file for STMicroelectronics.X-CUBE-SAFEA1.1.2.2
2025-12-29 16:16:16,606 [WARN] PackLoader:240 - Cannot read IP mode file for STMicroelectronics.X-CUBE-NFC4.3.0.0
2025-12-29 16:16:16,620 [WARN] PackLoader:240 - Cannot read IP mode file for EmbeddedOffice.I-CUBE-FS-RTOS.1.0.1
2025-12-29 16:16:16,627 [WARN] PackLoader:240 - Cannot read IP mode file for STMicroelectronics.X-CUBE-WB05N.2.0.0
2025-12-29 16:16:16,631 [WARN] PackLoader:240 - Cannot read IP mode file for wolfSSL.I-CUBE-wolfTPM.3.8.0
2025-12-29 16:16:16,640 [WARN] PackLoader:240 - Cannot read IP mode file for STMicroelectronics.X-CUBE-TCPP.4.2.0
2025-12-29 16:16:16,649 [WARN] PackLoader:240 - Cannot read IP mode file for RealThread.X-CUBE-RT-Thread_Nano.4.1.1
2025-12-29 16:16:16,653 [WARN] PackLoader:240 - Cannot read IP mode file for STMicroelectronics.FP-ATR-SIGFOX1.3.2.0
2025-12-29 16:16:16,661 [WARN] PackLoader:240 - Cannot read IP mode file for ITTIA_DB.I-CUBE-ITTIADB.8.9.0
2025-12-29 16:16:16,669 [WARN] PackLoader:240 - Cannot read IP mode file for STMicroelectronics.X-CUBE-ST67W61.1.0.0
2025-12-29 16:16:16,674 [WARN] PackLoader:240 - Cannot read IP mode file for STMicroelectronics.X-CUBE-AI.10.2.0
2025-12-29 16:16:16,709 [WARN] PackLoader:240 - Cannot read IP mode file for SEGGER.I-CUBE-embOS.1.3.1
2025-12-29 16:16:16,772 [WARN] PackLoader:240 - Cannot read IP mode file for STMicroelectronics.X-CUBE-ALGOBUILD.1.4.0
2025-12-29 16:16:16,881 [WARN] PackLoader:240 - Cannot read IP mode file for STMicroelectronics.X-CUBE-MEMS1.11.3.0
2025-12-29 16:16:17,084 [WARN] PackLoader:240 - Cannot read IP mode file for STMicroelectronics.X-CUBE-PM33A1.1.0.0
2025-12-29 16:16:17,110 [WARN] PackLoader:240 - Cannot read IP mode file for STMicroelectronics.X-CUBE-AZRTOS-F4.1.1.0
2025-12-29 16:16:17,126 [WARN] PackLoader:240 - Cannot read IP mode file for Avnet-IotConnect.X-CUBE-IoTC-DA16k-PMOD.1.0.0
2025-12-29 16:16:17,134 [WARN] PackLoader:240 - Cannot read IP mode file for STMicroelectronics.X-CUBE-ISPU.2.1.0
2025-12-29 16:16:17,161 [WARN] PackLoader:240 - Cannot read IP mode file for STMicroelectronics.X-CUBE-IPS.3.2.0
2025-12-29 16:16:17,212 [WARN] PackLoader:240 - Cannot read IP mode file for STMicroelectronics.X-CUBE-NFC12.1.0.0
2025-12-29 16:16:17,306 [WARN] PackLoader:240 - Cannot read IP mode file for STMicroelectronics.X-CUBE-AZRTOS-L5.2.0.0
2025-12-29 16:16:17,397 [WARN] PackLoader:240 - Cannot read IP mode file for STMicroelectronics.X-CUBE-NFC6.3.1.0
2025-12-29 16:16:17,440 [WARN] PackLoader:240 - Cannot read IP mode file for STMicroelectronics.X-CUBE-FREERTOS.1.3.1
2025-12-29 16:16:17,477 [WARN] PackLoader:240 - Cannot read IP mode file for STMicroelectronics.X-CUBE-TOUCHGFX.4.26.0
2025-12-29 16:16:17,559 [WARN] PackLoader:240 - Cannot read IP mode file for STMicroelectronics.FP-SNS-STAIOTCFT.1.0.0
2025-12-29 16:16:17,627 [WARN] PackLoader:240 - Cannot read IP mode file for STMicroelectronics.X-CUBE-DPower.1.3.0
2025-12-29 16:16:17,690 [WARN] ConditionMgr:438 - getConditionDescription Invalid condition id : LAN8742 Phy interface Condition cause : null
2025-12-29 16:16:17,703 [WARN] PackLoader:240 - Cannot read IP mode file for STMicroelectronics.X-CUBE-AZRTOS-L4.2.0.0
2025-12-29 16:16:17,723 [WARN] ConditionMgr:1044 - genDependencies : Invalid condition id : LAN8742 Phy interface Condition cause : null
2025-12-29 16:16:17,742 [WARN] ConditionMgr:1044 - genDependencies : Invalid condition id : LAN8742 Phy interface Condition cause : null
2025-12-29 16:16:17,743 [WARN] ConditionMgr:1044 - genDependencies : Invalid condition id : LAN8742 Phy interface Condition cause : null
2025-12-29 16:16:17,767 [WARN] PackLoader:240 - Cannot read IP mode file for STMicroelectronics.X-CUBE-SFXS2LP1.4.0.0
2025-12-29 16:16:17,811 [WARN] PackLoader:240 - Cannot read IP mode file for STMicroelectronics.X-CUBE-BLEMGR.4.1.0
2025-12-29 16:16:17,841 [INFO] WebApp:169 - Instantiating new browser for Auth
2025-12-29 16:16:17,844 [WARN] ConditionMgr:438 - getConditionDescription Invalid condition id : UX DEVICE CLASS RTOS Condition cause : null
2025-12-29 16:16:17,861 [WARN] ConditionMgr:438 - getConditionDescription Invalid condition id : UX DEVICE CLASS RTOS Condition cause : null
2025-12-29 16:16:17,883 [WARN] PackLoader:240 - Cannot read IP mode file for STMicroelectronics.X-CUBE-AZRTOS-WB.2.0.0
2025-12-29 16:16:17,908 [WARN] ConditionMgr:1044 - genDependencies : Invalid condition id : UX DEVICE CLASS RTOS Condition cause : null
2025-12-29 16:16:17,922 [WARN] ConditionMgr:1044 - genDependencies : Invalid condition id : UX DEVICE CLASS RTOS Condition cause : null
2025-12-29 16:16:17,944 [WARN] ConditionMgr:1044 - genDependencies : Invalid condition id : UX DEVICE CLASS RTOS Condition cause : null
2025-12-29 16:16:17,963 [WARN] ConditionMgr:1044 - genDependencies : Invalid condition id : UX DEVICE CLASS RTOS Condition cause : null
2025-12-29 16:16:17,981 [WARN] ConditionMgr:1044 - genDependencies : Invalid condition id : UX DEVICE CLASS RTOS Condition cause : null
2025-12-29 16:16:18,120 [WARN] PackLoader:240 - Cannot read IP mode file for STMicroelectronics.X-CUBE-GNSS1.7.0.1
2025-12-29 16:16:18,170 [WARN] PackLoader:240 - Cannot read IP mode file for STMicroelectronics.X-CUBE-TOUCHGFX.4.25.0
2025-12-29 16:16:18,320 [WARN] ConditionMgr:438 - getConditionDescription Invalid condition id : Cortex-A Device cause : null
2025-12-29 16:16:18,436 [WARN] ConditionMgr:1044 - genDependencies : Invalid condition id : Cortex-A Device cause : null
2025-12-29 16:16:18,456 [WARN] ConditionMgr:1044 - genDependencies : Invalid condition id : Cortex-A Device cause : null
2025-12-29 16:16:18,500 [WARN] ConditionMgr:1044 - genDependencies : Invalid condition id : Cortex-A Device cause : null
2025-12-29 16:16:18,599 [WARN] PackLoader:240 - Cannot read IP mode file for STMicroelectronics.X-CUBE-SUBG2.5.0.0
2025-12-29 16:16:18,646 [WARN] PackLoader:240 - Cannot read IP mode file for STMicroelectronics.X-CUBE-AZRTOS-H7RS.1.1.0
2025-12-29 16:16:18,744 [WARN] PackLoader:240 - Cannot read IP mode file for Cesanta.I-CUBE-Mongoose.7.13.0
2025-12-29 16:16:18,842 [WARN] PackLoader:240 - Cannot read IP mode file for STMicroelectronics.X-CUBE-AZRTOS-G4.2.0.0
2025-12-29 16:16:18,895 [WARN] PackLoader:240 - Cannot read IP mode file for wolfSSL.I-CUBE-wolfSSH.1.4.20
2025-12-29 16:16:18,940 [WARN] PackLoader:240 - Cannot read IP mode file for STMicroelectronics.X-CUBE-NFC7.2.0.0
2025-12-29 16:16:18,981 [WARN] PackLoader:240 - Cannot read IP mode file for STMicroelectronics.X-CUBE-IPS.3.1.0
2025-12-29 16:16:19,042 [WARN] PackLoader:240 - Cannot read IP mode file for STMicroelectronics.X-CUBE-ALS.1.0.2
2025-12-29 16:16:19,143 [WARN] PackLoader:240 - Cannot read IP mode file for STMicroelectronics.X-CUBE-STSE01.1.0.0
2025-12-29 16:16:19,187 [WARN] PackLoader:240 - Cannot read IP mode file for portGmbH.I-Cube-SoM-uGOAL.1.1.0
2025-12-29 16:16:19,257 [WARN] PackLoader:240 - Cannot read IP mode file for STMicroelectronics.X-CUBE-TOF1.3.4.3
2025-12-29 16:16:19,283 [INFO] ThirdParty:978 - Integrity check success = true
2025-12-29 16:16:19,292 [INFO] IntegrityCheckThread:100 - exiting critical section [integrity check]
2025-12-29 16:16:19,311 [INFO] IntegrityCheckThread:103 - End integrity checks thread
2025-12-29 16:16:19,660 [INFO] WebApp:463 - Apply proxy settings
2025-12-29 16:16:19,683 [INFO] WebApp:508 - Chromium authenticates against Manually configured proxy
2025-12-29 16:16:19,724 [INFO] WebApp:516 - Username used for proxy authentication: 
2025-12-29 16:16:19,825 [INFO] WebApp:900 - Register for checkConnection events
2025-12-29 16:16:19,842 [INFO] WebApp:463 - Apply proxy settings
2025-12-29 16:16:19,868 [INFO] WebApp:508 - Chromium authenticates against Manually configured proxy
2025-12-29 16:16:19,900 [INFO] WebApp:516 - Username used for proxy authentication: 
2025-12-29 16:16:20,192 [INFO] WebApp:225 - Starting web application
2025-12-29 16:16:20,196 [INFO] WebApp:593 - Web application path used /Applications/STM32CubeIDE.app/Contents/Eclipse/plugins/com.st.stm32cube.common.mx_6.15.0.202507011659/db/plugins/mcufinder/reactClient1/index.html
2025-12-29 16:16:20,702 [INFO] WebApp:191 - Connection restablished
2025-12-29 16:37:31,315 [INFO] WebApp:194 - Connection lost
2025-12-29 16:37:35,680 [INFO] WebApp:191 - Connection restablished
2025-12-29 16:37:39,848 [INFO] WebApp:194 - Connection lost
2025-12-29 16:37:40,031 [INFO] WebApp:191 - Connection restablished
2025-12-29 16:55:29,725 [ERROR] LogOutputStream:75 - [STDERR_REDIRECT] 
