2025-12-24 22:21:13,818 [INFO] Activator:176 - 


2025-12-24 22:21:13,824 [INFO] Activator:177 - !SESSION log4j initialized
2025-12-24 22:21:16,976 [INFO] LogOutputStream:77 - [STDOUT_REDIRECT] 
2025-12-24 22:21:18,099 [ERROR] LogOutputStream:75 - [STDERR_REDIRECT] 
2025-12-24 22:21:22,544 [INFO] LogOutputStream:77 - [STDOUT_REDIRECT] 
2025-12-24 22:21:23,580 [INFO] ApplicationProperties:184 - Using Application install path: /Applications/STM32CubeIDE.app/Contents/Eclipse/plugins/com.st.stm32cube.common.mx_6.15.0.202507011659
2025-12-24 22:21:23,598 [INFO] DbMcusXml:78 - Set database path to: /Applications/STM32CubeIDE.app/Contents/Eclipse/plugins/com.st.stm32cube.common.mx_6.15.0.202507011659//db//mcu/
2025-12-24 22:21:23,598 [INFO] ApiDb:274 - Set plugin database path to: /Applications/STM32CubeIDE.app/Contents/Eclipse/plugins/com.st.stm32cube.common.mx_6.15.0.202507011659//db//plugins/boardmanager/
2025-12-24 22:21:23,598 [WARN] ApiDb:259 - Overriding images path with different value:  => /Applications/STM32CubeIDE.app/Contents/Eclipse/plugins/com.st.stm32cube.common.mx_6.15.0.202507011659//db//plugins/mcufinder/images/
2025-12-24 22:21:23,604 [INFO] ApiDb:250 - Set database path to: /Users/macbookpro/.stmcufinder/plugins/mcufinder//mcu/
2025-12-24 22:21:23,605 [INFO] DbMcusAds:125 - Set database path to: /Users/macbookpro/.stmcufinder/plugins/mcufinder//mcu/
2025-12-24 22:21:23,608 [INFO] CrossReferenceDbSqlite:203 - Set database path to: /Users/macbookpro/.stmcufinder/plugins/mcufinder//mcu/cs/
2025-12-24 22:21:23,719 [INFO] RulesReader:64 - Compatibility file has been processed (317 Rules)
2025-12-24 22:21:23,768 [INFO] DbMcusXml:78 - Set database path to: /Applications/STM32CubeIDE.app/Contents/Eclipse/plugins/com.st.stm32cube.common.mx_6.15.0.202507011659//db//mcu/
2025-12-24 22:21:23,768 [INFO] ApiDb:274 - Set plugin database path to: /Applications/STM32CubeIDE.app/Contents/Eclipse/plugins/com.st.stm32cube.common.mx_6.15.0.202507011659//db//plugins/boardmanager/
2025-12-24 22:21:23,769 [INFO] ApiDb:261 - Set plugin images path to: /Applications/STM32CubeIDE.app/Contents/Eclipse/plugins/com.st.stm32cube.common.mx_6.15.0.202507011659//db//plugins/mcufinder/images/
2025-12-24 22:21:23,769 [WARN] DbFile:41 - Overriding database path with different value: /Users/macbookpro/.stmcufinder/plugins/mcufinder/ => /Users/macbookpro/.stmcufinder/plugins/mcufinder
2025-12-24 22:21:23,769 [INFO] ApiDb:250 - Set database path to: /Users/macbookpro/.stmcufinder/plugins/mcufinder//mcu/
2025-12-24 22:21:23,769 [WARN] DbFile:41 - Overriding database path with different value: /Users/macbookpro/.stmcufinder/plugins/mcufinder/ => /Users/macbookpro/.stmcufinder/plugins/mcufinder
2025-12-24 22:21:23,769 [INFO] DbMcusAds:125 - Set database path to: /Users/macbookpro/.stmcufinder/plugins/mcufinder//mcu/
2025-12-24 22:21:23,769 [WARN] DbFile:41 - Overriding database path with different value: /Users/macbookpro/.stmcufinder/plugins/mcufinder/ => /Users/macbookpro/.stmcufinder/plugins/mcufinder
2025-12-24 22:21:23,769 [WARN] DbFile:41 - Overriding database path with different value: /Users/macbookpro/.stmcufinder/plugins/mcufinder/ => /Users/macbookpro/.stmcufinder/plugins/mcufinder
2025-12-24 22:21:23,769 [INFO] CrossReferenceDbSqlite:203 - Set database path to: /Users/macbookpro/.stmcufinder/plugins/mcufinder//mcu/cs/
2025-12-24 22:21:23,847 [INFO] MainPanel:274 - HeapMemory: 268435456
2025-12-24 22:21:24,741 [INFO] DbMcusXml:78 - Set database path to: /Applications/STM32CubeIDE.app/Contents/Eclipse/plugins/com.st.stm32cube.common.mx_6.15.0.202507011659//db//mcu/
2025-12-24 22:21:24,741 [INFO] ApiDb:274 - Set plugin database path to: /Applications/STM32CubeIDE.app/Contents/Eclipse/plugins/com.st.stm32cube.common.mx_6.15.0.202507011659//db//plugins/boardmanager/
2025-12-24 22:21:24,741 [INFO] ApiDb:261 - Set plugin images path to: /Applications/STM32CubeIDE.app/Contents/Eclipse/plugins/com.st.stm32cube.common.mx_6.15.0.202507011659//db//plugins/mcufinder/images/
2025-12-24 22:21:24,742 [WARN] DbFile:41 - Overriding database path with different value: /Users/macbookpro/.stmcufinder/plugins/mcufinder/ => /Users/macbookpro/.stmcufinder/plugins/mcufinder
2025-12-24 22:21:24,742 [INFO] ApiDb:250 - Set database path to: /Users/macbookpro/.stmcufinder/plugins/mcufinder//mcu/
2025-12-24 22:21:24,742 [WARN] DbFile:41 - Overriding database path with different value: /Users/macbookpro/.stmcufinder/plugins/mcufinder/ => /Users/macbookpro/.stmcufinder/plugins/mcufinder
2025-12-24 22:21:24,742 [INFO] DbMcusAds:125 - Set database path to: /Users/macbookpro/.stmcufinder/plugins/mcufinder//mcu/
2025-12-24 22:21:24,742 [WARN] DbFile:41 - Overriding database path with different value: /Users/macbookpro/.stmcufinder/plugins/mcufinder/ => /Users/macbookpro/.stmcufinder/plugins/mcufinder
2025-12-24 22:21:24,742 [WARN] DbFile:41 - Overriding database path with different value: /Users/macbookpro/.stmcufinder/plugins/mcufinder/ => /Users/macbookpro/.stmcufinder/plugins/mcufinder
2025-12-24 22:21:24,742 [INFO] CrossReferenceDbSqlite:203 - Set database path to: /Users/macbookpro/.stmcufinder/plugins/mcufinder//mcu/cs/
2025-12-24 22:21:24,764 [INFO] ApplicationProperties:184 - Using Application install path: /Applications/STM32CubeIDE.app/Contents/Eclipse/plugins/com.st.stm32cube.common.mx_6.15.0.202507011659
2025-12-24 22:21:24,766 [INFO] PluginManage:196 - Search for loadable plugins [exclusion list=, ]
2025-12-24 22:21:24,768 [INFO] PluginManage:310 - Check plugin analytics
2025-12-24 22:21:24,951 [INFO] AnalyticsPlugin:253 - Accepted Software Licenses: 
2025-12-24 22:21:24,951 [INFO] AnalyticsPlugin:255 - Accepted CMSIS Pack Licenses: 
2025-12-24 22:21:24,951 [INFO] AnalyticsPlugin:257 - Accepted Firmware Licenses: 
2025-12-24 22:21:24,953 [INFO] PluginManage:359 - Loaded plugin analytics (category:tool,tabindex:-1)
2025-12-24 22:21:24,953 [INFO] PluginManage:310 - Check plugin cadmodel
2025-12-24 22:21:24,960 [INFO] CADModel:105 - Init CAD model plugin
2025-12-24 22:21:24,960 [INFO] PluginManage:359 - Loaded plugin cadmodel (category:power,tabindex:5)
2025-12-24 22:21:24,960 [INFO] PluginManage:310 - Check plugin clock
2025-12-24 22:21:24,971 [INFO] PluginManage:359 - Loaded plugin clock (category:base,tabindex:2)
2025-12-24 22:21:24,971 [INFO] PluginManage:310 - Check plugin ddr
2025-12-24 22:21:24,975 [INFO] PluginManage:359 - Loaded plugin ddr (category:tool,tabindex:6)
2025-12-24 22:21:24,975 [INFO] PluginManage:310 - Check plugin filemanager
2025-12-24 22:21:25,142 [INFO] PluginManage:359 - Loaded plugin filemanager (category:base,tabindex:10)
2025-12-24 22:21:25,142 [INFO] PluginManage:310 - Check plugin ipmanager
2025-12-24 22:21:25,149 [INFO] PluginManage:359 - Loaded plugin ipmanager (category:base,tabindex:5)
2025-12-24 22:21:25,149 [INFO] PluginManage:310 - Check plugin lpbam
2025-12-24 22:21:25,159 [INFO] PluginManage:359 - Loaded plugin lpbam (category:base,tabindex:0)
2025-12-24 22:21:25,159 [INFO] PluginManage:310 - Check plugin memorymap
2025-12-24 22:21:25,176 [INFO] PluginManage:359 - Loaded plugin memorymap (category:base,tabindex:4)
2025-12-24 22:21:25,176 [INFO] PluginManage:310 - Check plugin pinoutandconfiguration
2025-12-24 22:21:25,186 [INFO] PluginManage:359 - Loaded plugin pinoutandconfiguration (category:base,tabindex:1)
2025-12-24 22:21:25,186 [INFO] PluginManage:310 - Check plugin pinoutconfig
2025-12-24 22:21:25,287 [WARN] SupportedApi:132 - Cannot load RTOS API schema: s4s-elt-must-match.1: The content of 'definitions' must match (annotation?, (simpleType | complexType)?, (unique | key | keyref)*)). A problem was found starting at: attribute.
2025-12-24 22:21:25,420 [INFO] PluginManage:359 - Loaded plugin pinoutconfig (category:base,tabindex:0)
2025-12-24 22:21:25,420 [INFO] PluginManage:310 - Check plugin power
2025-12-24 22:21:25,431 [INFO] PluginManage:359 - Loaded plugin power (category:power,tabindex:4)
2025-12-24 22:21:25,431 [INFO] PluginManage:310 - Check plugin projectmanager
2025-12-24 22:21:25,446 [INFO] PluginManage:359 - Loaded plugin projectmanager (category:projectmanager,tabindex:4)
2025-12-24 22:21:25,446 [INFO] PluginManage:310 - Check plugin rif
2025-12-24 22:21:25,461 [INFO] PluginManage:359 - Loaded plugin rif (category:base,tabindex:3)
2025-12-24 22:21:25,462 [INFO] PluginManage:310 - Check plugin thirdparty
2025-12-24 22:21:25,580 [INFO] PluginManage:359 - Loaded plugin thirdparty (category:base,tabindex:-1)
2025-12-24 22:21:25,580 [WARN] IntegrityCheckThread:84 - waiting for thirdparty lock release [integrity check]
2025-12-24 22:21:25,580 [INFO] PluginManage:310 - Check plugin tools
2025-12-24 22:21:25,581 [INFO] IntegrityCheckThread:86 - entering critical section [integrity check]
2025-12-24 22:21:25,581 [INFO] ThirdPartyUpdaterWithRetryManager:70 - Updater plugin not ready yet. [1/15]
2025-12-24 22:21:25,583 [INFO] PluginManage:359 - Loaded plugin tools (category:base,tabindex:7)
2025-12-24 22:21:25,583 [INFO] PluginManage:310 - Check plugin tutovideos
2025-12-24 22:21:25,916 [INFO] PluginManage:359 - Loaded plugin tutovideos (category:base,tabindex:-1)
2025-12-24 22:21:25,916 [INFO] PluginManage:310 - Check plugin updater
2025-12-24 22:21:25,938 [INFO] PluginManage:359 - Loaded plugin updater (category:base,tabindex:12)
2025-12-24 22:21:25,938 [INFO] PluginManage:310 - Check plugin userauth
2025-12-24 22:21:25,942 [INFO] UserAuth:118 - Init User Auth plugin
2025-12-24 22:21:25,943 [INFO] PluginManage:359 - Loaded plugin userauth (category:base,tabindex:14)
2025-12-24 22:21:25,943 [INFO] PluginManage:283 - PluginManage : Loaded plugins [18]
2025-12-24 22:21:26,133 [INFO] PinOutPanel:1589 - setPackage(No Configuration,No Configuration)
2025-12-24 22:21:26,207 [INFO] CADModel:165 - CPN selected for project level
2025-12-24 22:21:26,207 [INFO] CADModel:114 - Register for checkConnection events
2025-12-24 22:21:26,220 [INFO] IPUIPlugin:80 - create IPUIPlugin
2025-12-24 22:21:26,220 [INFO] PluginManager:220 - loadIPPluginJar : add mdma
2025-12-24 22:21:26,228 [INFO] IPUIPlugin:80 - create IPUIPlugin
2025-12-24 22:21:26,228 [INFO] PluginManager:220 - loadIPPluginJar : add freertos
2025-12-24 22:21:26,233 [INFO] IPUIPlugin:80 - create IPUIPlugin
2025-12-24 22:21:26,233 [INFO] PluginManager:220 - loadIPPluginJar : add gic
2025-12-24 22:21:26,243 [INFO] IPUIPlugin:80 - create IPUIPlugin
2025-12-24 22:21:26,243 [INFO] PluginManager:220 - loadIPPluginJar : add adc
2025-12-24 22:21:26,246 [INFO] IPUIPlugin:80 - create IPUIPlugin
2025-12-24 22:21:26,246 [INFO] PluginManager:220 - loadIPPluginJar : add gtzc
2025-12-24 22:21:26,247 [INFO] IPUIPlugin:80 - create IPUIPlugin
2025-12-24 22:21:26,247 [INFO] PluginManager:220 - loadIPPluginJar : add quadspi
2025-12-24 22:21:26,249 [INFO] IPUIPlugin:80 - create IPUIPlugin
2025-12-24 22:21:26,249 [INFO] PluginManager:220 - loadIPPluginJar : add aes
2025-12-24 22:21:26,252 [INFO] IPUIPlugin:80 - create IPUIPlugin
2025-12-24 22:21:26,252 [INFO] PluginManager:220 - loadIPPluginJar : add pdm2pcm
2025-12-24 22:21:26,254 [INFO] IPUIPlugin:80 - create IPUIPlugin
2025-12-24 22:21:26,254 [INFO] PluginManager:220 - loadIPPluginJar : add hash
2025-12-24 22:21:26,255 [INFO] IPUIPlugin:80 - create IPUIPlugin
2025-12-24 22:21:26,255 [INFO] PluginManager:220 - loadIPPluginJar : add tim
2025-12-24 22:21:26,257 [INFO] IPUIPlugin:80 - create IPUIPlugin
2025-12-24 22:21:26,257 [INFO] PluginManager:220 - loadIPPluginJar : add tsc
2025-12-24 22:21:26,260 [INFO] IPUIPlugin:80 - create IPUIPlugin
2025-12-24 22:21:26,260 [INFO] PluginManager:220 - loadIPPluginJar : add extmemmanager
2025-12-24 22:21:26,261 [INFO] IPUIPlugin:80 - create IPUIPlugin
2025-12-24 22:21:26,261 [INFO] PluginManager:220 - loadIPPluginJar : add ts
2025-12-24 22:21:26,262 [INFO] IPUIPlugin:80 - create IPUIPlugin
2025-12-24 22:21:26,263 [INFO] PluginManager:220 - loadIPPluginJar : add radio
2025-12-24 22:21:26,265 [INFO] IPUIPlugin:80 - create IPUIPlugin
2025-12-24 22:21:26,265 [INFO] PluginManager:220 - loadIPPluginJar : add can
2025-12-24 22:21:26,267 [INFO] IPUIPlugin:80 - create IPUIPlugin
2025-12-24 22:21:26,267 [INFO] PluginManager:220 - loadIPPluginJar : add dma3
2025-12-24 22:21:26,269 [INFO] IPUIPlugin:80 - create IPUIPlugin
2025-12-24 22:21:26,269 [INFO] PluginManager:220 - loadIPPluginJar : add dfsdm
2025-12-24 22:21:26,271 [INFO] IPUIPlugin:80 - create IPUIPlugin
2025-12-24 22:21:26,271 [INFO] PluginManager:220 - loadIPPluginJar : add spi
2025-12-24 22:21:26,273 [INFO] IPUIPlugin:80 - create IPUIPlugin
2025-12-24 22:21:26,273 [INFO] PluginManager:220 - loadIPPluginJar : add gfxmmu
2025-12-24 22:21:26,274 [INFO] IPUIPlugin:80 - create IPUIPlugin
2025-12-24 22:21:26,274 [INFO] PluginManager:220 - loadIPPluginJar : add genericplugin
2025-12-24 22:21:26,275 [INFO] IPUIPlugin:80 - create IPUIPlugin
2025-12-24 22:21:26,276 [INFO] PluginManager:220 - loadIPPluginJar : add cryp
2025-12-24 22:21:26,279 [INFO] IPUIPlugin:80 - create IPUIPlugin
2025-12-24 22:21:26,279 [INFO] PluginManager:220 - loadIPPluginJar : add gpio
2025-12-24 22:21:26,282 [INFO] IPUIPlugin:80 - create IPUIPlugin
2025-12-24 22:21:26,282 [INFO] PluginManager:220 - loadIPPluginJar : add ddr_ctrl_phy
2025-12-24 22:21:26,283 [INFO] IPUIPlugin:80 - create IPUIPlugin
2025-12-24 22:21:26,283 [INFO] PluginManager:220 - loadIPPluginJar : add comp
2025-12-24 22:21:26,284 [INFO] IPUIPlugin:80 - create IPUIPlugin
2025-12-24 22:21:26,284 [INFO] PluginManager:220 - loadIPPluginJar : add tracer_emb
2025-12-24 22:21:26,287 [INFO] IPUIPlugin:80 - create IPUIPlugin
2025-12-24 22:21:26,287 [INFO] PluginManager:220 - loadIPPluginJar : add openamp
2025-12-24 22:21:26,292 [INFO] IPUIPlugin:80 - create IPUIPlugin
2025-12-24 22:21:26,293 [INFO] PluginManager:220 - loadIPPluginJar : add stm32_wpan
2025-12-24 22:21:26,298 [INFO] IPUIPlugin:80 - create IPUIPlugin
2025-12-24 22:21:26,300 [INFO] PluginManager:220 - loadIPPluginJar : add plateformsettings
2025-12-24 22:21:26,303 [INFO] IPUIPlugin:80 - create IPUIPlugin
2025-12-24 22:21:26,303 [INFO] PluginManager:220 - loadIPPluginJar : add ipddr
2025-12-24 22:21:26,305 [INFO] IPUIPlugin:80 - create IPUIPlugin
2025-12-24 22:21:26,305 [INFO] PluginManager:220 - loadIPPluginJar : add usart
2025-12-24 22:21:26,306 [INFO] IPUIPlugin:80 - create IPUIPlugin
2025-12-24 22:21:26,306 [INFO] PluginManager:220 - loadIPPluginJar : add ltdc
2025-12-24 22:21:26,309 [INFO] IPUIPlugin:80 - create IPUIPlugin
2025-12-24 22:21:26,309 [INFO] PluginManager:220 - loadIPPluginJar : add nvic
2025-12-24 22:21:26,310 [INFO] IPUIPlugin:80 - create IPUIPlugin
2025-12-24 22:21:26,310 [INFO] PluginManager:220 - loadIPPluginJar : add fatfs
2025-12-24 22:21:26,317 [INFO] IPUIPlugin:80 - create IPUIPlugin
2025-12-24 22:21:26,317 [INFO] PluginManager:220 - loadIPPluginJar : add linkedlist
2025-12-24 22:21:26,322 [INFO] IPUIPlugin:80 - create IPUIPlugin
2025-12-24 22:21:26,322 [INFO] PluginManager:220 - loadIPPluginJar : add dma
2025-12-24 22:21:26,326 [INFO] IPUIPlugin:80 - create IPUIPlugin
2025-12-24 22:21:26,326 [INFO] PluginManager:220 - loadIPPluginJar : add fmc
2025-12-24 22:21:26,328 [INFO] IPUIPlugin:80 - create IPUIPlugin
2025-12-24 22:21:26,328 [INFO] PluginManager:220 - loadIPPluginJar : add i2s
2025-12-24 22:21:26,330 [INFO] IPUIPlugin:80 - create IPUIPlugin
2025-12-24 22:21:26,330 [INFO] PluginManager:220 - loadIPPluginJar : add ucpd
2025-12-24 22:21:26,332 [INFO] IPUIPlugin:80 - create IPUIPlugin
2025-12-24 22:21:26,332 [INFO] PluginManager:220 - loadIPPluginJar : add lorawan
2025-12-24 22:21:26,334 [INFO] IPUIPlugin:80 - create IPUIPlugin
2025-12-24 22:21:26,334 [INFO] PluginManager:220 - loadIPPluginJar : add opamp
2025-12-24 22:21:26,336 [INFO] IPUIPlugin:80 - create IPUIPlugin
2025-12-24 22:21:26,336 [INFO] PluginManager:220 - loadIPPluginJar : add i3c
2025-12-24 22:21:26,338 [INFO] IPUIPlugin:80 - create IPUIPlugin
2025-12-24 22:21:26,339 [INFO] PluginManager:220 - loadIPPluginJar : add touchsensing
2025-12-24 22:21:26,341 [INFO] IPUIPlugin:80 - create IPUIPlugin
2025-12-24 22:21:26,341 [INFO] PluginManager:220 - loadIPPluginJar : add i2c
2025-12-24 22:21:26,344 [INFO] IPUIPlugin:80 - create IPUIPlugin
2025-12-24 22:21:26,344 [INFO] PluginManager:220 - loadIPPluginJar : add resmgrutility
2025-12-24 22:21:26,346 [INFO] IPUIPlugin:80 - create IPUIPlugin
2025-12-24 22:21:26,346 [INFO] PluginManager:220 - loadIPPluginJar : add sai
2025-12-24 22:21:26,348 [INFO] IPUIPlugin:80 - create IPUIPlugin
2025-12-24 22:21:26,348 [INFO] PluginManager:220 - loadIPPluginJar : add usbx
2025-12-24 22:21:26,450 [FATAL] Updater:351 - Updater called before beeing initialized
2025-12-24 22:21:26,475 [INFO] RulesReader:64 - Compatibility file has been processed (317 Rules)
2025-12-24 22:21:26,483 [INFO] RulesReader:64 - Compatibility file has been processed (317 Rules)
2025-12-24 22:21:26,488 [INFO] CADModel:165 - CPN selected for project level
2025-12-24 22:21:26,489 [INFO] CADModel:114 - Register for checkConnection events
2025-12-24 22:21:26,489 [FATAL] Updater:351 - Updater called before beeing initialized
2025-12-24 22:21:26,489 [ERROR] CADModel:125 - Updater not yet initialized, retry later 
2025-12-24 22:21:26,668 [FATAL] Updater:351 - Updater called before beeing initialized
2025-12-24 22:21:26,670 [INFO] CADModel:165 - CPN selected for project level
2025-12-24 22:21:26,670 [INFO] CADModel:114 - Register for checkConnection events
2025-12-24 22:21:26,670 [FATAL] Updater:351 - Updater called before beeing initialized
2025-12-24 22:21:26,670 [ERROR] CADModel:125 - Updater not yet initialized, retry later 
2025-12-24 22:21:26,674 [FATAL] Updater:351 - Updater called before beeing initialized
2025-12-24 22:21:26,755 [FATAL] Updater:351 - Updater called before beeing initialized
2025-12-24 22:21:26,760 [INFO] DbMcusAds:53 - JSON generation date=Tue Jul 08 11:14:23 TRT 2025 (1751962463524)
2025-12-24 22:21:26,760 [FATAL] Updater:351 - Updater called before beeing initialized
2025-12-24 22:21:26,843 [WARN] DetailPanel:346 - Failed to get advertising image, set to default
2025-12-24 22:21:26,920 [FATAL] Updater:351 - Updater called before beeing initialized
2025-12-24 22:21:26,922 [FATAL] Updater:351 - Updater called before beeing initialized
2025-12-24 22:21:26,922 [FATAL] Updater:351 - Updater called before beeing initialized
2025-12-24 22:21:26,922 [WARN] DetailPanel:346 - Failed to get advertising image, set to default
2025-12-24 22:21:26,923 [FATAL] Updater:351 - Updater called before beeing initialized
2025-12-24 22:21:26,953 [ERROR] Updater:1198 - MainUpdater not yet initialized. External WinMGr cannot be set.
2025-12-24 22:21:26,955 [INFO] Updater:1134 - Updater Version found : 6.15.0
2025-12-24 22:21:26,975 [INFO] ApplicationProperties:184 - Using Application install path: /Applications/STM32CubeIDE.app/Contents/Eclipse/plugins/com.st.stm32cube.common.mx_6.15.0.202507011659
2025-12-24 22:21:27,332 [INFO] MainUpdater:2872 - connection check result : 10
2025-12-24 22:21:27,333 [INFO] MainUpdater:3604 - Updater definition file requires update
2025-12-24 22:21:27,333 [INFO] MainUpdater:289 - Updater Check For Update Now.
2025-12-24 22:21:27,334 [INFO] MicroXplorer:498 - Change Database Version : DB.6.0.150
2025-12-24 22:21:27,339 [INFO] McuFinderGlobals:63 - Set McuFinder mode to 2 (CubeIDE integrated)
2025-12-24 22:21:27,340 [INFO] UserAuth:171 - activating auth plugin
2025-12-24 22:21:27,342 [INFO] UserAuth:487 - Internet connection configuration mode: 1
2025-12-24 22:21:27,366 [INFO] JxBrowserEngine:152 - Initiate JxBrowser Engine with user profile folder
2025-12-24 22:21:27,408 [INFO] ServerAccessManage:452 - Complete download http(s) 200
2025-12-24 22:21:27,409 [INFO] ServerAccessManage:509 - Download File updaters.zip
2025-12-24 22:21:27,544 [INFO] FileExtend:248 - Unzip File : updaters.zip
2025-12-24 22:21:27,544 [INFO] FileExtend:263 - Standard Zip Deflate
2025-12-24 22:21:27,885 [INFO] ServerAccessManage:452 - Complete download http(s) 200
2025-12-24 22:21:27,885 [INFO] ServerAccessManage:509 - Download File PacksControlFlags.xml
2025-12-24 22:21:28,026 [INFO] ServerAccessManage:452 - Complete download http(s) 200
2025-12-24 22:21:28,026 [INFO] ServerAccessManage:509 - Download File cubemx.pidx
2025-12-24 22:21:28,125 [INFO] LoadServerUpdatesThread:375 - End of LoadServerUpdate Thread
2025-12-24 22:21:28,289 [INFO] CheckServerUpdateThread:120 - End of CheckServer Thread
2025-12-24 22:21:28,750 [WARN] PackLoader:240 - Cannot read IP mode file for STMicroelectronics.FP-SNS-MOTENVWB1.1.4.0
2025-12-24 22:21:28,758 [WARN] PackLoader:240 - Cannot read IP mode file for STMicroelectronics.FP-ATR-ASTRA1.2.0.2
2025-12-24 22:21:28,766 [WARN] PackLoader:240 - Cannot read IP mode file for STMicroelectronics.X-CUBE-SMBUS.2.1.0
2025-12-24 22:21:28,770 [WARN] PackLoader:240 - Cannot read IP mode file for STMicroelectronics.X-CUBE-ST60.1.0.0
2025-12-24 22:21:28,798 [WARN] PackLoader:240 - Cannot read IP mode file for STMicroelectronics.X-CUBE-AZRTOS-F7.1.1.0
2025-12-24 22:21:28,806 [WARN] PackLoader:240 - Cannot read IP mode file for STMicroelectronics.FP-SNS-MOTENV1.5.1.0
2025-12-24 22:21:28,815 [WARN] PackLoader:240 - Cannot read IP mode file for WES.I-CUBE-Cesium.1.4.0
2025-12-24 22:21:28,840 [WARN] PackLoader:240 - Cannot read IP mode file for Infineon.AIROC-Wi-Fi-Bluetooth-STM32.1.7.1
2025-12-24 22:21:28,867 [WARN] PackLoader:240 - Cannot read IP mode file for STMicroelectronics.X-CUBE-AZRTOS-H7.3.4.0
2025-12-24 22:21:28,875 [WARN] PackLoader:240 - Cannot read IP mode file for STMicroelectronics.X-CUBE-DISPLAY.3.0.0
2025-12-24 22:21:28,887 [WARN] PackLoader:240 - Cannot read IP mode file for STMicroelectronics.X-CUBE-NFC10.1.0.0
2025-12-24 22:21:28,911 [WARN] PackLoader:240 - Cannot read IP mode file for STMicroelectronics.X-CUBE-ST60.1.1.0
2025-12-24 22:21:28,933 [WARN] PackLoader:240 - Cannot read IP mode file for emotas.I-CUBE-CANOPEN.1.3.0
2025-12-24 22:21:28,940 [WARN] PackLoader:240 - Cannot read IP mode file for STMicroelectronics.X-CUBE-GNSS1.7.1.0
2025-12-24 22:21:28,952 [WARN] PackLoader:240 - Cannot read IP mode file for STMicroelectronics.FP-SNS-STBOX1.2.1.0
2025-12-24 22:21:28,959 [WARN] PackLoader:240 - Cannot read IP mode file for STMicroelectronics.FP-SNS-SMARTAG2.1.2.0
2025-12-24 22:21:28,963 [WARN] PackLoader:240 - Cannot read IP mode file for STMicroelectronics.FP-SNS-FLIGHT1.5.1.0
2025-12-24 22:21:28,974 [INFO] LogOutputStream:77 - [STDOUT_REDIRECT] 1 : Invalid condition id : UX_CORESTACK_Condition cause : null
2025-12-24 22:21:28,975 [INFO] LogOutputStream:77 - [STDOUT_REDIRECT] 1 : Invalid condition id : UX_CORESTACK_Condition cause : null
2025-12-24 22:21:28,975 [INFO] LogOutputStream:77 - [STDOUT_REDIRECT] 1 : Invalid condition id : UX_CORESTACK_Condition cause : null
2025-12-24 22:21:28,975 [INFO] LogOutputStream:77 - [STDOUT_REDIRECT] 1 : Invalid condition id : UX_CORESTACK_Condition cause : null
2025-12-24 22:21:28,975 [INFO] LogOutputStream:77 - [STDOUT_REDIRECT] 1 : Invalid condition id : UX_CORESTACK_Condition cause : null
2025-12-24 22:21:28,980 [WARN] PackLoader:240 - Cannot read IP mode file for STMicroelectronics.X-CUBE-AZRTOS-WL.2.0.0
2025-12-24 22:21:28,985 [WARN] PackLoader:240 - Cannot read IP mode file for STMicroelectronics.FP-SNS-MOTENV1.5.0.0
2025-12-24 22:21:29,010 [WARN] PackLoader:240 - Cannot read IP mode file for STMicroelectronics.X-CUBE-AZRTOS-H7RS.1.2.0
2025-12-24 22:21:29,018 [WARN] PackLoader:240 - Cannot read IP mode file for STMicroelectronics.X-CUBE-BLE2.3.3.0
2025-12-24 22:21:29,035 [WARN] PackLoader:240 - Cannot read IP mode file for STMicroelectronics.X-CUBE-NFC9.1.0.0
2025-12-24 22:21:29,042 [WARN] PackLoader:240 - Cannot read IP mode file for wolfSSL.I-CUBE-wolfSSL.5.8.2
2025-12-24 22:21:29,047 [WARN] PackLoader:240 - Cannot read IP mode file for STMicroelectronics.X-CUBE-BLE1.7.1.0
2025-12-24 22:21:29,050 [WARN] PackLoader:240 - Cannot read IP mode file for wolfSSL.I-CUBE-wolfMQTT.1.19.2
2025-12-24 22:21:29,055 [WARN] PackLoader:240 - Cannot read IP mode file for STMicroelectronics.X-CUBE-FREERTOS.1.4.0
2025-12-24 22:21:29,061 [WARN] PackLoader:240 - Cannot read IP mode file for STMicroelectronics.X-CUBE-EEPRMA1.5.2.0
2025-12-24 22:21:29,069 [WARN] PackLoader:240 - Cannot read IP mode file for STMicroelectronics.X-CUBE-ST67W61.1.1.0
2025-12-24 22:21:29,141 [WARN] PackLoader:240 - Cannot read IP mode file for STMicroelectronics.X-CUBE-MEMS1.12.0.0
2025-12-24 22:21:29,290 [WARN] PackLoader:240 - Cannot read IP mode file for STMicroelectronics.X-CUBE-AZRTOS-G0.1.1.0
2025-12-24 22:21:29,331 [WARN] PackLoader:240 - Cannot read IP mode file for STMicroelectronics.X-CUBE-SAFEA1.1.2.2
2025-12-24 22:21:29,370 [WARN] PackLoader:240 - Cannot read IP mode file for STMicroelectronics.X-CUBE-NFC4.3.0.0
2025-12-24 22:21:29,434 [WARN] PackLoader:240 - Cannot read IP mode file for EmbeddedOffice.I-CUBE-FS-RTOS.1.0.1
2025-12-24 22:21:29,469 [WARN] PackLoader:240 - Cannot read IP mode file for STMicroelectronics.X-CUBE-WB05N.2.0.0
2025-12-24 22:21:29,507 [WARN] PackLoader:240 - Cannot read IP mode file for wolfSSL.I-CUBE-wolfTPM.3.8.0
2025-12-24 22:21:29,567 [WARN] PackLoader:240 - Cannot read IP mode file for STMicroelectronics.X-CUBE-TCPP.4.2.0
2025-12-24 22:21:29,595 [INFO] WebApp:169 - Instantiating new browser for Auth
2025-12-24 22:21:29,605 [WARN] PackLoader:240 - Cannot read IP mode file for RealThread.X-CUBE-RT-Thread_Nano.4.1.1
2025-12-24 22:21:29,647 [WARN] PackLoader:240 - Cannot read IP mode file for STMicroelectronics.FP-ATR-SIGFOX1.3.2.0
2025-12-24 22:21:29,766 [WARN] PackLoader:240 - Cannot read IP mode file for ITTIA_DB.I-CUBE-ITTIADB.8.9.0
2025-12-24 22:21:29,805 [WARN] PackLoader:240 - Cannot read IP mode file for STMicroelectronics.X-CUBE-ST67W61.1.0.0
2025-12-24 22:21:29,897 [WARN] PackLoader:240 - Cannot read IP mode file for STMicroelectronics.X-CUBE-AI.10.2.0
2025-12-24 22:21:30,083 [WARN] PackLoader:240 - Cannot read IP mode file for SEGGER.I-CUBE-embOS.1.3.1
2025-12-24 22:21:30,164 [WARN] PackLoader:240 - Cannot read IP mode file for STMicroelectronics.X-CUBE-ALGOBUILD.1.4.0
2025-12-24 22:21:30,239 [WARN] PackLoader:240 - Cannot read IP mode file for STMicroelectronics.X-CUBE-MEMS1.11.3.0
2025-12-24 22:21:30,439 [WARN] PackLoader:240 - Cannot read IP mode file for STMicroelectronics.X-CUBE-PM33A1.1.0.0
2025-12-24 22:21:30,512 [WARN] PackLoader:240 - Cannot read IP mode file for STMicroelectronics.X-CUBE-AZRTOS-F4.1.1.0
2025-12-24 22:21:30,611 [WARN] PackLoader:240 - Cannot read IP mode file for Avnet-IotConnect.X-CUBE-IoTC-DA16k-PMOD.1.0.0
2025-12-24 22:21:30,669 [WARN] PackLoader:240 - Cannot read IP mode file for STMicroelectronics.X-CUBE-ISPU.2.1.0
2025-12-24 22:21:30,735 [WARN] PackLoader:240 - Cannot read IP mode file for STMicroelectronics.X-CUBE-IPS.3.2.0
2025-12-24 22:21:30,827 [INFO] WebApp:463 - Apply proxy settings
2025-12-24 22:21:30,841 [WARN] PackLoader:240 - Cannot read IP mode file for STMicroelectronics.X-CUBE-NFC12.1.0.0
2025-12-24 22:21:30,862 [INFO] WebApp:508 - Chromium authenticates against Manually configured proxy
2025-12-24 22:21:30,886 [INFO] WebApp:516 - Username used for proxy authentication: 
2025-12-24 22:21:30,941 [INFO] WebApp:900 - Register for checkConnection events
2025-12-24 22:21:30,949 [INFO] WebApp:463 - Apply proxy settings
2025-12-24 22:21:30,971 [INFO] WebApp:508 - Chromium authenticates against Manually configured proxy
2025-12-24 22:21:30,987 [INFO] WebApp:516 - Username used for proxy authentication: 
2025-12-24 22:21:30,992 [WARN] PackLoader:240 - Cannot read IP mode file for STMicroelectronics.X-CUBE-AZRTOS-L5.2.0.0
2025-12-24 22:21:31,048 [WARN] PackLoader:240 - Cannot read IP mode file for STMicroelectronics.X-CUBE-NFC6.3.1.0
2025-12-24 22:21:31,111 [WARN] PackLoader:240 - Cannot read IP mode file for STMicroelectronics.X-CUBE-FREERTOS.1.3.1
2025-12-24 22:21:31,225 [WARN] PackLoader:240 - Cannot read IP mode file for STMicroelectronics.X-CUBE-TOUCHGFX.4.26.0
2025-12-24 22:21:31,244 [INFO] WebApp:225 - Starting web application
2025-12-24 22:21:31,262 [INFO] WebApp:593 - Web application path used /Applications/STM32CubeIDE.app/Contents/Eclipse/plugins/com.st.stm32cube.common.mx_6.15.0.202507011659/db/plugins/mcufinder/reactClient1/index.html
2025-12-24 22:21:31,336 [WARN] PackLoader:240 - Cannot read IP mode file for STMicroelectronics.FP-SNS-STAIOTCFT.1.0.0
2025-12-24 22:21:31,490 [WARN] PackLoader:240 - Cannot read IP mode file for STMicroelectronics.X-CUBE-DPower.1.3.0
2025-12-24 22:21:31,641 [WARN] ConditionMgr:438 - getConditionDescription Invalid condition id : LAN8742 Phy interface Condition cause : null
2025-12-24 22:21:31,676 [WARN] PackLoader:240 - Cannot read IP mode file for STMicroelectronics.X-CUBE-AZRTOS-L4.2.0.0
2025-12-24 22:21:31,711 [WARN] ConditionMgr:1044 - genDependencies : Invalid condition id : LAN8742 Phy interface Condition cause : null
2025-12-24 22:21:31,731 [WARN] ConditionMgr:1044 - genDependencies : Invalid condition id : LAN8742 Phy interface Condition cause : null
2025-12-24 22:21:31,732 [WARN] ConditionMgr:1044 - genDependencies : Invalid condition id : LAN8742 Phy interface Condition cause : null
2025-12-24 22:21:31,849 [WARN] PackLoader:240 - Cannot read IP mode file for STMicroelectronics.X-CUBE-SFXS2LP1.4.0.0
2025-12-24 22:21:31,911 [WARN] PackLoader:240 - Cannot read IP mode file for STMicroelectronics.X-CUBE-BLEMGR.4.1.0
2025-12-24 22:21:32,009 [WARN] ConditionMgr:438 - getConditionDescription Invalid condition id : UX DEVICE CLASS RTOS Condition cause : null
2025-12-24 22:21:32,026 [WARN] ConditionMgr:438 - getConditionDescription Invalid condition id : UX DEVICE CLASS RTOS Condition cause : null
2025-12-24 22:21:32,046 [WARN] PackLoader:240 - Cannot read IP mode file for STMicroelectronics.X-CUBE-AZRTOS-WB.2.0.0
2025-12-24 22:21:32,063 [WARN] ConditionMgr:1044 - genDependencies : Invalid condition id : UX DEVICE CLASS RTOS Condition cause : null
2025-12-24 22:21:32,082 [WARN] ConditionMgr:1044 - genDependencies : Invalid condition id : UX DEVICE CLASS RTOS Condition cause : null
2025-12-24 22:21:32,101 [WARN] ConditionMgr:1044 - genDependencies : Invalid condition id : UX DEVICE CLASS RTOS Condition cause : null
2025-12-24 22:21:32,120 [WARN] ConditionMgr:1044 - genDependencies : Invalid condition id : UX DEVICE CLASS RTOS Condition cause : null
2025-12-24 22:21:32,156 [WARN] ConditionMgr:1044 - genDependencies : Invalid condition id : UX DEVICE CLASS RTOS Condition cause : null
2025-12-24 22:21:32,161 [INFO] WebApp:191 - Connection restablished
2025-12-24 22:21:32,234 [WARN] PackLoader:240 - Cannot read IP mode file for STMicroelectronics.X-CUBE-GNSS1.7.0.1
2025-12-24 22:21:32,291 [WARN] PackLoader:240 - Cannot read IP mode file for STMicroelectronics.X-CUBE-TOUCHGFX.4.25.0
2025-12-24 22:21:32,410 [WARN] ConditionMgr:438 - getConditionDescription Invalid condition id : Cortex-A Device cause : null
2025-12-24 22:21:32,509 [WARN] ConditionMgr:1044 - genDependencies : Invalid condition id : Cortex-A Device cause : null
2025-12-24 22:21:32,527 [WARN] ConditionMgr:1044 - genDependencies : Invalid condition id : Cortex-A Device cause : null
2025-12-24 22:21:32,528 [WARN] ConditionMgr:1044 - genDependencies : Invalid condition id : Cortex-A Device cause : null
2025-12-24 22:21:32,577 [WARN] PackLoader:240 - Cannot read IP mode file for STMicroelectronics.X-CUBE-SUBG2.5.0.0
2025-12-24 22:21:32,621 [WARN] PackLoader:240 - Cannot read IP mode file for STMicroelectronics.X-CUBE-AZRTOS-H7RS.1.1.0
2025-12-24 22:21:32,696 [WARN] PackLoader:240 - Cannot read IP mode file for Cesanta.I-CUBE-Mongoose.7.13.0
2025-12-24 22:21:32,755 [WARN] PackLoader:240 - Cannot read IP mode file for STMicroelectronics.X-CUBE-AZRTOS-G4.2.0.0
2025-12-24 22:21:32,790 [WARN] PackLoader:240 - Cannot read IP mode file for wolfSSL.I-CUBE-wolfSSH.1.4.20
2025-12-24 22:21:32,830 [WARN] PackLoader:240 - Cannot read IP mode file for STMicroelectronics.X-CUBE-NFC7.2.0.0
2025-12-24 22:21:32,871 [WARN] PackLoader:240 - Cannot read IP mode file for STMicroelectronics.X-CUBE-IPS.3.1.0
2025-12-24 22:21:32,907 [WARN] PackLoader:240 - Cannot read IP mode file for STMicroelectronics.X-CUBE-ALS.1.0.2
2025-12-24 22:21:32,947 [WARN] PackLoader:240 - Cannot read IP mode file for STMicroelectronics.X-CUBE-STSE01.1.0.0
2025-12-24 22:21:33,006 [WARN] PackLoader:240 - Cannot read IP mode file for portGmbH.I-Cube-SoM-uGOAL.1.1.0
2025-12-24 22:21:33,100 [WARN] PackLoader:240 - Cannot read IP mode file for STMicroelectronics.X-CUBE-TOF1.3.4.3
2025-12-24 22:21:33,126 [INFO] ThirdParty:978 - Integrity check success = true
2025-12-24 22:21:33,153 [INFO] IntegrityCheckThread:100 - exiting critical section [integrity check]
2025-12-24 22:21:33,153 [INFO] IntegrityCheckThread:103 - End integrity checks thread
2025-12-24 22:28:56,657 [INFO] WebApp:194 - Connection lost
2025-12-24 22:29:01,993 [INFO] WebApp:191 - Connection restablished
2025-12-24 22:59:59,107 [INFO] WebApp:194 - Connection lost
2025-12-24 23:00:04,179 [INFO] WebApp:191 - Connection restablished
2025-12-24 23:02:36,273 [ERROR] LogOutputStream:75 - [STDERR_REDIRECT] 
