2025-12-25 14:41:51,657 [INFO] Activator:176 - 


2025-12-25 14:41:51,663 [INFO] Activator:177 - !SESSION log4j initialized
2025-12-25 14:41:55,239 [INFO] LogOutputStream:77 - [STDOUT_REDIRECT] 
2025-12-25 14:41:56,545 [ERROR] LogOutputStream:75 - [STDERR_REDIRECT] 
2025-12-25 14:42:00,595 [INFO] LogOutputStream:77 - [STDOUT_REDIRECT] 
2025-12-25 14:42:02,013 [INFO] ApplicationProperties:184 - Using Application install path: /Applications/STM32CubeIDE.app/Contents/Eclipse/plugins/com.st.stm32cube.common.mx_6.15.0.202507011659
2025-12-25 14:42:02,033 [INFO] DbMcusXml:78 - Set database path to: /Applications/STM32CubeIDE.app/Contents/Eclipse/plugins/com.st.stm32cube.common.mx_6.15.0.202507011659//db//mcu/
2025-12-25 14:42:02,033 [INFO] ApiDb:274 - Set plugin database path to: /Applications/STM32CubeIDE.app/Contents/Eclipse/plugins/com.st.stm32cube.common.mx_6.15.0.202507011659//db//plugins/boardmanager/
2025-12-25 14:42:02,034 [WARN] ApiDb:259 - Overriding images path with different value:  => /Applications/STM32CubeIDE.app/Contents/Eclipse/plugins/com.st.stm32cube.common.mx_6.15.0.202507011659//db//plugins/mcufinder/images/
2025-12-25 14:42:02,044 [INFO] ApiDb:250 - Set database path to: /Users/macbookpro/.stmcufinder/plugins/mcufinder//mcu/
2025-12-25 14:42:02,046 [INFO] DbMcusAds:125 - Set database path to: /Users/macbookpro/.stmcufinder/plugins/mcufinder//mcu/
2025-12-25 14:42:02,051 [INFO] CrossReferenceDbSqlite:203 - Set database path to: /Users/macbookpro/.stmcufinder/plugins/mcufinder//mcu/cs/
2025-12-25 14:42:02,208 [INFO] RulesReader:64 - Compatibility file has been processed (317 Rules)
2025-12-25 14:42:02,281 [INFO] DbMcusXml:78 - Set database path to: /Applications/STM32CubeIDE.app/Contents/Eclipse/plugins/com.st.stm32cube.common.mx_6.15.0.202507011659//db//mcu/
2025-12-25 14:42:02,281 [INFO] ApiDb:274 - Set plugin database path to: /Applications/STM32CubeIDE.app/Contents/Eclipse/plugins/com.st.stm32cube.common.mx_6.15.0.202507011659//db//plugins/boardmanager/
2025-12-25 14:42:02,281 [INFO] ApiDb:261 - Set plugin images path to: /Applications/STM32CubeIDE.app/Contents/Eclipse/plugins/com.st.stm32cube.common.mx_6.15.0.202507011659//db//plugins/mcufinder/images/
2025-12-25 14:42:02,282 [WARN] DbFile:41 - Overriding database path with different value: /Users/macbookpro/.stmcufinder/plugins/mcufinder/ => /Users/macbookpro/.stmcufinder/plugins/mcufinder
2025-12-25 14:42:02,282 [INFO] ApiDb:250 - Set database path to: /Users/macbookpro/.stmcufinder/plugins/mcufinder//mcu/
2025-12-25 14:42:02,282 [WARN] DbFile:41 - Overriding database path with different value: /Users/macbookpro/.stmcufinder/plugins/mcufinder/ => /Users/macbookpro/.stmcufinder/plugins/mcufinder
2025-12-25 14:42:02,282 [INFO] DbMcusAds:125 - Set database path to: /Users/macbookpro/.stmcufinder/plugins/mcufinder//mcu/
2025-12-25 14:42:02,282 [WARN] DbFile:41 - Overriding database path with different value: /Users/macbookpro/.stmcufinder/plugins/mcufinder/ => /Users/macbookpro/.stmcufinder/plugins/mcufinder
2025-12-25 14:42:02,282 [WARN] DbFile:41 - Overriding database path with different value: /Users/macbookpro/.stmcufinder/plugins/mcufinder/ => /Users/macbookpro/.stmcufinder/plugins/mcufinder
2025-12-25 14:42:02,282 [INFO] CrossReferenceDbSqlite:203 - Set database path to: /Users/macbookpro/.stmcufinder/plugins/mcufinder//mcu/cs/
2025-12-25 14:42:02,389 [INFO] MainPanel:274 - HeapMemory: 268435456
2025-12-25 14:42:03,381 [INFO] DbMcusXml:78 - Set database path to: /Applications/STM32CubeIDE.app/Contents/Eclipse/plugins/com.st.stm32cube.common.mx_6.15.0.202507011659//db//mcu/
2025-12-25 14:42:03,381 [INFO] ApiDb:274 - Set plugin database path to: /Applications/STM32CubeIDE.app/Contents/Eclipse/plugins/com.st.stm32cube.common.mx_6.15.0.202507011659//db//plugins/boardmanager/
2025-12-25 14:42:03,381 [INFO] ApiDb:261 - Set plugin images path to: /Applications/STM32CubeIDE.app/Contents/Eclipse/plugins/com.st.stm32cube.common.mx_6.15.0.202507011659//db//plugins/mcufinder/images/
2025-12-25 14:42:03,381 [WARN] DbFile:41 - Overriding database path with different value: /Users/macbookpro/.stmcufinder/plugins/mcufinder/ => /Users/macbookpro/.stmcufinder/plugins/mcufinder
2025-12-25 14:42:03,381 [INFO] ApiDb:250 - Set database path to: /Users/macbookpro/.stmcufinder/plugins/mcufinder//mcu/
2025-12-25 14:42:03,381 [WARN] DbFile:41 - Overriding database path with different value: /Users/macbookpro/.stmcufinder/plugins/mcufinder/ => /Users/macbookpro/.stmcufinder/plugins/mcufinder
2025-12-25 14:42:03,381 [INFO] DbMcusAds:125 - Set database path to: /Users/macbookpro/.stmcufinder/plugins/mcufinder//mcu/
2025-12-25 14:42:03,382 [WARN] DbFile:41 - Overriding database path with different value: /Users/macbookpro/.stmcufinder/plugins/mcufinder/ => /Users/macbookpro/.stmcufinder/plugins/mcufinder
2025-12-25 14:42:03,382 [WARN] DbFile:41 - Overriding database path with different value: /Users/macbookpro/.stmcufinder/plugins/mcufinder/ => /Users/macbookpro/.stmcufinder/plugins/mcufinder
2025-12-25 14:42:03,382 [INFO] CrossReferenceDbSqlite:203 - Set database path to: /Users/macbookpro/.stmcufinder/plugins/mcufinder//mcu/cs/
2025-12-25 14:42:03,396 [INFO] ApplicationProperties:184 - Using Application install path: /Applications/STM32CubeIDE.app/Contents/Eclipse/plugins/com.st.stm32cube.common.mx_6.15.0.202507011659
2025-12-25 14:42:03,398 [INFO] PluginManage:196 - Search for loadable plugins [exclusion list=, ]
2025-12-25 14:42:03,399 [INFO] PluginManage:310 - Check plugin analytics
2025-12-25 14:42:03,590 [INFO] AnalyticsPlugin:253 - Accepted Software Licenses: 
2025-12-25 14:42:03,590 [INFO] AnalyticsPlugin:255 - Accepted CMSIS Pack Licenses: 
2025-12-25 14:42:03,591 [INFO] AnalyticsPlugin:257 - Accepted Firmware Licenses: 
2025-12-25 14:42:03,593 [INFO] PluginManage:359 - Loaded plugin analytics (category:tool,tabindex:-1)
2025-12-25 14:42:03,593 [INFO] PluginManage:310 - Check plugin cadmodel
2025-12-25 14:42:03,601 [INFO] CADModel:105 - Init CAD model plugin
2025-12-25 14:42:03,601 [INFO] PluginManage:359 - Loaded plugin cadmodel (category:power,tabindex:5)
2025-12-25 14:42:03,601 [INFO] PluginManage:310 - Check plugin clock
2025-12-25 14:42:03,613 [INFO] PluginManage:359 - Loaded plugin clock (category:base,tabindex:2)
2025-12-25 14:42:03,613 [INFO] PluginManage:310 - Check plugin ddr
2025-12-25 14:42:03,616 [INFO] PluginManage:359 - Loaded plugin ddr (category:tool,tabindex:6)
2025-12-25 14:42:03,616 [INFO] PluginManage:310 - Check plugin filemanager
2025-12-25 14:42:03,795 [INFO] PluginManage:359 - Loaded plugin filemanager (category:base,tabindex:10)
2025-12-25 14:42:03,796 [INFO] PluginManage:310 - Check plugin ipmanager
2025-12-25 14:42:03,802 [INFO] PluginManage:359 - Loaded plugin ipmanager (category:base,tabindex:5)
2025-12-25 14:42:03,802 [INFO] PluginManage:310 - Check plugin lpbam
2025-12-25 14:42:03,815 [INFO] PluginManage:359 - Loaded plugin lpbam (category:base,tabindex:0)
2025-12-25 14:42:03,815 [INFO] PluginManage:310 - Check plugin memorymap
2025-12-25 14:42:03,830 [INFO] PluginManage:359 - Loaded plugin memorymap (category:base,tabindex:4)
2025-12-25 14:42:03,830 [INFO] PluginManage:310 - Check plugin pinoutandconfiguration
2025-12-25 14:42:03,839 [INFO] PluginManage:359 - Loaded plugin pinoutandconfiguration (category:base,tabindex:1)
2025-12-25 14:42:03,839 [INFO] PluginManage:310 - Check plugin pinoutconfig
2025-12-25 14:42:03,929 [WARN] SupportedApi:132 - Cannot load RTOS API schema: s4s-elt-must-match.1: The content of 'definitions' must match (annotation?, (simpleType | complexType)?, (unique | key | keyref)*)). A problem was found starting at: attribute.
2025-12-25 14:42:04,096 [INFO] PluginManage:359 - Loaded plugin pinoutconfig (category:base,tabindex:0)
2025-12-25 14:42:04,096 [INFO] PluginManage:310 - Check plugin power
2025-12-25 14:42:04,109 [INFO] PluginManage:359 - Loaded plugin power (category:power,tabindex:4)
2025-12-25 14:42:04,110 [INFO] PluginManage:310 - Check plugin projectmanager
2025-12-25 14:42:04,128 [INFO] PluginManage:359 - Loaded plugin projectmanager (category:projectmanager,tabindex:4)
2025-12-25 14:42:04,129 [INFO] PluginManage:310 - Check plugin rif
2025-12-25 14:42:04,142 [INFO] PluginManage:359 - Loaded plugin rif (category:base,tabindex:3)
2025-12-25 14:42:04,142 [INFO] PluginManage:310 - Check plugin thirdparty
2025-12-25 14:42:04,267 [INFO] PluginManage:359 - Loaded plugin thirdparty (category:base,tabindex:-1)
2025-12-25 14:42:04,267 [WARN] IntegrityCheckThread:84 - waiting for thirdparty lock release [integrity check]
2025-12-25 14:42:04,268 [INFO] PluginManage:310 - Check plugin tools
2025-12-25 14:42:04,268 [INFO] IntegrityCheckThread:86 - entering critical section [integrity check]
2025-12-25 14:42:04,268 [INFO] ThirdPartyUpdaterWithRetryManager:70 - Updater plugin not ready yet. [1/15]
2025-12-25 14:42:04,270 [INFO] PluginManage:359 - Loaded plugin tools (category:base,tabindex:7)
2025-12-25 14:42:04,270 [INFO] PluginManage:310 - Check plugin tutovideos
2025-12-25 14:42:04,522 [INFO] PluginManage:359 - Loaded plugin tutovideos (category:base,tabindex:-1)
2025-12-25 14:42:04,522 [INFO] PluginManage:310 - Check plugin updater
2025-12-25 14:42:04,543 [INFO] PluginManage:359 - Loaded plugin updater (category:base,tabindex:12)
2025-12-25 14:42:04,543 [INFO] PluginManage:310 - Check plugin userauth
2025-12-25 14:42:04,547 [INFO] UserAuth:118 - Init User Auth plugin
2025-12-25 14:42:04,548 [INFO] PluginManage:359 - Loaded plugin userauth (category:base,tabindex:14)
2025-12-25 14:42:04,548 [INFO] PluginManage:283 - PluginManage : Loaded plugins [18]
2025-12-25 14:42:04,725 [INFO] PinOutPanel:1589 - setPackage(No Configuration,No Configuration)
2025-12-25 14:42:04,800 [INFO] CADModel:165 - CPN selected for project level
2025-12-25 14:42:04,800 [INFO] CADModel:114 - Register for checkConnection events
2025-12-25 14:42:04,815 [INFO] IPUIPlugin:80 - create IPUIPlugin
2025-12-25 14:42:04,815 [INFO] PluginManager:220 - loadIPPluginJar : add mdma
2025-12-25 14:42:04,823 [INFO] IPUIPlugin:80 - create IPUIPlugin
2025-12-25 14:42:04,824 [INFO] PluginManager:220 - loadIPPluginJar : add freertos
2025-12-25 14:42:04,830 [INFO] IPUIPlugin:80 - create IPUIPlugin
2025-12-25 14:42:04,830 [INFO] PluginManager:220 - loadIPPluginJar : add gic
2025-12-25 14:42:04,842 [INFO] IPUIPlugin:80 - create IPUIPlugin
2025-12-25 14:42:04,842 [INFO] PluginManager:220 - loadIPPluginJar : add adc
2025-12-25 14:42:04,845 [INFO] IPUIPlugin:80 - create IPUIPlugin
2025-12-25 14:42:04,845 [INFO] PluginManager:220 - loadIPPluginJar : add gtzc
2025-12-25 14:42:04,847 [INFO] IPUIPlugin:80 - create IPUIPlugin
2025-12-25 14:42:04,847 [INFO] PluginManager:220 - loadIPPluginJar : add quadspi
2025-12-25 14:42:04,849 [INFO] IPUIPlugin:80 - create IPUIPlugin
2025-12-25 14:42:04,849 [INFO] PluginManager:220 - loadIPPluginJar : add aes
2025-12-25 14:42:04,852 [INFO] IPUIPlugin:80 - create IPUIPlugin
2025-12-25 14:42:04,852 [INFO] PluginManager:220 - loadIPPluginJar : add pdm2pcm
2025-12-25 14:42:04,854 [INFO] IPUIPlugin:80 - create IPUIPlugin
2025-12-25 14:42:04,854 [INFO] PluginManager:220 - loadIPPluginJar : add hash
2025-12-25 14:42:04,856 [INFO] IPUIPlugin:80 - create IPUIPlugin
2025-12-25 14:42:04,856 [INFO] PluginManager:220 - loadIPPluginJar : add tim
2025-12-25 14:42:04,858 [INFO] IPUIPlugin:80 - create IPUIPlugin
2025-12-25 14:42:04,858 [INFO] PluginManager:220 - loadIPPluginJar : add tsc
2025-12-25 14:42:04,861 [INFO] IPUIPlugin:80 - create IPUIPlugin
2025-12-25 14:42:04,861 [INFO] PluginManager:220 - loadIPPluginJar : add extmemmanager
2025-12-25 14:42:04,863 [INFO] IPUIPlugin:80 - create IPUIPlugin
2025-12-25 14:42:04,864 [INFO] PluginManager:220 - loadIPPluginJar : add ts
2025-12-25 14:42:04,865 [INFO] IPUIPlugin:80 - create IPUIPlugin
2025-12-25 14:42:04,866 [INFO] PluginManager:220 - loadIPPluginJar : add radio
2025-12-25 14:42:04,868 [INFO] IPUIPlugin:80 - create IPUIPlugin
2025-12-25 14:42:04,869 [INFO] PluginManager:220 - loadIPPluginJar : add can
2025-12-25 14:42:04,871 [INFO] IPUIPlugin:80 - create IPUIPlugin
2025-12-25 14:42:04,872 [INFO] PluginManager:220 - loadIPPluginJar : add dma3
2025-12-25 14:42:04,874 [INFO] IPUIPlugin:80 - create IPUIPlugin
2025-12-25 14:42:04,874 [INFO] PluginManager:220 - loadIPPluginJar : add dfsdm
2025-12-25 14:42:04,876 [INFO] IPUIPlugin:80 - create IPUIPlugin
2025-12-25 14:42:04,876 [INFO] PluginManager:220 - loadIPPluginJar : add spi
2025-12-25 14:42:04,879 [INFO] IPUIPlugin:80 - create IPUIPlugin
2025-12-25 14:42:04,879 [INFO] PluginManager:220 - loadIPPluginJar : add gfxmmu
2025-12-25 14:42:04,881 [INFO] IPUIPlugin:80 - create IPUIPlugin
2025-12-25 14:42:04,881 [INFO] PluginManager:220 - loadIPPluginJar : add genericplugin
2025-12-25 14:42:04,884 [INFO] IPUIPlugin:80 - create IPUIPlugin
2025-12-25 14:42:04,884 [INFO] PluginManager:220 - loadIPPluginJar : add cryp
2025-12-25 14:42:04,890 [INFO] IPUIPlugin:80 - create IPUIPlugin
2025-12-25 14:42:04,890 [INFO] PluginManager:220 - loadIPPluginJar : add gpio
2025-12-25 14:42:04,894 [INFO] IPUIPlugin:80 - create IPUIPlugin
2025-12-25 14:42:04,894 [INFO] PluginManager:220 - loadIPPluginJar : add ddr_ctrl_phy
2025-12-25 14:42:04,896 [INFO] IPUIPlugin:80 - create IPUIPlugin
2025-12-25 14:42:04,897 [INFO] PluginManager:220 - loadIPPluginJar : add comp
2025-12-25 14:42:04,899 [INFO] IPUIPlugin:80 - create IPUIPlugin
2025-12-25 14:42:04,899 [INFO] PluginManager:220 - loadIPPluginJar : add tracer_emb
2025-12-25 14:42:04,902 [INFO] IPUIPlugin:80 - create IPUIPlugin
2025-12-25 14:42:04,902 [INFO] PluginManager:220 - loadIPPluginJar : add openamp
2025-12-25 14:42:04,910 [INFO] IPUIPlugin:80 - create IPUIPlugin
2025-12-25 14:42:04,910 [INFO] PluginManager:220 - loadIPPluginJar : add stm32_wpan
2025-12-25 14:42:04,918 [INFO] IPUIPlugin:80 - create IPUIPlugin
2025-12-25 14:42:04,920 [INFO] PluginManager:220 - loadIPPluginJar : add plateformsettings
2025-12-25 14:42:04,925 [INFO] IPUIPlugin:80 - create IPUIPlugin
2025-12-25 14:42:04,925 [INFO] PluginManager:220 - loadIPPluginJar : add ipddr
2025-12-25 14:42:04,928 [INFO] IPUIPlugin:80 - create IPUIPlugin
2025-12-25 14:42:04,928 [INFO] PluginManager:220 - loadIPPluginJar : add usart
2025-12-25 14:42:04,930 [INFO] IPUIPlugin:80 - create IPUIPlugin
2025-12-25 14:42:04,930 [INFO] PluginManager:220 - loadIPPluginJar : add ltdc
2025-12-25 14:42:04,935 [INFO] IPUIPlugin:80 - create IPUIPlugin
2025-12-25 14:42:04,935 [INFO] PluginManager:220 - loadIPPluginJar : add nvic
2025-12-25 14:42:04,936 [INFO] IPUIPlugin:80 - create IPUIPlugin
2025-12-25 14:42:04,937 [INFO] PluginManager:220 - loadIPPluginJar : add fatfs
2025-12-25 14:42:04,946 [INFO] IPUIPlugin:80 - create IPUIPlugin
2025-12-25 14:42:04,946 [INFO] PluginManager:220 - loadIPPluginJar : add linkedlist
2025-12-25 14:42:04,953 [INFO] IPUIPlugin:80 - create IPUIPlugin
2025-12-25 14:42:04,953 [INFO] PluginManager:220 - loadIPPluginJar : add dma
2025-12-25 14:42:04,958 [INFO] IPUIPlugin:80 - create IPUIPlugin
2025-12-25 14:42:04,958 [INFO] PluginManager:220 - loadIPPluginJar : add fmc
2025-12-25 14:42:04,961 [INFO] IPUIPlugin:80 - create IPUIPlugin
2025-12-25 14:42:04,961 [INFO] PluginManager:220 - loadIPPluginJar : add i2s
2025-12-25 14:42:04,963 [INFO] IPUIPlugin:80 - create IPUIPlugin
2025-12-25 14:42:04,963 [INFO] PluginManager:220 - loadIPPluginJar : add ucpd
2025-12-25 14:42:04,966 [INFO] IPUIPlugin:80 - create IPUIPlugin
2025-12-25 14:42:04,966 [INFO] PluginManager:220 - loadIPPluginJar : add lorawan
2025-12-25 14:42:04,968 [INFO] IPUIPlugin:80 - create IPUIPlugin
2025-12-25 14:42:04,968 [INFO] PluginManager:220 - loadIPPluginJar : add opamp
2025-12-25 14:42:04,971 [INFO] IPUIPlugin:80 - create IPUIPlugin
2025-12-25 14:42:04,971 [INFO] PluginManager:220 - loadIPPluginJar : add i3c
2025-12-25 14:42:04,975 [INFO] IPUIPlugin:80 - create IPUIPlugin
2025-12-25 14:42:04,975 [INFO] PluginManager:220 - loadIPPluginJar : add touchsensing
2025-12-25 14:42:04,979 [INFO] IPUIPlugin:80 - create IPUIPlugin
2025-12-25 14:42:04,980 [INFO] PluginManager:220 - loadIPPluginJar : add i2c
2025-12-25 14:42:04,984 [INFO] IPUIPlugin:80 - create IPUIPlugin
2025-12-25 14:42:04,984 [INFO] PluginManager:220 - loadIPPluginJar : add resmgrutility
2025-12-25 14:42:04,987 [INFO] IPUIPlugin:80 - create IPUIPlugin
2025-12-25 14:42:04,987 [INFO] PluginManager:220 - loadIPPluginJar : add sai
2025-12-25 14:42:04,991 [INFO] IPUIPlugin:80 - create IPUIPlugin
2025-12-25 14:42:04,991 [INFO] PluginManager:220 - loadIPPluginJar : add usbx
2025-12-25 14:42:05,093 [FATAL] Updater:351 - Updater called before beeing initialized
2025-12-25 14:42:05,126 [INFO] RulesReader:64 - Compatibility file has been processed (317 Rules)
2025-12-25 14:42:05,140 [INFO] RulesReader:64 - Compatibility file has been processed (317 Rules)
2025-12-25 14:42:05,149 [INFO] CADModel:165 - CPN selected for project level
2025-12-25 14:42:05,149 [INFO] CADModel:114 - Register for checkConnection events
2025-12-25 14:42:05,149 [FATAL] Updater:351 - Updater called before beeing initialized
2025-12-25 14:42:05,149 [ERROR] CADModel:125 - Updater not yet initialized, retry later 
2025-12-25 14:42:05,386 [FATAL] Updater:351 - Updater called before beeing initialized
2025-12-25 14:42:05,390 [INFO] CADModel:165 - CPN selected for project level
2025-12-25 14:42:05,390 [INFO] CADModel:114 - Register for checkConnection events
2025-12-25 14:42:05,390 [FATAL] Updater:351 - Updater called before beeing initialized
2025-12-25 14:42:05,390 [ERROR] CADModel:125 - Updater not yet initialized, retry later 
2025-12-25 14:42:05,395 [FATAL] Updater:351 - Updater called before beeing initialized
2025-12-25 14:42:05,493 [FATAL] Updater:351 - Updater called before beeing initialized
2025-12-25 14:42:05,500 [INFO] DbMcusAds:53 - JSON generation date=Tue Jul 08 11:14:23 TRT 2025 (1751962463524)
2025-12-25 14:42:05,500 [FATAL] Updater:351 - Updater called before beeing initialized
2025-12-25 14:42:05,576 [WARN] DetailPanel:346 - Failed to get advertising image, set to default
2025-12-25 14:42:05,666 [FATAL] Updater:351 - Updater called before beeing initialized
2025-12-25 14:42:05,668 [FATAL] Updater:351 - Updater called before beeing initialized
2025-12-25 14:42:05,668 [FATAL] Updater:351 - Updater called before beeing initialized
2025-12-25 14:42:05,668 [WARN] DetailPanel:346 - Failed to get advertising image, set to default
2025-12-25 14:42:05,669 [FATAL] Updater:351 - Updater called before beeing initialized
2025-12-25 14:42:05,707 [ERROR] Updater:1198 - MainUpdater not yet initialized. External WinMGr cannot be set.
2025-12-25 14:42:05,709 [INFO] Updater:1134 - Updater Version found : 6.15.0
2025-12-25 14:42:05,735 [INFO] ApplicationProperties:184 - Using Application install path: /Applications/STM32CubeIDE.app/Contents/Eclipse/plugins/com.st.stm32cube.common.mx_6.15.0.202507011659
2025-12-25 14:42:06,227 [INFO] MainUpdater:2872 - connection check result : 10
2025-12-25 14:42:06,228 [INFO] MainUpdater:289 - Updater Check For Update Now.
2025-12-25 14:42:06,228 [INFO] MicroXplorer:498 - Change Database Version : DB.6.0.150
2025-12-25 14:42:06,235 [INFO] McuFinderGlobals:63 - Set McuFinder mode to 2 (CubeIDE integrated)
2025-12-25 14:42:06,235 [INFO] UserAuth:171 - activating auth plugin
2025-12-25 14:42:06,239 [INFO] UserAuth:487 - Internet connection configuration mode: 1
2025-12-25 14:42:06,268 [INFO] JxBrowserEngine:152 - Initiate JxBrowser Engine with user profile folder
2025-12-25 14:42:06,425 [INFO] CheckServerUpdateThread:120 - End of CheckServer Thread
2025-12-25 14:42:07,559 [WARN] PackLoader:240 - Cannot read IP mode file for STMicroelectronics.FP-SNS-MOTENVWB1.1.4.0
2025-12-25 14:42:07,569 [WARN] PackLoader:240 - Cannot read IP mode file for STMicroelectronics.FP-ATR-ASTRA1.2.0.2
2025-12-25 14:42:07,580 [WARN] PackLoader:240 - Cannot read IP mode file for STMicroelectronics.X-CUBE-SMBUS.2.1.0
2025-12-25 14:42:07,585 [WARN] PackLoader:240 - Cannot read IP mode file for STMicroelectronics.X-CUBE-ST60.1.0.0
2025-12-25 14:42:07,631 [WARN] PackLoader:240 - Cannot read IP mode file for STMicroelectronics.X-CUBE-AZRTOS-F7.1.1.0
2025-12-25 14:42:07,642 [WARN] PackLoader:240 - Cannot read IP mode file for STMicroelectronics.FP-SNS-MOTENV1.5.1.0
2025-12-25 14:42:07,658 [WARN] PackLoader:240 - Cannot read IP mode file for WES.I-CUBE-Cesium.1.4.0
2025-12-25 14:42:07,710 [WARN] PackLoader:240 - Cannot read IP mode file for Infineon.AIROC-Wi-Fi-Bluetooth-STM32.1.7.1
2025-12-25 14:42:07,800 [WARN] PackLoader:240 - Cannot read IP mode file for STMicroelectronics.X-CUBE-AZRTOS-H7.3.4.0
2025-12-25 14:42:07,828 [WARN] PackLoader:240 - Cannot read IP mode file for STMicroelectronics.X-CUBE-DISPLAY.3.0.0
2025-12-25 14:42:07,850 [WARN] PackLoader:240 - Cannot read IP mode file for STMicroelectronics.X-CUBE-NFC10.1.0.0
2025-12-25 14:42:07,861 [WARN] PackLoader:240 - Cannot read IP mode file for STMicroelectronics.X-CUBE-ST60.1.1.0
2025-12-25 14:42:07,870 [WARN] PackLoader:240 - Cannot read IP mode file for emotas.I-CUBE-CANOPEN.1.3.0
2025-12-25 14:42:07,902 [WARN] PackLoader:240 - Cannot read IP mode file for STMicroelectronics.X-CUBE-GNSS1.7.1.0
2025-12-25 14:42:07,924 [WARN] PackLoader:240 - Cannot read IP mode file for STMicroelectronics.FP-SNS-STBOX1.2.1.0
2025-12-25 14:42:07,942 [WARN] PackLoader:240 - Cannot read IP mode file for STMicroelectronics.FP-SNS-SMARTAG2.1.2.0
2025-12-25 14:42:08,033 [WARN] PackLoader:240 - Cannot read IP mode file for STMicroelectronics.FP-SNS-FLIGHT1.5.1.0
2025-12-25 14:42:08,112 [INFO] LogOutputStream:77 - [STDOUT_REDIRECT] 1 : Invalid condition id : UX_CORESTACK_Condition cause : null
2025-12-25 14:42:08,133 [INFO] LogOutputStream:77 - [STDOUT_REDIRECT] 1 : Invalid condition id : UX_CORESTACK_Condition cause : null
2025-12-25 14:42:08,134 [INFO] LogOutputStream:77 - [STDOUT_REDIRECT] 1 : Invalid condition id : UX_CORESTACK_Condition cause : null
2025-12-25 14:42:08,134 [INFO] LogOutputStream:77 - [STDOUT_REDIRECT] 1 : Invalid condition id : UX_CORESTACK_Condition cause : null
2025-12-25 14:42:08,134 [INFO] LogOutputStream:77 - [STDOUT_REDIRECT] 1 : Invalid condition id : UX_CORESTACK_Condition cause : null
2025-12-25 14:42:08,140 [WARN] PackLoader:240 - Cannot read IP mode file for STMicroelectronics.X-CUBE-AZRTOS-WL.2.0.0
2025-12-25 14:42:08,215 [WARN] PackLoader:240 - Cannot read IP mode file for STMicroelectronics.FP-SNS-MOTENV1.5.0.0
2025-12-25 14:42:08,308 [WARN] PackLoader:240 - Cannot read IP mode file for STMicroelectronics.X-CUBE-AZRTOS-H7RS.1.2.0
2025-12-25 14:42:08,418 [WARN] PackLoader:240 - Cannot read IP mode file for STMicroelectronics.X-CUBE-BLE2.3.3.0
2025-12-25 14:42:08,482 [INFO] WebApp:169 - Instantiating new browser for Auth
2025-12-25 14:42:08,627 [WARN] PackLoader:240 - Cannot read IP mode file for STMicroelectronics.X-CUBE-NFC9.1.0.0
2025-12-25 14:42:08,756 [WARN] PackLoader:240 - Cannot read IP mode file for wolfSSL.I-CUBE-wolfSSL.5.8.2
2025-12-25 14:42:08,847 [WARN] PackLoader:240 - Cannot read IP mode file for STMicroelectronics.X-CUBE-BLE1.7.1.0
2025-12-25 14:42:08,902 [WARN] PackLoader:240 - Cannot read IP mode file for wolfSSL.I-CUBE-wolfMQTT.1.19.2
2025-12-25 14:42:09,041 [WARN] PackLoader:240 - Cannot read IP mode file for STMicroelectronics.X-CUBE-FREERTOS.1.4.0
2025-12-25 14:42:09,132 [WARN] PackLoader:240 - Cannot read IP mode file for STMicroelectronics.X-CUBE-EEPRMA1.5.2.0
2025-12-25 14:42:09,197 [WARN] PackLoader:240 - Cannot read IP mode file for STMicroelectronics.X-CUBE-ST67W61.1.1.0
2025-12-25 14:42:09,314 [WARN] PackLoader:240 - Cannot read IP mode file for STMicroelectronics.X-CUBE-MEMS1.12.0.0
2025-12-25 14:42:09,444 [WARN] PackLoader:240 - Cannot read IP mode file for STMicroelectronics.X-CUBE-AZRTOS-G0.1.1.0
2025-12-25 14:42:09,457 [WARN] PackLoader:240 - Cannot read IP mode file for STMicroelectronics.X-CUBE-SAFEA1.1.2.2
2025-12-25 14:42:09,467 [WARN] PackLoader:240 - Cannot read IP mode file for STMicroelectronics.X-CUBE-NFC4.3.0.0
2025-12-25 14:42:09,478 [WARN] PackLoader:240 - Cannot read IP mode file for EmbeddedOffice.I-CUBE-FS-RTOS.1.0.1
2025-12-25 14:42:09,485 [WARN] PackLoader:240 - Cannot read IP mode file for STMicroelectronics.X-CUBE-WB05N.2.0.0
2025-12-25 14:42:09,494 [WARN] PackLoader:240 - Cannot read IP mode file for wolfSSL.I-CUBE-wolfTPM.3.8.0
2025-12-25 14:42:09,501 [WARN] PackLoader:240 - Cannot read IP mode file for STMicroelectronics.X-CUBE-TCPP.4.2.0
2025-12-25 14:42:09,506 [WARN] PackLoader:240 - Cannot read IP mode file for RealThread.X-CUBE-RT-Thread_Nano.4.1.1
2025-12-25 14:42:09,510 [WARN] PackLoader:240 - Cannot read IP mode file for STMicroelectronics.FP-ATR-SIGFOX1.3.2.0
2025-12-25 14:42:09,515 [WARN] PackLoader:240 - Cannot read IP mode file for ITTIA_DB.I-CUBE-ITTIADB.8.9.0
2025-12-25 14:42:09,521 [WARN] PackLoader:240 - Cannot read IP mode file for STMicroelectronics.X-CUBE-ST67W61.1.0.0
2025-12-25 14:42:09,525 [WARN] PackLoader:240 - Cannot read IP mode file for STMicroelectronics.X-CUBE-AI.10.2.0
2025-12-25 14:42:09,552 [WARN] PackLoader:240 - Cannot read IP mode file for SEGGER.I-CUBE-embOS.1.3.1
2025-12-25 14:42:09,591 [INFO] WebApp:463 - Apply proxy settings
2025-12-25 14:42:09,603 [INFO] WebApp:508 - Chromium authenticates against Manually configured proxy
2025-12-25 14:42:09,628 [INFO] WebApp:516 - Username used for proxy authentication: 
2025-12-25 14:42:09,680 [INFO] WebApp:900 - Register for checkConnection events
2025-12-25 14:42:09,690 [INFO] WebApp:463 - Apply proxy settings
2025-12-25 14:42:09,710 [WARN] PackLoader:240 - Cannot read IP mode file for STMicroelectronics.X-CUBE-ALGOBUILD.1.4.0
2025-12-25 14:42:09,711 [INFO] WebApp:508 - Chromium authenticates against Manually configured proxy
2025-12-25 14:42:09,748 [INFO] WebApp:516 - Username used for proxy authentication: 
2025-12-25 14:42:09,789 [WARN] PackLoader:240 - Cannot read IP mode file for STMicroelectronics.X-CUBE-MEMS1.11.3.0
2025-12-25 14:42:09,915 [WARN] PackLoader:240 - Cannot read IP mode file for STMicroelectronics.X-CUBE-PM33A1.1.0.0
2025-12-25 14:42:09,964 [WARN] PackLoader:240 - Cannot read IP mode file for STMicroelectronics.X-CUBE-AZRTOS-F4.1.1.0
2025-12-25 14:42:10,044 [WARN] PackLoader:240 - Cannot read IP mode file for Avnet-IotConnect.X-CUBE-IoTC-DA16k-PMOD.1.0.0
2025-12-25 14:42:10,053 [INFO] WebApp:225 - Starting web application
2025-12-25 14:42:10,085 [INFO] WebApp:593 - Web application path used /Applications/STM32CubeIDE.app/Contents/Eclipse/plugins/com.st.stm32cube.common.mx_6.15.0.202507011659/db/plugins/mcufinder/reactClient1/index.html
2025-12-25 14:42:10,130 [WARN] PackLoader:240 - Cannot read IP mode file for STMicroelectronics.X-CUBE-ISPU.2.1.0
2025-12-25 14:42:10,194 [WARN] PackLoader:240 - Cannot read IP mode file for STMicroelectronics.X-CUBE-IPS.3.2.0
2025-12-25 14:42:10,263 [WARN] PackLoader:240 - Cannot read IP mode file for STMicroelectronics.X-CUBE-NFC12.1.0.0
2025-12-25 14:42:10,348 [WARN] PackLoader:240 - Cannot read IP mode file for STMicroelectronics.X-CUBE-AZRTOS-L5.2.0.0
2025-12-25 14:42:10,414 [WARN] PackLoader:240 - Cannot read IP mode file for STMicroelectronics.X-CUBE-NFC6.3.1.0
2025-12-25 14:42:10,472 [WARN] PackLoader:240 - Cannot read IP mode file for STMicroelectronics.X-CUBE-FREERTOS.1.3.1
2025-12-25 14:42:10,585 [WARN] PackLoader:240 - Cannot read IP mode file for STMicroelectronics.X-CUBE-TOUCHGFX.4.26.0
2025-12-25 14:42:10,651 [INFO] WebApp:191 - Connection restablished
2025-12-25 14:42:10,685 [WARN] PackLoader:240 - Cannot read IP mode file for STMicroelectronics.FP-SNS-STAIOTCFT.1.0.0
2025-12-25 14:42:10,745 [WARN] PackLoader:240 - Cannot read IP mode file for STMicroelectronics.X-CUBE-DPower.1.3.0
2025-12-25 14:42:10,825 [WARN] ConditionMgr:438 - getConditionDescription Invalid condition id : LAN8742 Phy interface Condition cause : null
2025-12-25 14:42:10,841 [WARN] PackLoader:240 - Cannot read IP mode file for STMicroelectronics.X-CUBE-AZRTOS-L4.2.0.0
2025-12-25 14:42:10,878 [WARN] ConditionMgr:1044 - genDependencies : Invalid condition id : LAN8742 Phy interface Condition cause : null
2025-12-25 14:42:10,897 [WARN] ConditionMgr:1044 - genDependencies : Invalid condition id : LAN8742 Phy interface Condition cause : null
2025-12-25 14:42:10,916 [WARN] ConditionMgr:1044 - genDependencies : Invalid condition id : LAN8742 Phy interface Condition cause : null
2025-12-25 14:42:11,049 [WARN] PackLoader:240 - Cannot read IP mode file for STMicroelectronics.X-CUBE-SFXS2LP1.4.0.0
2025-12-25 14:42:11,129 [WARN] PackLoader:240 - Cannot read IP mode file for STMicroelectronics.X-CUBE-BLEMGR.4.1.0
2025-12-25 14:42:11,189 [WARN] ConditionMgr:438 - getConditionDescription Invalid condition id : UX DEVICE CLASS RTOS Condition cause : null
2025-12-25 14:42:11,205 [WARN] ConditionMgr:438 - getConditionDescription Invalid condition id : UX DEVICE CLASS RTOS Condition cause : null
2025-12-25 14:42:11,227 [WARN] PackLoader:240 - Cannot read IP mode file for STMicroelectronics.X-CUBE-AZRTOS-WB.2.0.0
2025-12-25 14:42:11,244 [WARN] ConditionMgr:1044 - genDependencies : Invalid condition id : UX DEVICE CLASS RTOS Condition cause : null
2025-12-25 14:42:11,263 [WARN] ConditionMgr:1044 - genDependencies : Invalid condition id : UX DEVICE CLASS RTOS Condition cause : null
2025-12-25 14:42:11,282 [WARN] ConditionMgr:1044 - genDependencies : Invalid condition id : UX DEVICE CLASS RTOS Condition cause : null
2025-12-25 14:42:11,301 [WARN] ConditionMgr:1044 - genDependencies : Invalid condition id : UX DEVICE CLASS RTOS Condition cause : null
2025-12-25 14:42:11,319 [WARN] ConditionMgr:1044 - genDependencies : Invalid condition id : UX DEVICE CLASS RTOS Condition cause : null
2025-12-25 14:42:11,341 [WARN] PackLoader:240 - Cannot read IP mode file for STMicroelectronics.X-CUBE-GNSS1.7.0.1
2025-12-25 14:42:11,377 [WARN] PackLoader:240 - Cannot read IP mode file for STMicroelectronics.X-CUBE-TOUCHGFX.4.25.0
2025-12-25 14:42:11,436 [WARN] ConditionMgr:438 - getConditionDescription Invalid condition id : Cortex-A Device cause : null
2025-12-25 14:42:11,607 [WARN] ConditionMgr:1044 - genDependencies : Invalid condition id : Cortex-A Device cause : null
2025-12-25 14:42:11,627 [WARN] ConditionMgr:1044 - genDependencies : Invalid condition id : Cortex-A Device cause : null
2025-12-25 14:42:11,662 [WARN] ConditionMgr:1044 - genDependencies : Invalid condition id : Cortex-A Device cause : null
2025-12-25 14:42:11,704 [WARN] PackLoader:240 - Cannot read IP mode file for STMicroelectronics.X-CUBE-SUBG2.5.0.0
2025-12-25 14:42:11,744 [WARN] PackLoader:240 - Cannot read IP mode file for STMicroelectronics.X-CUBE-AZRTOS-H7RS.1.1.0
2025-12-25 14:42:11,762 [WARN] PackLoader:240 - Cannot read IP mode file for Cesanta.I-CUBE-Mongoose.7.13.0
2025-12-25 14:42:11,772 [WARN] PackLoader:240 - Cannot read IP mode file for STMicroelectronics.X-CUBE-AZRTOS-G4.2.0.0
2025-12-25 14:42:11,775 [WARN] PackLoader:240 - Cannot read IP mode file for wolfSSL.I-CUBE-wolfSSH.1.4.20
2025-12-25 14:42:11,778 [WARN] PackLoader:240 - Cannot read IP mode file for STMicroelectronics.X-CUBE-NFC7.2.0.0
2025-12-25 14:42:11,786 [WARN] PackLoader:240 - Cannot read IP mode file for STMicroelectronics.X-CUBE-IPS.3.1.0
2025-12-25 14:42:11,793 [WARN] PackLoader:240 - Cannot read IP mode file for STMicroelectronics.X-CUBE-ALS.1.0.2
2025-12-25 14:42:11,797 [WARN] PackLoader:240 - Cannot read IP mode file for STMicroelectronics.X-CUBE-STSE01.1.0.0
2025-12-25 14:42:11,802 [WARN] PackLoader:240 - Cannot read IP mode file for portGmbH.I-Cube-SoM-uGOAL.1.1.0
2025-12-25 14:42:11,810 [WARN] PackLoader:240 - Cannot read IP mode file for STMicroelectronics.X-CUBE-TOF1.3.4.3
2025-12-25 14:42:11,817 [INFO] ThirdParty:978 - Integrity check success = true
2025-12-25 14:42:11,817 [INFO] IntegrityCheckThread:100 - exiting critical section [integrity check]
2025-12-25 14:42:11,817 [INFO] IntegrityCheckThread:103 - End integrity checks thread
2025-12-25 15:13:42,455 [INFO] WebApp:194 - Connection lost
2025-12-25 15:13:48,152 [INFO] WebApp:191 - Connection restablished
2025-12-25 15:31:40,064 [INFO] WebApp:194 - Connection lost
2025-12-25 15:31:44,702 [INFO] WebApp:191 - Connection restablished
2025-12-25 16:51:18,771 [INFO] WebApp:194 - Connection lost
2025-12-25 16:51:21,760 [INFO] WebApp:191 - Connection restablished
2025-12-25 18:19:42,221 [INFO] WebApp:194 - Connection lost
2025-12-25 18:19:42,587 [INFO] WebApp:191 - Connection restablished
2025-12-25 20:00:38,097 [INFO] WebApp:194 - Connection lost
2025-12-25 20:00:43,588 [INFO] WebApp:191 - Connection restablished
2025-12-25 20:51:37,306 [INFO] WebApp:194 - Connection lost
2025-12-25 20:51:43,774 [INFO] WebApp:191 - Connection restablished
2025-12-25 21:38:22,828 [INFO] WebApp:194 - Connection lost
2025-12-25 21:38:38,817 [INFO] WebApp:191 - Connection restablished
2025-12-25 22:10:41,316 [INFO] WebApp:194 - Connection lost
2025-12-25 22:10:46,483 [INFO] WebApp:191 - Connection restablished
2025-12-25 23:07:28,525 [INFO] WebApp:194 - Connection lost
2025-12-25 23:07:30,621 [INFO] WebApp:191 - Connection restablished
2025-12-25 23:41:43,090 [INFO] WebApp:194 - Connection lost
2025-12-25 23:41:46,877 [INFO] WebApp:191 - Connection restablished
2025-12-25 23:41:56,738 [INFO] WebApp:194 - Connection lost
2025-12-25 23:41:59,709 [INFO] WebApp:191 - Connection restablished
2025-12-25 23:42:01,379 [INFO] WebApp:194 - Connection lost
2025-12-25 23:42:01,519 [INFO] WebApp:191 - Connection restablished
