2025-12-28 19:33:34,905 [INFO] Activator:176 - 


2025-12-28 19:33:34,912 [INFO] Activator:177 - !SESSION log4j initialized
2025-12-28 19:33:36,059 [INFO] LogOutputStream:77 - [STDOUT_REDIRECT] 
2025-12-28 19:33:38,687 [ERROR] LogOutputStream:75 - [STDERR_REDIRECT] 
2025-12-28 19:33:40,867 [INFO] LogOutputStream:77 - [STDOUT_REDIRECT] 
2025-12-28 19:33:42,003 [INFO] ApplicationProperties:184 - Using Application install path: /Applications/STM32CubeIDE.app/Contents/Eclipse/plugins/com.st.stm32cube.common.mx_6.15.0.202507011659
2025-12-28 19:33:42,023 [INFO] DbMcusXml:78 - Set database path to: /Applications/STM32CubeIDE.app/Contents/Eclipse/plugins/com.st.stm32cube.common.mx_6.15.0.202507011659//db//mcu/
2025-12-28 19:33:42,023 [INFO] ApiDb:274 - Set plugin database path to: /Applications/STM32CubeIDE.app/Contents/Eclipse/plugins/com.st.stm32cube.common.mx_6.15.0.202507011659//db//plugins/boardmanager/
2025-12-28 19:33:42,023 [WARN] ApiDb:259 - Overriding images path with different value:  => /Applications/STM32CubeIDE.app/Contents/Eclipse/plugins/com.st.stm32cube.common.mx_6.15.0.202507011659//db//plugins/mcufinder/images/
2025-12-28 19:33:42,031 [INFO] ApiDb:250 - Set database path to: /Users/macbookpro/.stmcufinder/plugins/mcufinder//mcu/
2025-12-28 19:33:42,032 [INFO] DbMcusAds:125 - Set database path to: /Users/macbookpro/.stmcufinder/plugins/mcufinder//mcu/
2025-12-28 19:33:42,035 [INFO] CrossReferenceDbSqlite:203 - Set database path to: /Users/macbookpro/.stmcufinder/plugins/mcufinder//mcu/cs/
2025-12-28 19:33:42,160 [INFO] RulesReader:64 - Compatibility file has been processed (317 Rules)
2025-12-28 19:33:42,206 [INFO] DbMcusXml:78 - Set database path to: /Applications/STM32CubeIDE.app/Contents/Eclipse/plugins/com.st.stm32cube.common.mx_6.15.0.202507011659//db//mcu/
2025-12-28 19:33:42,206 [INFO] ApiDb:274 - Set plugin database path to: /Applications/STM32CubeIDE.app/Contents/Eclipse/plugins/com.st.stm32cube.common.mx_6.15.0.202507011659//db//plugins/boardmanager/
2025-12-28 19:33:42,206 [INFO] ApiDb:261 - Set plugin images path to: /Applications/STM32CubeIDE.app/Contents/Eclipse/plugins/com.st.stm32cube.common.mx_6.15.0.202507011659//db//plugins/mcufinder/images/
2025-12-28 19:33:42,207 [WARN] DbFile:41 - Overriding database path with different value: /Users/macbookpro/.stmcufinder/plugins/mcufinder/ => /Users/macbookpro/.stmcufinder/plugins/mcufinder
2025-12-28 19:33:42,207 [INFO] ApiDb:250 - Set database path to: /Users/macbookpro/.stmcufinder/plugins/mcufinder//mcu/
2025-12-28 19:33:42,207 [WARN] DbFile:41 - Overriding database path with different value: /Users/macbookpro/.stmcufinder/plugins/mcufinder/ => /Users/macbookpro/.stmcufinder/plugins/mcufinder
2025-12-28 19:33:42,207 [INFO] DbMcusAds:125 - Set database path to: /Users/macbookpro/.stmcufinder/plugins/mcufinder//mcu/
2025-12-28 19:33:42,207 [WARN] DbFile:41 - Overriding database path with different value: /Users/macbookpro/.stmcufinder/plugins/mcufinder/ => /Users/macbookpro/.stmcufinder/plugins/mcufinder
2025-12-28 19:33:42,207 [WARN] DbFile:41 - Overriding database path with different value: /Users/macbookpro/.stmcufinder/plugins/mcufinder/ => /Users/macbookpro/.stmcufinder/plugins/mcufinder
2025-12-28 19:33:42,207 [INFO] CrossReferenceDbSqlite:203 - Set database path to: /Users/macbookpro/.stmcufinder/plugins/mcufinder//mcu/cs/
2025-12-28 19:33:42,286 [INFO] MainPanel:274 - HeapMemory: 268435456
2025-12-28 19:33:43,023 [INFO] DbMcusXml:78 - Set database path to: /Applications/STM32CubeIDE.app/Contents/Eclipse/plugins/com.st.stm32cube.common.mx_6.15.0.202507011659//db//mcu/
2025-12-28 19:33:43,023 [INFO] ApiDb:274 - Set plugin database path to: /Applications/STM32CubeIDE.app/Contents/Eclipse/plugins/com.st.stm32cube.common.mx_6.15.0.202507011659//db//plugins/boardmanager/
2025-12-28 19:33:43,023 [INFO] ApiDb:261 - Set plugin images path to: /Applications/STM32CubeIDE.app/Contents/Eclipse/plugins/com.st.stm32cube.common.mx_6.15.0.202507011659//db//plugins/mcufinder/images/
2025-12-28 19:33:43,024 [WARN] DbFile:41 - Overriding database path with different value: /Users/macbookpro/.stmcufinder/plugins/mcufinder/ => /Users/macbookpro/.stmcufinder/plugins/mcufinder
2025-12-28 19:33:43,024 [INFO] ApiDb:250 - Set database path to: /Users/macbookpro/.stmcufinder/plugins/mcufinder//mcu/
2025-12-28 19:33:43,024 [WARN] DbFile:41 - Overriding database path with different value: /Users/macbookpro/.stmcufinder/plugins/mcufinder/ => /Users/macbookpro/.stmcufinder/plugins/mcufinder
2025-12-28 19:33:43,024 [INFO] DbMcusAds:125 - Set database path to: /Users/macbookpro/.stmcufinder/plugins/mcufinder//mcu/
2025-12-28 19:33:43,024 [WARN] DbFile:41 - Overriding database path with different value: /Users/macbookpro/.stmcufinder/plugins/mcufinder/ => /Users/macbookpro/.stmcufinder/plugins/mcufinder
2025-12-28 19:33:43,024 [WARN] DbFile:41 - Overriding database path with different value: /Users/macbookpro/.stmcufinder/plugins/mcufinder/ => /Users/macbookpro/.stmcufinder/plugins/mcufinder
2025-12-28 19:33:43,024 [INFO] CrossReferenceDbSqlite:203 - Set database path to: /Users/macbookpro/.stmcufinder/plugins/mcufinder//mcu/cs/
2025-12-28 19:33:43,049 [INFO] ApplicationProperties:184 - Using Application install path: /Applications/STM32CubeIDE.app/Contents/Eclipse/plugins/com.st.stm32cube.common.mx_6.15.0.202507011659
2025-12-28 19:33:43,052 [INFO] PluginManage:196 - Search for loadable plugins [exclusion list=, ]
2025-12-28 19:33:43,054 [INFO] PluginManage:310 - Check plugin analytics
2025-12-28 19:33:43,222 [INFO] AnalyticsPlugin:253 - Accepted Software Licenses: 
2025-12-28 19:33:43,222 [INFO] AnalyticsPlugin:255 - Accepted CMSIS Pack Licenses: 
2025-12-28 19:33:43,222 [INFO] AnalyticsPlugin:257 - Accepted Firmware Licenses: 
2025-12-28 19:33:43,224 [INFO] PluginManage:359 - Loaded plugin analytics (category:tool,tabindex:-1)
2025-12-28 19:33:43,224 [INFO] PluginManage:310 - Check plugin cadmodel
2025-12-28 19:33:43,231 [INFO] CADModel:105 - Init CAD model plugin
2025-12-28 19:33:43,231 [INFO] PluginManage:359 - Loaded plugin cadmodel (category:power,tabindex:5)
2025-12-28 19:33:43,231 [INFO] PluginManage:310 - Check plugin clock
2025-12-28 19:33:43,239 [INFO] PluginManage:359 - Loaded plugin clock (category:base,tabindex:2)
2025-12-28 19:33:43,240 [INFO] PluginManage:310 - Check plugin ddr
2025-12-28 19:33:43,242 [INFO] PluginManage:359 - Loaded plugin ddr (category:tool,tabindex:6)
2025-12-28 19:33:43,242 [INFO] PluginManage:310 - Check plugin filemanager
2025-12-28 19:33:43,371 [INFO] PluginManage:359 - Loaded plugin filemanager (category:base,tabindex:10)
2025-12-28 19:33:43,371 [INFO] PluginManage:310 - Check plugin ipmanager
2025-12-28 19:33:43,378 [INFO] PluginManage:359 - Loaded plugin ipmanager (category:base,tabindex:5)
2025-12-28 19:33:43,378 [INFO] PluginManage:310 - Check plugin lpbam
2025-12-28 19:33:43,387 [INFO] PluginManage:359 - Loaded plugin lpbam (category:base,tabindex:0)
2025-12-28 19:33:43,387 [INFO] PluginManage:310 - Check plugin memorymap
2025-12-28 19:33:43,400 [INFO] PluginManage:359 - Loaded plugin memorymap (category:base,tabindex:4)
2025-12-28 19:33:43,400 [INFO] PluginManage:310 - Check plugin pinoutandconfiguration
2025-12-28 19:33:43,408 [INFO] PluginManage:359 - Loaded plugin pinoutandconfiguration (category:base,tabindex:1)
2025-12-28 19:33:43,408 [INFO] PluginManage:310 - Check plugin pinoutconfig
2025-12-28 19:33:43,490 [WARN] SupportedApi:132 - Cannot load RTOS API schema: s4s-elt-must-match.1: The content of 'definitions' must match (annotation?, (simpleType | complexType)?, (unique | key | keyref)*)). A problem was found starting at: attribute.
2025-12-28 19:33:43,620 [INFO] PluginManage:359 - Loaded plugin pinoutconfig (category:base,tabindex:0)
2025-12-28 19:33:43,620 [INFO] PluginManage:310 - Check plugin power
2025-12-28 19:33:43,631 [INFO] PluginManage:359 - Loaded plugin power (category:power,tabindex:4)
2025-12-28 19:33:43,631 [INFO] PluginManage:310 - Check plugin projectmanager
2025-12-28 19:33:43,644 [INFO] PluginManage:359 - Loaded plugin projectmanager (category:projectmanager,tabindex:4)
2025-12-28 19:33:43,644 [INFO] PluginManage:310 - Check plugin rif
2025-12-28 19:33:43,653 [INFO] PluginManage:359 - Loaded plugin rif (category:base,tabindex:3)
2025-12-28 19:33:43,653 [INFO] PluginManage:310 - Check plugin thirdparty
2025-12-28 19:33:43,751 [INFO] PluginManage:359 - Loaded plugin thirdparty (category:base,tabindex:-1)
2025-12-28 19:33:43,751 [WARN] IntegrityCheckThread:84 - waiting for thirdparty lock release [integrity check]
2025-12-28 19:33:43,751 [INFO] PluginManage:310 - Check plugin tools
2025-12-28 19:33:43,751 [INFO] IntegrityCheckThread:86 - entering critical section [integrity check]
2025-12-28 19:33:43,751 [INFO] ThirdPartyUpdaterWithRetryManager:70 - Updater plugin not ready yet. [1/15]
2025-12-28 19:33:43,753 [INFO] PluginManage:359 - Loaded plugin tools (category:base,tabindex:7)
2025-12-28 19:33:43,753 [INFO] PluginManage:310 - Check plugin tutovideos
2025-12-28 19:33:43,957 [INFO] PluginManage:359 - Loaded plugin tutovideos (category:base,tabindex:-1)
2025-12-28 19:33:43,957 [INFO] PluginManage:310 - Check plugin updater
2025-12-28 19:33:43,978 [INFO] PluginManage:359 - Loaded plugin updater (category:base,tabindex:12)
2025-12-28 19:33:43,978 [INFO] PluginManage:310 - Check plugin userauth
2025-12-28 19:33:43,983 [INFO] UserAuth:118 - Init User Auth plugin
2025-12-28 19:33:43,983 [INFO] PluginManage:359 - Loaded plugin userauth (category:base,tabindex:14)
2025-12-28 19:33:43,984 [INFO] PluginManage:283 - PluginManage : Loaded plugins [18]
2025-12-28 19:33:44,183 [INFO] PinOutPanel:1589 - setPackage(No Configuration,No Configuration)
2025-12-28 19:33:44,267 [INFO] CADModel:165 - CPN selected for project level
2025-12-28 19:33:44,267 [INFO] CADModel:114 - Register for checkConnection events
2025-12-28 19:33:44,281 [INFO] IPUIPlugin:80 - create IPUIPlugin
2025-12-28 19:33:44,282 [INFO] PluginManager:220 - loadIPPluginJar : add mdma
2025-12-28 19:33:44,290 [INFO] IPUIPlugin:80 - create IPUIPlugin
2025-12-28 19:33:44,290 [INFO] PluginManager:220 - loadIPPluginJar : add freertos
2025-12-28 19:33:44,297 [INFO] IPUIPlugin:80 - create IPUIPlugin
2025-12-28 19:33:44,297 [INFO] PluginManager:220 - loadIPPluginJar : add gic
2025-12-28 19:33:44,308 [INFO] IPUIPlugin:80 - create IPUIPlugin
2025-12-28 19:33:44,308 [INFO] PluginManager:220 - loadIPPluginJar : add adc
2025-12-28 19:33:44,311 [INFO] IPUIPlugin:80 - create IPUIPlugin
2025-12-28 19:33:44,312 [INFO] PluginManager:220 - loadIPPluginJar : add gtzc
2025-12-28 19:33:44,313 [INFO] IPUIPlugin:80 - create IPUIPlugin
2025-12-28 19:33:44,313 [INFO] PluginManager:220 - loadIPPluginJar : add quadspi
2025-12-28 19:33:44,316 [INFO] IPUIPlugin:80 - create IPUIPlugin
2025-12-28 19:33:44,316 [INFO] PluginManager:220 - loadIPPluginJar : add aes
2025-12-28 19:33:44,319 [INFO] IPUIPlugin:80 - create IPUIPlugin
2025-12-28 19:33:44,319 [INFO] PluginManager:220 - loadIPPluginJar : add pdm2pcm
2025-12-28 19:33:44,321 [INFO] IPUIPlugin:80 - create IPUIPlugin
2025-12-28 19:33:44,321 [INFO] PluginManager:220 - loadIPPluginJar : add hash
2025-12-28 19:33:44,322 [INFO] IPUIPlugin:80 - create IPUIPlugin
2025-12-28 19:33:44,323 [INFO] PluginManager:220 - loadIPPluginJar : add tim
2025-12-28 19:33:44,324 [INFO] IPUIPlugin:80 - create IPUIPlugin
2025-12-28 19:33:44,324 [INFO] PluginManager:220 - loadIPPluginJar : add tsc
2025-12-28 19:33:44,327 [INFO] IPUIPlugin:80 - create IPUIPlugin
2025-12-28 19:33:44,327 [INFO] PluginManager:220 - loadIPPluginJar : add extmemmanager
2025-12-28 19:33:44,329 [INFO] IPUIPlugin:80 - create IPUIPlugin
2025-12-28 19:33:44,329 [INFO] PluginManager:220 - loadIPPluginJar : add ts
2025-12-28 19:33:44,330 [INFO] IPUIPlugin:80 - create IPUIPlugin
2025-12-28 19:33:44,331 [INFO] PluginManager:220 - loadIPPluginJar : add radio
2025-12-28 19:33:44,333 [INFO] IPUIPlugin:80 - create IPUIPlugin
2025-12-28 19:33:44,333 [INFO] PluginManager:220 - loadIPPluginJar : add can
2025-12-28 19:33:44,336 [INFO] IPUIPlugin:80 - create IPUIPlugin
2025-12-28 19:33:44,336 [INFO] PluginManager:220 - loadIPPluginJar : add dma3
2025-12-28 19:33:44,338 [INFO] IPUIPlugin:80 - create IPUIPlugin
2025-12-28 19:33:44,338 [INFO] PluginManager:220 - loadIPPluginJar : add dfsdm
2025-12-28 19:33:44,340 [INFO] IPUIPlugin:80 - create IPUIPlugin
2025-12-28 19:33:44,340 [INFO] PluginManager:220 - loadIPPluginJar : add spi
2025-12-28 19:33:44,342 [INFO] IPUIPlugin:80 - create IPUIPlugin
2025-12-28 19:33:44,342 [INFO] PluginManager:220 - loadIPPluginJar : add gfxmmu
2025-12-28 19:33:44,343 [INFO] IPUIPlugin:80 - create IPUIPlugin
2025-12-28 19:33:44,344 [INFO] PluginManager:220 - loadIPPluginJar : add genericplugin
2025-12-28 19:33:44,345 [INFO] IPUIPlugin:80 - create IPUIPlugin
2025-12-28 19:33:44,345 [INFO] PluginManager:220 - loadIPPluginJar : add cryp
2025-12-28 19:33:44,349 [INFO] IPUIPlugin:80 - create IPUIPlugin
2025-12-28 19:33:44,349 [INFO] PluginManager:220 - loadIPPluginJar : add gpio
2025-12-28 19:33:44,352 [INFO] IPUIPlugin:80 - create IPUIPlugin
2025-12-28 19:33:44,352 [INFO] PluginManager:220 - loadIPPluginJar : add ddr_ctrl_phy
2025-12-28 19:33:44,353 [INFO] IPUIPlugin:80 - create IPUIPlugin
2025-12-28 19:33:44,353 [INFO] PluginManager:220 - loadIPPluginJar : add comp
2025-12-28 19:33:44,354 [INFO] IPUIPlugin:80 - create IPUIPlugin
2025-12-28 19:33:44,355 [INFO] PluginManager:220 - loadIPPluginJar : add tracer_emb
2025-12-28 19:33:44,357 [INFO] IPUIPlugin:80 - create IPUIPlugin
2025-12-28 19:33:44,357 [INFO] PluginManager:220 - loadIPPluginJar : add openamp
2025-12-28 19:33:44,364 [INFO] IPUIPlugin:80 - create IPUIPlugin
2025-12-28 19:33:44,364 [INFO] PluginManager:220 - loadIPPluginJar : add stm32_wpan
2025-12-28 19:33:44,370 [INFO] IPUIPlugin:80 - create IPUIPlugin
2025-12-28 19:33:44,372 [INFO] PluginManager:220 - loadIPPluginJar : add plateformsettings
2025-12-28 19:33:44,376 [INFO] IPUIPlugin:80 - create IPUIPlugin
2025-12-28 19:33:44,376 [INFO] PluginManager:220 - loadIPPluginJar : add ipddr
2025-12-28 19:33:44,378 [INFO] IPUIPlugin:80 - create IPUIPlugin
2025-12-28 19:33:44,379 [INFO] PluginManager:220 - loadIPPluginJar : add usart
2025-12-28 19:33:44,380 [INFO] IPUIPlugin:80 - create IPUIPlugin
2025-12-28 19:33:44,380 [INFO] PluginManager:220 - loadIPPluginJar : add ltdc
2025-12-28 19:33:44,383 [INFO] IPUIPlugin:80 - create IPUIPlugin
2025-12-28 19:33:44,383 [INFO] PluginManager:220 - loadIPPluginJar : add nvic
2025-12-28 19:33:44,386 [INFO] IPUIPlugin:80 - create IPUIPlugin
2025-12-28 19:33:44,386 [INFO] PluginManager:220 - loadIPPluginJar : add fatfs
2025-12-28 19:33:44,393 [INFO] IPUIPlugin:80 - create IPUIPlugin
2025-12-28 19:33:44,394 [INFO] PluginManager:220 - loadIPPluginJar : add linkedlist
2025-12-28 19:33:44,399 [INFO] IPUIPlugin:80 - create IPUIPlugin
2025-12-28 19:33:44,399 [INFO] PluginManager:220 - loadIPPluginJar : add dma
2025-12-28 19:33:44,404 [INFO] IPUIPlugin:80 - create IPUIPlugin
2025-12-28 19:33:44,404 [INFO] PluginManager:220 - loadIPPluginJar : add fmc
2025-12-28 19:33:44,406 [INFO] IPUIPlugin:80 - create IPUIPlugin
2025-12-28 19:33:44,407 [INFO] PluginManager:220 - loadIPPluginJar : add i2s
2025-12-28 19:33:44,408 [INFO] IPUIPlugin:80 - create IPUIPlugin
2025-12-28 19:33:44,409 [INFO] PluginManager:220 - loadIPPluginJar : add ucpd
2025-12-28 19:33:44,411 [INFO] IPUIPlugin:80 - create IPUIPlugin
2025-12-28 19:33:44,411 [INFO] PluginManager:220 - loadIPPluginJar : add lorawan
2025-12-28 19:33:44,413 [INFO] IPUIPlugin:80 - create IPUIPlugin
2025-12-28 19:33:44,414 [INFO] PluginManager:220 - loadIPPluginJar : add opamp
2025-12-28 19:33:44,416 [INFO] IPUIPlugin:80 - create IPUIPlugin
2025-12-28 19:33:44,416 [INFO] PluginManager:220 - loadIPPluginJar : add i3c
2025-12-28 19:33:44,419 [INFO] IPUIPlugin:80 - create IPUIPlugin
2025-12-28 19:33:44,419 [INFO] PluginManager:220 - loadIPPluginJar : add touchsensing
2025-12-28 19:33:44,422 [INFO] IPUIPlugin:80 - create IPUIPlugin
2025-12-28 19:33:44,422 [INFO] PluginManager:220 - loadIPPluginJar : add i2c
2025-12-28 19:33:44,425 [INFO] IPUIPlugin:80 - create IPUIPlugin
2025-12-28 19:33:44,425 [INFO] PluginManager:220 - loadIPPluginJar : add resmgrutility
2025-12-28 19:33:44,428 [INFO] IPUIPlugin:80 - create IPUIPlugin
2025-12-28 19:33:44,428 [INFO] PluginManager:220 - loadIPPluginJar : add sai
2025-12-28 19:33:44,431 [INFO] IPUIPlugin:80 - create IPUIPlugin
2025-12-28 19:33:44,431 [INFO] PluginManager:220 - loadIPPluginJar : add usbx
2025-12-28 19:33:44,534 [FATAL] Updater:351 - Updater called before beeing initialized
2025-12-28 19:33:44,563 [INFO] RulesReader:64 - Compatibility file has been processed (317 Rules)
2025-12-28 19:33:44,576 [INFO] RulesReader:64 - Compatibility file has been processed (317 Rules)
2025-12-28 19:33:44,582 [INFO] CADModel:165 - CPN selected for project level
2025-12-28 19:33:44,582 [INFO] CADModel:114 - Register for checkConnection events
2025-12-28 19:33:44,583 [FATAL] Updater:351 - Updater called before beeing initialized
2025-12-28 19:33:44,583 [ERROR] CADModel:125 - Updater not yet initialized, retry later 
2025-12-28 19:33:44,792 [FATAL] Updater:351 - Updater called before beeing initialized
2025-12-28 19:33:44,795 [INFO] CADModel:165 - CPN selected for project level
2025-12-28 19:33:44,795 [INFO] CADModel:114 - Register for checkConnection events
2025-12-28 19:33:44,795 [FATAL] Updater:351 - Updater called before beeing initialized
2025-12-28 19:33:44,795 [ERROR] CADModel:125 - Updater not yet initialized, retry later 
2025-12-28 19:33:44,800 [FATAL] Updater:351 - Updater called before beeing initialized
2025-12-28 19:33:44,876 [FATAL] Updater:351 - Updater called before beeing initialized
2025-12-28 19:33:44,880 [INFO] DbMcusAds:53 - JSON generation date=Tue Jul 08 11:14:23 TRT 2025 (1751962463524)
2025-12-28 19:33:44,881 [FATAL] Updater:351 - Updater called before beeing initialized
2025-12-28 19:33:44,970 [WARN] DetailPanel:346 - Failed to get advertising image, set to default
2025-12-28 19:33:45,069 [FATAL] Updater:351 - Updater called before beeing initialized
2025-12-28 19:33:45,070 [FATAL] Updater:351 - Updater called before beeing initialized
2025-12-28 19:33:45,070 [FATAL] Updater:351 - Updater called before beeing initialized
2025-12-28 19:33:45,070 [WARN] DetailPanel:346 - Failed to get advertising image, set to default
2025-12-28 19:33:45,071 [FATAL] Updater:351 - Updater called before beeing initialized
2025-12-28 19:33:45,101 [ERROR] Updater:1198 - MainUpdater not yet initialized. External WinMGr cannot be set.
2025-12-28 19:33:45,103 [INFO] Updater:1134 - Updater Version found : 6.15.0
2025-12-28 19:33:45,125 [INFO] ApplicationProperties:184 - Using Application install path: /Applications/STM32CubeIDE.app/Contents/Eclipse/plugins/com.st.stm32cube.common.mx_6.15.0.202507011659
2025-12-28 19:33:45,524 [INFO] MainUpdater:2872 - connection check result : 10
2025-12-28 19:33:45,525 [INFO] MainUpdater:289 - Updater Check For Update Now.
2025-12-28 19:33:45,525 [INFO] MicroXplorer:498 - Change Database Version : DB.6.0.150
2025-12-28 19:33:45,531 [INFO] McuFinderGlobals:63 - Set McuFinder mode to 2 (CubeIDE integrated)
2025-12-28 19:33:45,531 [INFO] UserAuth:171 - activating auth plugin
2025-12-28 19:33:45,534 [INFO] UserAuth:487 - Internet connection configuration mode: 1
2025-12-28 19:33:45,568 [INFO] JxBrowserEngine:152 - Initiate JxBrowser Engine with user profile folder
2025-12-28 19:33:45,718 [INFO] CheckServerUpdateThread:120 - End of CheckServer Thread
2025-12-28 19:33:46,924 [WARN] PackLoader:240 - Cannot read IP mode file for STMicroelectronics.FP-SNS-MOTENVWB1.1.4.0
2025-12-28 19:33:46,930 [WARN] PackLoader:240 - Cannot read IP mode file for STMicroelectronics.FP-ATR-ASTRA1.2.0.2
2025-12-28 19:33:46,939 [WARN] PackLoader:240 - Cannot read IP mode file for STMicroelectronics.X-CUBE-SMBUS.2.1.0
2025-12-28 19:33:46,946 [WARN] PackLoader:240 - Cannot read IP mode file for STMicroelectronics.X-CUBE-ST60.1.0.0
2025-12-28 19:33:47,003 [WARN] PackLoader:240 - Cannot read IP mode file for STMicroelectronics.X-CUBE-AZRTOS-F7.1.1.0
2025-12-28 19:33:47,047 [WARN] PackLoader:240 - Cannot read IP mode file for STMicroelectronics.FP-SNS-MOTENV1.5.1.0
2025-12-28 19:33:47,107 [WARN] PackLoader:240 - Cannot read IP mode file for WES.I-CUBE-Cesium.1.4.0
2025-12-28 19:33:47,175 [WARN] PackLoader:240 - Cannot read IP mode file for Infineon.AIROC-Wi-Fi-Bluetooth-STM32.1.7.1
2025-12-28 19:33:47,213 [WARN] PackLoader:240 - Cannot read IP mode file for STMicroelectronics.X-CUBE-AZRTOS-H7.3.4.0
2025-12-28 19:33:47,244 [WARN] PackLoader:240 - Cannot read IP mode file for STMicroelectronics.X-CUBE-DISPLAY.3.0.0
2025-12-28 19:33:47,283 [WARN] PackLoader:240 - Cannot read IP mode file for STMicroelectronics.X-CUBE-NFC10.1.0.0
2025-12-28 19:33:47,321 [WARN] PackLoader:240 - Cannot read IP mode file for STMicroelectronics.X-CUBE-ST60.1.1.0
2025-12-28 19:33:47,390 [INFO] WebApp:169 - Instantiating new browser for Auth
2025-12-28 19:33:47,401 [WARN] PackLoader:240 - Cannot read IP mode file for emotas.I-CUBE-CANOPEN.1.3.0
2025-12-28 19:33:47,460 [WARN] PackLoader:240 - Cannot read IP mode file for STMicroelectronics.X-CUBE-GNSS1.7.1.0
2025-12-28 19:33:47,540 [WARN] PackLoader:240 - Cannot read IP mode file for STMicroelectronics.FP-SNS-STBOX1.2.1.0
2025-12-28 19:33:47,632 [WARN] PackLoader:240 - Cannot read IP mode file for STMicroelectronics.FP-SNS-SMARTAG2.1.2.0
2025-12-28 19:33:47,705 [WARN] PackLoader:240 - Cannot read IP mode file for STMicroelectronics.FP-SNS-FLIGHT1.5.1.0
2025-12-28 19:33:47,817 [INFO] LogOutputStream:77 - [STDOUT_REDIRECT] 1 : Invalid condition id : UX_CORESTACK_Condition cause : null
2025-12-28 19:33:47,851 [INFO] LogOutputStream:77 - [STDOUT_REDIRECT] 1 : Invalid condition id : UX_CORESTACK_Condition cause : null
2025-12-28 19:33:47,870 [INFO] LogOutputStream:77 - [STDOUT_REDIRECT] 1 : Invalid condition id : UX_CORESTACK_Condition cause : null
2025-12-28 19:33:47,889 [INFO] LogOutputStream:77 - [STDOUT_REDIRECT] 1 : Invalid condition id : UX_CORESTACK_Condition cause : null
2025-12-28 19:33:47,889 [INFO] LogOutputStream:77 - [STDOUT_REDIRECT] 1 : Invalid condition id : UX_CORESTACK_Condition cause : null
2025-12-28 19:33:47,902 [WARN] PackLoader:240 - Cannot read IP mode file for STMicroelectronics.X-CUBE-AZRTOS-WL.2.0.0
2025-12-28 19:33:47,999 [WARN] PackLoader:240 - Cannot read IP mode file for STMicroelectronics.FP-SNS-MOTENV1.5.0.0
2025-12-28 19:33:48,081 [WARN] PackLoader:240 - Cannot read IP mode file for STMicroelectronics.X-CUBE-AZRTOS-H7RS.1.2.0
2025-12-28 19:33:48,154 [WARN] PackLoader:240 - Cannot read IP mode file for STMicroelectronics.X-CUBE-BLE2.3.3.0
2025-12-28 19:33:48,444 [WARN] PackLoader:240 - Cannot read IP mode file for STMicroelectronics.X-CUBE-NFC9.1.0.0
2025-12-28 19:33:48,556 [WARN] PackLoader:240 - Cannot read IP mode file for wolfSSL.I-CUBE-wolfSSL.5.8.2
2025-12-28 19:33:48,620 [INFO] WebApp:463 - Apply proxy settings
2025-12-28 19:33:48,629 [WARN] PackLoader:240 - Cannot read IP mode file for STMicroelectronics.X-CUBE-BLE1.7.1.0
2025-12-28 19:33:48,633 [INFO] WebApp:508 - Chromium authenticates against Manually configured proxy
2025-12-28 19:33:48,693 [INFO] WebApp:516 - Username used for proxy authentication: 
2025-12-28 19:33:48,732 [INFO] WebApp:900 - Register for checkConnection events
2025-12-28 19:33:48,741 [INFO] WebApp:463 - Apply proxy settings
2025-12-28 19:33:48,741 [WARN] PackLoader:240 - Cannot read IP mode file for wolfSSL.I-CUBE-wolfMQTT.1.19.2
2025-12-28 19:33:48,780 [INFO] WebApp:508 - Chromium authenticates against Manually configured proxy
2025-12-28 19:33:48,814 [INFO] WebApp:516 - Username used for proxy authentication: 
2025-12-28 19:33:48,911 [WARN] PackLoader:240 - Cannot read IP mode file for STMicroelectronics.X-CUBE-FREERTOS.1.4.0
2025-12-28 19:33:49,024 [WARN] PackLoader:240 - Cannot read IP mode file for STMicroelectronics.X-CUBE-EEPRMA1.5.2.0
2025-12-28 19:33:49,069 [INFO] WebApp:225 - Starting web application
2025-12-28 19:33:49,079 [INFO] WebApp:593 - Web application path used /Applications/STM32CubeIDE.app/Contents/Eclipse/plugins/com.st.stm32cube.common.mx_6.15.0.202507011659/db/plugins/mcufinder/reactClient1/index.html
2025-12-28 19:33:49,137 [WARN] PackLoader:240 - Cannot read IP mode file for STMicroelectronics.X-CUBE-ST67W61.1.1.0
2025-12-28 19:33:49,255 [WARN] PackLoader:240 - Cannot read IP mode file for STMicroelectronics.X-CUBE-MEMS1.12.0.0
2025-12-28 19:33:49,469 [WARN] PackLoader:240 - Cannot read IP mode file for STMicroelectronics.X-CUBE-AZRTOS-G0.1.1.0
2025-12-28 19:33:49,595 [WARN] PackLoader:240 - Cannot read IP mode file for STMicroelectronics.X-CUBE-SAFEA1.1.2.2
2025-12-28 19:33:49,653 [WARN] PackLoader:240 - Cannot read IP mode file for STMicroelectronics.X-CUBE-NFC4.3.0.0
2025-12-28 19:33:49,734 [WARN] PackLoader:240 - Cannot read IP mode file for EmbeddedOffice.I-CUBE-FS-RTOS.1.0.1
2025-12-28 19:33:49,772 [WARN] PackLoader:240 - Cannot read IP mode file for STMicroelectronics.X-CUBE-WB05N.2.0.0
2025-12-28 19:33:49,865 [WARN] PackLoader:240 - Cannot read IP mode file for wolfSSL.I-CUBE-wolfTPM.3.8.0
2025-12-28 19:33:49,940 [WARN] PackLoader:240 - Cannot read IP mode file for STMicroelectronics.X-CUBE-TCPP.4.2.0
2025-12-28 19:33:49,963 [INFO] WebApp:191 - Connection restablished
2025-12-28 19:33:50,034 [WARN] PackLoader:240 - Cannot read IP mode file for RealThread.X-CUBE-RT-Thread_Nano.4.1.1
2025-12-28 19:33:50,110 [WARN] PackLoader:240 - Cannot read IP mode file for STMicroelectronics.FP-ATR-SIGFOX1.3.2.0
2025-12-28 19:33:50,208 [WARN] PackLoader:240 - Cannot read IP mode file for ITTIA_DB.I-CUBE-ITTIADB.8.9.0
2025-12-28 19:33:50,249 [WARN] PackLoader:240 - Cannot read IP mode file for STMicroelectronics.X-CUBE-ST67W61.1.0.0
2025-12-28 19:33:50,289 [WARN] PackLoader:240 - Cannot read IP mode file for STMicroelectronics.X-CUBE-AI.10.2.0
2025-12-28 19:33:50,393 [WARN] PackLoader:240 - Cannot read IP mode file for SEGGER.I-CUBE-embOS.1.3.1
2025-12-28 19:33:50,447 [WARN] PackLoader:240 - Cannot read IP mode file for STMicroelectronics.X-CUBE-ALGOBUILD.1.4.0
2025-12-28 19:33:50,505 [WARN] PackLoader:240 - Cannot read IP mode file for STMicroelectronics.X-CUBE-MEMS1.11.3.0
2025-12-28 19:33:50,611 [WARN] PackLoader:240 - Cannot read IP mode file for STMicroelectronics.X-CUBE-PM33A1.1.0.0
2025-12-28 19:33:50,671 [WARN] PackLoader:240 - Cannot read IP mode file for STMicroelectronics.X-CUBE-AZRTOS-F4.1.1.0
2025-12-28 19:33:50,703 [WARN] PackLoader:240 - Cannot read IP mode file for Avnet-IotConnect.X-CUBE-IoTC-DA16k-PMOD.1.0.0
2025-12-28 19:33:50,759 [WARN] PackLoader:240 - Cannot read IP mode file for STMicroelectronics.X-CUBE-ISPU.2.1.0
2025-12-28 19:33:50,805 [WARN] PackLoader:240 - Cannot read IP mode file for STMicroelectronics.X-CUBE-IPS.3.2.0
2025-12-28 19:33:50,840 [WARN] PackLoader:240 - Cannot read IP mode file for STMicroelectronics.X-CUBE-NFC12.1.0.0
2025-12-28 19:33:50,935 [WARN] PackLoader:240 - Cannot read IP mode file for STMicroelectronics.X-CUBE-AZRTOS-L5.2.0.0
2025-12-28 19:33:50,971 [WARN] PackLoader:240 - Cannot read IP mode file for STMicroelectronics.X-CUBE-NFC6.3.1.0
2025-12-28 19:33:51,000 [WARN] PackLoader:240 - Cannot read IP mode file for STMicroelectronics.X-CUBE-FREERTOS.1.3.1
2025-12-28 19:33:51,005 [WARN] PackLoader:240 - Cannot read IP mode file for STMicroelectronics.X-CUBE-TOUCHGFX.4.26.0
2025-12-28 19:33:51,009 [WARN] PackLoader:240 - Cannot read IP mode file for STMicroelectronics.FP-SNS-STAIOTCFT.1.0.0
2025-12-28 19:33:51,014 [WARN] PackLoader:240 - Cannot read IP mode file for STMicroelectronics.X-CUBE-DPower.1.3.0
2025-12-28 19:33:51,029 [WARN] ConditionMgr:438 - getConditionDescription Invalid condition id : LAN8742 Phy interface Condition cause : null
2025-12-28 19:33:51,029 [WARN] PackLoader:240 - Cannot read IP mode file for STMicroelectronics.X-CUBE-AZRTOS-L4.2.0.0
2025-12-28 19:33:51,031 [WARN] ConditionMgr:1044 - genDependencies : Invalid condition id : LAN8742 Phy interface Condition cause : null
2025-12-28 19:33:51,031 [WARN] ConditionMgr:1044 - genDependencies : Invalid condition id : LAN8742 Phy interface Condition cause : null
2025-12-28 19:33:51,032 [WARN] ConditionMgr:1044 - genDependencies : Invalid condition id : LAN8742 Phy interface Condition cause : null
2025-12-28 19:33:51,039 [WARN] PackLoader:240 - Cannot read IP mode file for STMicroelectronics.X-CUBE-SFXS2LP1.4.0.0
2025-12-28 19:33:51,050 [WARN] PackLoader:240 - Cannot read IP mode file for STMicroelectronics.X-CUBE-BLEMGR.4.1.0
2025-12-28 19:33:51,082 [WARN] ConditionMgr:438 - getConditionDescription Invalid condition id : UX DEVICE CLASS RTOS Condition cause : null
2025-12-28 19:33:51,100 [WARN] ConditionMgr:438 - getConditionDescription Invalid condition id : UX DEVICE CLASS RTOS Condition cause : null
2025-12-28 19:33:51,102 [WARN] PackLoader:240 - Cannot read IP mode file for STMicroelectronics.X-CUBE-AZRTOS-WB.2.0.0
2025-12-28 19:33:51,121 [WARN] ConditionMgr:1044 - genDependencies : Invalid condition id : UX DEVICE CLASS RTOS Condition cause : null
2025-12-28 19:33:51,121 [WARN] ConditionMgr:1044 - genDependencies : Invalid condition id : UX DEVICE CLASS RTOS Condition cause : null
2025-12-28 19:33:51,121 [WARN] ConditionMgr:1044 - genDependencies : Invalid condition id : UX DEVICE CLASS RTOS Condition cause : null
2025-12-28 19:33:51,121 [WARN] ConditionMgr:1044 - genDependencies : Invalid condition id : UX DEVICE CLASS RTOS Condition cause : null
2025-12-28 19:33:51,121 [WARN] ConditionMgr:1044 - genDependencies : Invalid condition id : UX DEVICE CLASS RTOS Condition cause : null
2025-12-28 19:33:51,125 [WARN] PackLoader:240 - Cannot read IP mode file for STMicroelectronics.X-CUBE-GNSS1.7.0.1
2025-12-28 19:33:51,129 [WARN] PackLoader:240 - Cannot read IP mode file for STMicroelectronics.X-CUBE-TOUCHGFX.4.25.0
2025-12-28 19:33:51,132 [WARN] ConditionMgr:438 - getConditionDescription Invalid condition id : Cortex-A Device cause : null
2025-12-28 19:33:51,156 [WARN] ConditionMgr:1044 - genDependencies : Invalid condition id : Cortex-A Device cause : null
2025-12-28 19:33:51,156 [WARN] ConditionMgr:1044 - genDependencies : Invalid condition id : Cortex-A Device cause : null
2025-12-28 19:33:51,156 [WARN] ConditionMgr:1044 - genDependencies : Invalid condition id : Cortex-A Device cause : null
2025-12-28 19:33:51,178 [WARN] PackLoader:240 - Cannot read IP mode file for STMicroelectronics.X-CUBE-SUBG2.5.0.0
2025-12-28 19:33:51,222 [WARN] PackLoader:240 - Cannot read IP mode file for STMicroelectronics.X-CUBE-AZRTOS-H7RS.1.1.0
2025-12-28 19:33:51,261 [WARN] PackLoader:240 - Cannot read IP mode file for Cesanta.I-CUBE-Mongoose.7.13.0
2025-12-28 19:33:51,289 [WARN] PackLoader:240 - Cannot read IP mode file for STMicroelectronics.X-CUBE-AZRTOS-G4.2.0.0
2025-12-28 19:33:51,323 [WARN] PackLoader:240 - Cannot read IP mode file for wolfSSL.I-CUBE-wolfSSH.1.4.20
2025-12-28 19:33:51,326 [WARN] PackLoader:240 - Cannot read IP mode file for STMicroelectronics.X-CUBE-NFC7.2.0.0
2025-12-28 19:33:51,336 [WARN] PackLoader:240 - Cannot read IP mode file for STMicroelectronics.X-CUBE-IPS.3.1.0
2025-12-28 19:33:51,375 [WARN] PackLoader:240 - Cannot read IP mode file for STMicroelectronics.X-CUBE-ALS.1.0.2
2025-12-28 19:33:51,436 [WARN] PackLoader:240 - Cannot read IP mode file for STMicroelectronics.X-CUBE-STSE01.1.0.0
2025-12-28 19:33:51,474 [WARN] PackLoader:240 - Cannot read IP mode file for portGmbH.I-Cube-SoM-uGOAL.1.1.0
2025-12-28 19:33:51,522 [WARN] PackLoader:240 - Cannot read IP mode file for STMicroelectronics.X-CUBE-TOF1.3.4.3
2025-12-28 19:33:51,548 [INFO] ThirdParty:978 - Integrity check success = true
2025-12-28 19:33:51,577 [INFO] IntegrityCheckThread:100 - exiting critical section [integrity check]
2025-12-28 19:33:51,615 [INFO] IntegrityCheckThread:103 - End integrity checks thread
2025-12-28 19:34:40,050 [ERROR] LogOutputStream:75 - [STDERR_REDIRECT] 
