Archive member included to satisfy reference by file (symbol)

/Applications/STM32CubeIDE.app/Contents/Eclipse/plugins/com.st.stm32cube.ide.mcu.externaltools.gnu-tools-for-stm32.13.3.rel1.macos64_1.0.0.202411102158/tools/bin/../lib/gcc/arm-none-eabi/13.3.1/../../../../arm-none-eabi/lib/thumb/v7e-m+fp/hard/libc_nano.a(libc_a-exit.o)
                              /Applications/STM32CubeIDE.app/Contents/Eclipse/plugins/com.st.stm32cube.ide.mcu.externaltools.gnu-tools-for-stm32.13.3.rel1.macos64_1.0.0.202411102158/tools/bin/../lib/gcc/arm-none-eabi/13.3.1/../../../../arm-none-eabi/lib/thumb/v7e-m+fp/hard/crt0.o (exit)
/Applications/STM32CubeIDE.app/Contents/Eclipse/plugins/com.st.stm32cube.ide.mcu.externaltools.gnu-tools-for-stm32.13.3.rel1.macos64_1.0.0.202411102158/tools/bin/../lib/gcc/arm-none-eabi/13.3.1/../../../../arm-none-eabi/lib/thumb/v7e-m+fp/hard/libc_nano.a(libc_a-findfp.o)
                              /Applications/STM32CubeIDE.app/Contents/Eclipse/plugins/com.st.stm32cube.ide.mcu.externaltools.gnu-tools-for-stm32.13.3.rel1.macos64_1.0.0.202411102158/tools/bin/../lib/gcc/arm-none-eabi/13.3.1/../../../../arm-none-eabi/lib/thumb/v7e-m+fp/hard/libc_nano.a(libc_a-exit.o) (__stdio_exit_handler)
/Applications/STM32CubeIDE.app/Contents/Eclipse/plugins/com.st.stm32cube.ide.mcu.externaltools.gnu-tools-for-stm32.13.3.rel1.macos64_1.0.0.202411102158/tools/bin/../lib/gcc/arm-none-eabi/13.3.1/../../../../arm-none-eabi/lib/thumb/v7e-m+fp/hard/libc_nano.a(libc_a-fwalk.o)
                              /Applications/STM32CubeIDE.app/Contents/Eclipse/plugins/com.st.stm32cube.ide.mcu.externaltools.gnu-tools-for-stm32.13.3.rel1.macos64_1.0.0.202411102158/tools/bin/../lib/gcc/arm-none-eabi/13.3.1/../../../../arm-none-eabi/lib/thumb/v7e-m+fp/hard/libc_nano.a(libc_a-findfp.o) (_fwalk_sglue)
/Applications/STM32CubeIDE.app/Contents/Eclipse/plugins/com.st.stm32cube.ide.mcu.externaltools.gnu-tools-for-stm32.13.3.rel1.macos64_1.0.0.202411102158/tools/bin/../lib/gcc/arm-none-eabi/13.3.1/../../../../arm-none-eabi/lib/thumb/v7e-m+fp/hard/libc_nano.a(libc_a-memset.o)
                              /Applications/STM32CubeIDE.app/Contents/Eclipse/plugins/com.st.stm32cube.ide.mcu.externaltools.gnu-tools-for-stm32.13.3.rel1.macos64_1.0.0.202411102158/tools/bin/../lib/gcc/arm-none-eabi/13.3.1/../../../../arm-none-eabi/lib/thumb/v7e-m+fp/hard/crt0.o (memset)
/Applications/STM32CubeIDE.app/Contents/Eclipse/plugins/com.st.stm32cube.ide.mcu.externaltools.gnu-tools-for-stm32.13.3.rel1.macos64_1.0.0.202411102158/tools/bin/../lib/gcc/arm-none-eabi/13.3.1/../../../../arm-none-eabi/lib/thumb/v7e-m+fp/hard/libc_nano.a(libc_a-errno.o)
                              ./Startup/syscalls.o (__errno)
/Applications/STM32CubeIDE.app/Contents/Eclipse/plugins/com.st.stm32cube.ide.mcu.externaltools.gnu-tools-for-stm32.13.3.rel1.macos64_1.0.0.202411102158/tools/bin/../lib/gcc/arm-none-eabi/13.3.1/../../../../arm-none-eabi/lib/thumb/v7e-m+fp/hard/libc_nano.a(libc_a-init.o)
                              /Applications/STM32CubeIDE.app/Contents/Eclipse/plugins/com.st.stm32cube.ide.mcu.externaltools.gnu-tools-for-stm32.13.3.rel1.macos64_1.0.0.202411102158/tools/bin/../lib/gcc/arm-none-eabi/13.3.1/../../../../arm-none-eabi/lib/thumb/v7e-m+fp/hard/crt0.o (__libc_init_array)
/Applications/STM32CubeIDE.app/Contents/Eclipse/plugins/com.st.stm32cube.ide.mcu.externaltools.gnu-tools-for-stm32.13.3.rel1.macos64_1.0.0.202411102158/tools/bin/../lib/gcc/arm-none-eabi/13.3.1/../../../../arm-none-eabi/lib/thumb/v7e-m+fp/hard/libc_nano.a(libc_a-lock.o)
                              /Applications/STM32CubeIDE.app/Contents/Eclipse/plugins/com.st.stm32cube.ide.mcu.externaltools.gnu-tools-for-stm32.13.3.rel1.macos64_1.0.0.202411102158/tools/bin/../lib/gcc/arm-none-eabi/13.3.1/../../../../arm-none-eabi/lib/thumb/v7e-m+fp/hard/libc_nano.a(libc_a-findfp.o) (__retarget_lock_init_recursive)
/Applications/STM32CubeIDE.app/Contents/Eclipse/plugins/com.st.stm32cube.ide.mcu.externaltools.gnu-tools-for-stm32.13.3.rel1.macos64_1.0.0.202411102158/tools/bin/../lib/gcc/arm-none-eabi/13.3.1/../../../../arm-none-eabi/lib/thumb/v7e-m+fp/hard/libc_nano.a(libc_a-impure.o)
                              /Applications/STM32CubeIDE.app/Contents/Eclipse/plugins/com.st.stm32cube.ide.mcu.externaltools.gnu-tools-for-stm32.13.3.rel1.macos64_1.0.0.202411102158/tools/bin/../lib/gcc/arm-none-eabi/13.3.1/../../../../arm-none-eabi/lib/thumb/v7e-m+fp/hard/libc_nano.a(libc_a-errno.o) (_impure_ptr)
/Applications/STM32CubeIDE.app/Contents/Eclipse/plugins/com.st.stm32cube.ide.mcu.externaltools.gnu-tools-for-stm32.13.3.rel1.macos64_1.0.0.202411102158/tools/bin/../lib/gcc/arm-none-eabi/13.3.1/../../../../arm-none-eabi/lib/thumb/v7e-m+fp/hard/libc_nano.a(libc_a-memcpy-stub.o)
                              ./Src/007spi_txonly_arduino.o (memcpy)
[...]
Memory Configuration

Name             Origin             Length             Attributes
CCMRAM           0x10000000         0x00010000         xrw
RAM              0x20000000         0x00020000         xrw
FLASH            0x08000000         0x00100000         xr
*default*        0x00000000         0xffffffff

Linker script and memory map

LOAD /Applications/STM32CubeIDE.app/Contents/Eclipse/plugins/com.st.stm32cube.ide.mcu.externaltools.gnu-tools-for-stm32.13.3.rel1.macos64_1.0.0.202411102158/tools/bin/../lib/gcc/arm-none-eabi/13.3.1/thumb/v7e-m+fp/hard/crti.o
LOAD /Applications/STM32CubeIDE.app/Contents/Eclipse/plugins/com.st.stm32cube.ide.mcu.externaltools.gnu-tools-for-stm32.13.3.rel1.macos64_1.0.0.202411102158/tools/bin/../lib/gcc/arm-none-eabi/13.3.1/thumb/v7e-m+fp/hard/crtbegin.o
LOAD /Applications/STM32CubeIDE.app/Contents/Eclipse/plugins/com.st.stm32cube.ide.mcu.externaltools.gnu-tools-for-stm32.13.3.rel1.macos64_1.0.0.202411102158/tools/bin/../lib/gcc/arm-none-eabi/13.3.1/../../../../arm-none-eabi/lib/thumb/v7e-m+fp/hard/crt0.o
LOAD ./Driver/Src/stm32f407xx_gpio_driver.o
LOAD ./Driver/Src/stm32f407xx_spi_driver.o
LOAD ./Src/007spi_txonly_arduino.o
LOAD ./Startup/startup_stm32f407vgtx.o
LOAD ./Startup/syscalls.o
LOAD ./Startup/sysmem.o
START GROUP
LOAD /Applications/STM32CubeIDE.app/Contents/Eclipse/plugins/com.st.stm32cube.ide.mcu.externaltools.gnu-tools-for-stm32.13.3.rel1.macos64_1.0.0.202411102158/tools/bin/../lib/gcc/arm-none-eabi/13.3.1/../../../../arm-none-eabi/lib/thumb/v7e-m+fp/hard/libc_nano.a
LOAD /Applications/STM32CubeIDE.app/Contents/Eclipse/plugins/com.st.stm32cube.ide.mcu.externaltools.gnu-tools-for-stm32.13.3.rel1.macos64_1.0.0.202411102158/tools/bin/../lib/gcc/arm-none-eabi/13.3.1/../../../../arm-none-eabi/lib/thumb/v7e-m+fp/hard/libm.a
END GROUP
START GROUP
LOAD /Applications/STM32CubeIDE.app/Contents/Eclipse/plugins/com.st.stm32cube.ide.mcu.externaltools.gnu-tools-for-stm32.13.3.rel1.macos64_1.0.0.202411102158/tools/bin/../lib/gcc/arm-none-eabi/13.3.1/thumb/v7e-m+fp/hard/libgcc.a
LOAD /Applications/STM32CubeIDE.app/Contents/Eclipse/plugins/com.st.stm32cube.ide.mcu.externaltools.gnu-tools-for-stm32.13.3.rel1.macos64_1.0.0.202411102158/tools/bin/../lib/gcc/arm-none-eabi/13.3.1/../../../../arm-none-eabi/lib/thumb/v7e-m+fp/hard/libc_nano.a
END GROUP
START GROUP
LOAD /Applications/STM32CubeIDE.app/Contents/Eclipse/plugins/com.st.stm32cube.ide.mcu.externaltools.gnu-tools-for-stm32.13.3.rel1.macos64_1.0.0.202411102158/tools/bin/../lib/gcc/arm-none-eabi/13.3.1/thumb/v7e-m+fp/hard/libgcc.a
LOAD /Applications/STM32CubeIDE.app/Contents/Eclipse/plugins/com.st.stm32cube.ide.mcu.externaltools.gnu-tools-for-stm32.13.3.rel1.macos64_1.0.0.202411102158/tools/bin/../lib/gcc/arm-none-eabi/13.3.1/../../../../arm-none-eabi/lib/thumb/v7e-m+fp/hard/libc_nano.a
LOAD /Applications/STM32CubeIDE.app/Contents/Eclipse/plugins/com.st.stm32cube.ide.mcu.externaltools.gnu-tools-for-stm32.13.3.rel1.macos64_1.0.0.202411102158/tools/bin/../lib/gcc/arm-none-eabi/13.3.1/../../../../arm-none-eabi/lib/thumb/v7e-m+fp/hard/libnosys.a
END GROUP
START GROUP
LOAD /Applications/STM32CubeIDE.app/Contents/Eclipse/plugins/com.st.stm32cube.ide.mcu.externaltools.gnu-tools-for-stm32.13.3.rel1.macos64_1.0.0.202411102158/tools/bin/../lib/gcc/arm-none-eabi/13.3.1/thumb/v7e-m+fp/hard/libgcc.a
LOAD /Applications/STM32CubeIDE.app/Contents/Eclipse/plugins/com.st.stm32cube.ide.mcu.externaltools.gnu-tools-for-stm32.13.3.rel1.macos64_1.0.0.202411102158/tools/bin/../lib/gcc/arm-none-eabi/13.3.1/../../../../arm-none-eabi/lib/thumb/v7e-m+fp/hard/libc_nano.a
LOAD /Applications/STM32CubeIDE.app/Contents/Eclipse/plugins/com.st.stm32cube.ide.mcu.externaltools.gnu-tools-for-stm32.13.3.rel1.macos64_1.0.0.202411102158/tools/bin/../lib/gcc/arm-none-eabi/13.3.1/../../../../arm-none-eabi/lib/thumb/v7e-m+fp/hard/libnosys.a
END GROUP
LOAD /Applications/STM32CubeIDE.app/Contents/Eclipse/plugins/com.st.stm32cube.ide.mcu.externaltools.gnu-tools-for-stm32.13.3.rel1.macos64_1.0.0.202411102158/tools/bin/../lib/gcc/arm-none-eabi/13.3.1/thumb/v7e-m+fp/hard/crtend.o
LOAD /Applications/STM32CubeIDE.app/Contents/Eclipse/plugins/com.st.stm32cube.ide.mcu.externaltools.gnu-tools-for-stm32.13.3.rel1.macos64_1.0.0.202411102158/tools/bin/../lib/gcc/arm-none-eabi/13.3.1/thumb/v7e-m+fp/hard/crtn.o
                0x20020000                        _estack = (ORIGIN (RAM) + LENGTH (RAM))
                0x00000200                        _Min_Heap_Size = 0x200
                0x00000400                        _Min_Stack_Size = 0x400

.isr_vector     0x08000000      0x188
                0x08000000                        . = ALIGN (0x4)
 *(.isr_vector)
 .isr_vector    0x08000000      0x188 ./Startup/startup_stm32f407vgtx.o
                0x08000000                g_pfnVectors
                0x08000188                        . = ALIGN (0x4)

.text           0x08000188      0x934
                0x08000188                        . = ALIGN (0x4)
 *(.text)
 .text          0x08000188       0x40 /Applications/STM32CubeIDE.app/Contents/Eclipse/plugins/com.st.stm32cube.ide.mcu.externaltools.gnu-tools-for-stm32.13.3.rel1.macos64_1.0.0.202411102158/tools/bin/../lib/gcc/arm-none-eabi/13.3.1/thumb/v7e-m+fp/hard/crtbegin.o
 .text          0x080001c8       0x10 /Applications/STM32CubeIDE.app/Contents/Eclipse/plugins/com.st.stm32cube.ide.mcu.externaltools.gnu-tools-for-stm32.13.3.rel1.macos64_1.0.0.202411102158/tools/bin/../lib/gcc/arm-none-eabi/13.3.1/../../../../arm-none-eabi/lib/thumb/v7e-m+fp/hard/libc_nano.a(libc_a-strlen.o)
                0x080001c8                strlen
 *(.text*)
 .text.GPIO_PeriClockControl
                0x080001d8      0x10c ./Driver/Src/stm32f407xx_gpio_driver.o
                0x080001d8                GPIO_PeriClockControl
 .text.GPIO_Init
                0x080002e4      0x338 ./Driver/Src/stm32f407xx_gpio_driver.o
                0x080002e4                GPIO_Init
 .text.GPIO_ReadFromInputPin
                0x0800061c       0x2c ./Driver/Src/stm32f407xx_gpio_driver.o
                0x0800061c                GPIO_ReadFromInputPin
 .text.SPI_PeriClockControl
                0x08000648       0x70 ./Driver/Src/stm32f407xx_spi_driver.o
                0x08000648                SPI_PeriClockControl
 .text.SPI_Init
                0x080006b8       0xac ./Driver/Src/stm32f407xx_spi_driver.o
                0x080006b8                SPI_Init
 .text.SPI_GetFlagStatus
                0x08000764       0x28 ./Driver/Src/stm32f407xx_spi_driver.o
                0x08000764                SPI_GetFlagStatus
 .text.SPI_SendData
                0x0800078c       0x6e ./Driver/Src/stm32f407xx_spi_driver.o
                0x0800078c                SPI_SendData
 .text.SPI_PeripheralControl
                0x080007fa       0x38 ./Driver/Src/stm32f407xx_spi_driver.o
                0x080007fa                SPI_PeripheralControl
 .text.SPI_SSOEConfig
                0x08000832       0x38 ./Driver/Src/stm32f407xx_spi_driver.o
                0x08000832                SPI_SSOEConfig
 *fill*         0x0800086a        0x2 
 .text.delay    0x0800086c       0x2c ./Src/007spi_txonly_arduino.o
                0x0800086c                delay
 .text.SPI2_GPIOInits
                0x08000898       0x50 ./Src/007spi_txonly_arduino.o
                0x08000898                SPI2_GPIOInits
 .text.SPI2_Inits
                0x080008e8       0x3c ./Src/007spi_txonly_arduino.o
                0x080008e8                SPI2_Inits
 .text.GPIO_ButtonInit
                0x08000924       0x30 ./Src/007spi_txonly_arduino.o
                0x08000924                GPIO_ButtonInit
 .text.main     0x08000954       0x98 ./Src/007spi_txonly_arduino.o
                0x08000954                main
 .text.Reset_Handler
                0x080009ec       0x50 ./Startup/startup_stm32f407vgtx.o
                0x080009ec                Reset_Handler
 .text.Default_Handler
                0x08000a3c        0x2 ./Startup/startup_stm32f407vgtx.o
                0x08000a3c                DMA1_Stream3_IRQHandler
                0x08000a3c                HASH_RNG_IRQHandler
                0x08000a3c                EXTI2_IRQHandler
                0x08000a3c                TIM8_CC_IRQHandler
                0x08000a3c                DebugMon_Handler
                0x08000a3c                TIM1_CC_IRQHandler
                0x08000a3c                DMA2_Stream5_IRQHandler
                0x08000a3c                HardFault_Handler
                0x08000a3c                DMA1_Stream5_IRQHandler
                0x08000a3c                SysTick_Handler
                0x08000a3c                PVD_IRQHandler
                0x08000a3c                SDIO_IRQHandler
                0x08000a3c                TAMP_STAMP_IRQHandler
                0x08000a3c                PendSV_Handler
                0x08000a3c                NMI_Handler
                0x08000a3c                CAN2_RX1_IRQHandler
                0x08000a3c                EXTI3_IRQHandler
                0x08000a3c                TIM8_TRG_COM_TIM14_IRQHandler
                0x08000a3c                TIM1_UP_TIM10_IRQHandler
                0x08000a3c                TIM8_UP_TIM13_IRQHandler
                0x08000a3c                I2C3_ER_IRQHandler
                0x08000a3c                EXTI0_IRQHandler
                0x08000a3c                I2C2_EV_IRQHandler
                0x08000a3c                DMA1_Stream2_IRQHandler
                0x08000a3c                CAN1_RX0_IRQHandler
                0x08000a3c                FPU_IRQHandler
                0x08000a3c                OTG_HS_WKUP_IRQHandler
                0x08000a3c                UsageFault_Handler
                0x08000a3c                CAN2_SCE_IRQHandler
                0x08000a3c                DMA2_Stream2_IRQHandler
                0x08000a3c                SPI1_IRQHandler
                0x08000a3c                TIM6_DAC_IRQHandler
                0x08000a3c                TIM1_BRK_TIM9_IRQHandler
                0x08000a3c                DCMI_IRQHandler
                0x08000a3c                CAN2_RX0_IRQHandler
                0x08000a3c                DMA2_Stream3_IRQHandler
                0x08000a3c                USART6_IRQHandler
                0x08000a3c                USART3_IRQHandler
                0x08000a3c                CRYP_IRQHandler
                0x08000a3c                CAN1_RX1_IRQHandler
                0x08000a3c                UART5_IRQHandler
                0x08000a3c                DMA2_Stream0_IRQHandler
                0x08000a3c                TIM4_IRQHandler
                0x08000a3c                I2C1_EV_IRQHandler
                0x08000a3c                DMA1_Stream6_IRQHandler
                0x08000a3c                DMA1_Stream1_IRQHandler
                0x08000a3c                UART4_IRQHandler
                0x08000a3c                TIM3_IRQHandler
                0x08000a3c                RCC_IRQHandler
                0x08000a3c                TIM8_BRK_TIM12_IRQHandler
                0x08000a3c                Default_Handler
                0x08000a3c                EXTI15_10_IRQHandler
                0x08000a3c                ADC_IRQHandler
                0x08000a3c                DMA1_Stream7_IRQHandler
                0x08000a3c                TIM7_IRQHandler
                0x08000a3c                CAN2_TX_IRQHandler
                0x08000a3c                TIM5_IRQHandler
                0x08000a3c                DMA2_Stream7_IRQHandler
                0x08000a3c                I2C3_EV_IRQHandler
                0x08000a3c                EXTI9_5_IRQHandler
                0x08000a3c                RTC_WKUP_IRQHandler
                0x08000a3c                ETH_WKUP_IRQHandler
                0x08000a3c                SPI2_IRQHandler
                0x08000a3c                OTG_HS_EP1_IN_IRQHandler
                0x08000a3c                MemManage_Handler
                0x08000a3c                DMA1_Stream0_IRQHandler
                0x08000a3c                CAN1_TX_IRQHandler
                0x08000a3c                SVC_Handler
                0x08000a3c                EXTI4_IRQHandler
                0x08000a3c                FSMC_IRQHandler
                0x08000a3c                ETH_IRQHandler
                0x08000a3c                OTG_HS_EP1_OUT_IRQHandler
                0x08000a3c                WWDG_IRQHandler
                0x08000a3c                TIM2_IRQHandler
                0x08000a3c                OTG_FS_WKUP_IRQHandler
                0x08000a3c                TIM1_TRG_COM_TIM11_IRQHandler
                0x08000a3c                OTG_HS_IRQHandler
                0x08000a3c                EXTI1_IRQHandler
                0x08000a3c                USART2_IRQHandler
                0x08000a3c                I2C2_ER_IRQHandler
                0x08000a3c                DMA2_Stream1_IRQHandler
                0x08000a3c                CAN1_SCE_IRQHandler
                0x08000a3c                DMA2_Stream4_IRQHandler
                0x08000a3c                BusFault_Handler
                0x08000a3c                USART1_IRQHandler
                0x08000a3c                OTG_FS_IRQHandler
                0x08000a3c                SPI3_IRQHandler
                0x08000a3c                DMA1_Stream4_IRQHandler
                0x08000a3c                I2C1_ER_IRQHandler
                0x08000a3c                DMA2_Stream6_IRQHandler
                0x08000a3c                RTC_Alarm_IRQHandler
 *fill*         0x08000a3e        0x2 
 .text.__libc_init_array
                0x08000a40       0x48 /Applications/STM32CubeIDE.app/Contents/Eclipse/plugins/com.st.stm32cube.ide.mcu.externaltools.gnu-tools-for-stm32.13.3.rel1.macos64_1.0.0.202411102158/tools/bin/../lib/gcc/arm-none-eabi/13.3.1/../../../../arm-none-eabi/lib/thumb/v7e-m+fp/hard/libc_nano.a(libc_a-init.o)
                0x08000a40                __libc_init_array
 .text.memcpy   0x08000a88       0x1c /Applications/STM32CubeIDE.app/Contents/Eclipse/plugins/com.st.stm32cube.ide.mcu.externaltools.gnu-tools-for-stm32.13.3.rel1.macos64_1.0.0.202411102158/tools/bin/../lib/gcc/arm-none-eabi/13.3.1/../../../../arm-none-eabi/lib/thumb/v7e-m+fp/hard/libc_nano.a(libc_a-memcpy-stub.o)
                0x08000a88                memcpy
 *(.glue_7)
 .glue_7        0x08000aa4        0x0 linker stubs
 *(.glue_7t)
 .glue_7t       0x08000aa4        0x0 linker stubs
 *(.eh_frame)
 .eh_frame      0x08000aa4        0x0 /Applications/STM32CubeIDE.app/Contents/Eclipse/plugins/com.st.stm32cube.ide.mcu.externaltools.gnu-tools-for-stm32.13.3.rel1.macos64_1.0.0.202411102158/tools/bin/../lib/gcc/arm-none-eabi/13.3.1/thumb/v7e-m+fp/hard/crtbegin.o
 *(.init)
 .init          0x08000aa4        0x4 /Applications/STM32CubeIDE.app/Contents/Eclipse/plugins/com.st.stm32cube.ide.mcu.externaltools.gnu-tools-for-stm32.13.3.rel1.macos64_1.0.0.202411102158/tools/bin/../lib/gcc/arm-none-eabi/13.3.1/thumb/v7e-m+fp/hard/crti.o
                0x08000aa4                _init
 .init          0x08000aa8        0x8 /Applications/STM32CubeIDE.app/Contents/Eclipse/plugins/com.st.stm32cube.ide.mcu.externaltools.gnu-tools-for-stm32.13.3.rel1.macos64_1.0.0.202411102158/tools/bin/../lib/gcc/arm-none-eabi/13.3.1/thumb/v7e-m+fp/hard/crtn.o
 *(.fini)
 .fini          0x08000ab0        0x4 /Applications/STM32CubeIDE.app/Contents/Eclipse/plugins/com.st.stm32cube.ide.mcu.externaltools.gnu-tools-for-stm32.13.3.rel1.macos64_1.0.0.202411102158/tools/bin/../lib/gcc/arm-none-eabi/13.3.1/thumb/v7e-m+fp/hard/crti.o
                0x08000ab0                _fini
 .fini          0x08000ab4        0x8 /Applications/STM32CubeIDE.app/Contents/Eclipse/plugins/com.st.stm32cube.ide.mcu.externaltools.gnu-tools-for-stm32.13.3.rel1.macos64_1.0.0.202411102158/tools/bin/../lib/gcc/arm-none-eabi/13.3.1/thumb/v7e-m+fp/hard/crtn.o
                0x08000abc                        . = ALIGN (0x4)
                0x08000abc                        _etext = .

.vfp11_veneer   0x08000abc        0x0
 .vfp11_veneer  0x08000abc        0x0 linker stubs

.v4_bx          0x08000abc        0x0
 .v4_bx         0x08000abc        0x0 linker stubs

.iplt           0x08000abc        0x0
 .iplt          0x08000abc        0x0 /Applications/STM32CubeIDE.app/Contents/Eclipse/plugins/com.st.stm32cube.ide.mcu.externaltools.gnu-tools-for-stm32.13.3.rel1.macos64_1.0.0.202411102158/tools/bin/../lib/gcc/arm-none-eabi/13.3.1/thumb/v7e-m+fp/hard/crtbegin.o

.rodata         0x08000abc       0xcc
                0x08000abc                        . = ALIGN (0x4)
 *(.rodata)
 .rodata        0x08000abc       0xca ./Src/007spi_txonly_arduino.o
 *(.rodata*)
                0x08000b88                        . = ALIGN (0x4)
 *fill*         0x08000b86        0x2 

.ARM.extab      0x08000b88        0x0
                0x08000b88                        . = ALIGN (0x4)
 *(.ARM.extab* .gnu.linkonce.armextab.*)
                0x08000b88                        . = ALIGN (0x4)

.ARM            0x08000b88        0x8
                0x08000b88                        . = ALIGN (0x4)
                0x08000b88                        __exidx_start = .
 *(.ARM.exidx*)
 .ARM.exidx     0x08000b88        0x8 /Applications/STM32CubeIDE.app/Contents/Eclipse/plugins/com.st.stm32cube.ide.mcu.externaltools.gnu-tools-for-stm32.13.3.rel1.macos64_1.0.0.202411102158/tools/bin/../lib/gcc/arm-none-eabi/13.3.1/../../../../arm-none-eabi/lib/thumb/v7e-m+fp/hard/libc_nano.a(libc_a-strlen.o)
                0x08000b90                        __exidx_end = .
                0x08000b90                        . = ALIGN (0x4)

.preinit_array  0x08000b90        0x0
                0x08000b90                        . = ALIGN (0x4)
                0x08000b90                        PROVIDE (__preinit_array_start = .)
 *(.preinit_array*)
                0x08000b90                        PROVIDE (__preinit_array_end = .)
                0x08000b90                        . = ALIGN (0x4)

.init_array     0x08000b90        0x4
                0x08000b90                        . = ALIGN (0x4)
                0x08000b90                        PROVIDE (__init_array_start = .)
 *(SORT_BY_NAME(.init_array.*))
 *(.init_array*)
 .init_array    0x08000b90        0x4 /Applications/STM32CubeIDE.app/Contents/Eclipse/plugins/com.st.stm32cube.ide.mcu.externaltools.gnu-tools-for-stm32.13.3.rel1.macos64_1.0.0.202411102158/tools/bin/../lib/gcc/arm-none-eabi/13.3.1/thumb/v7e-m+fp/hard/crtbegin.o
                0x08000b94                        PROVIDE (__init_array_end = .)
                0x08000b94                        . = ALIGN (0x4)

.fini_array     0x08000b94        0x4
                0x08000b94                        . = ALIGN (0x4)
                [!provide]                        PROVIDE (__fini_array_start = .)
 *(SORT_BY_NAME(.fini_array.*))
 *(.fini_array*)
 .fini_array    0x08000b94        0x4 /Applications/STM32CubeIDE.app/Contents/Eclipse/plugins/com.st.stm32cube.ide.mcu.externaltools.gnu-tools-for-stm32.13.3.rel1.macos64_1.0.0.202411102158/tools/bin/../lib/gcc/arm-none-eabi/13.3.1/thumb/v7e-m+fp/hard/crtbegin.o
                [!provide]                        PROVIDE (__fini_array_end = .)
                0x08000b98                        . = ALIGN (0x4)
                0x08000b98                        _sidata = LOADADDR (.data)

.rel.dyn        0x08000b98        0x0
 .rel.iplt      0x08000b98        0x0 /Applications/STM32CubeIDE.app/Contents/Eclipse/plugins/com.st.stm32cube.ide.mcu.externaltools.gnu-tools-for-stm32.13.3.rel1.macos64_1.0.0.202411102158/tools/bin/../lib/gcc/arm-none-eabi/13.3.1/thumb/v7e-m+fp/hard/crtbegin.o

.data           0x20000000        0x0 load address 0x08000b98
                0x20000000                        . = ALIGN (0x4)
                0x20000000                        _sdata = .
 *(.data)
 *(.data*)
 *(.RamFunc)
 *(.RamFunc*)
                0x20000000                        . = ALIGN (0x4)
                0x20000000                        _edata = .
                0x08000b98                        _siccmram = LOADADDR (.ccmram)

.igot.plt       0x20000000        0x0 load address 0x08000b98
 .igot.plt      0x20000000        0x0 /Applications/STM32CubeIDE.app/Contents/Eclipse/plugins/com.st.stm32cube.ide.mcu.externaltools.gnu-tools-for-stm32.13.3.rel1.macos64_1.0.0.202411102158/tools/bin/../lib/gcc/arm-none-eabi/13.3.1/thumb/v7e-m+fp/hard/crtbegin.o

.ccmram         0x10000000        0x0 load address 0x08000b98
                0x10000000                        . = ALIGN (0x4)
                0x10000000                        _sccmram = .
 *(.ccmram)
 *(.ccmram*)
                0x10000000                        . = ALIGN (0x4)
                0x10000000                        _eccmram = .
                0x10000000                        . = ALIGN (0x4)

.bss            0x20000000       0x1c
                0x20000000                        _sbss = .
                0x20000000                        __bss_start__ = _sbss
 *(.bss)
 .bss           0x20000000       0x1c /Applications/STM32CubeIDE.app/Contents/Eclipse/plugins/com.st.stm32cube.ide.mcu.externaltools.gnu-tools-for-stm32.13.3.rel1.macos64_1.0.0.202411102158/tools/bin/../lib/gcc/arm-none-eabi/13.3.1/thumb/v7e-m+fp/hard/crtbegin.o
 *(.bss*)
 *(COMMON)
                0x2000001c                        . = ALIGN (0x4)
                0x2000001c                        _ebss = .
                0x2000001c                        __bss_end__ = _ebss

._user_heap_stack
                0x2000001c      0x604
                0x20000020                        . = ALIGN (0x8)
 *fill*         0x2000001c        0x4 
                [!provide]                        PROVIDE (end = .)
                0x20000020                        PROVIDE (_end = .)
                0x20000220                        . = (. + _Min_Heap_Size)
 *fill*         0x20000020      0x200 
                0x20000620                        . = (. + _Min_Stack_Size)
 *fill*         0x20000220      0x400 
                0x20000620                        . = ALIGN (0x8)

/DISCARD/
 libc.a(*)
 libm.a(*)
 libgcc.a(*)

.ARM.attributes
                0x00000000       0x30
 *(.ARM.attributes)
 .ARM.attributes
                0x00000000       0x22 /Applications/STM32CubeIDE.app/Contents/Eclipse/plugins/com.st.stm32cube.ide.mcu.externaltools.gnu-tools-for-stm32.13.3.rel1.macos64_1.0.0.202411102158/tools/bin/../lib/gcc/arm-none-eabi/13.3.1/thumb/v7e-m+fp/hard/crti.o
 .ARM.attributes
                0x00000022       0x34 /Applications/STM32CubeIDE.app/Contents/Eclipse/plugins/com.st.stm32cube.ide.mcu.externaltools.gnu-tools-for-stm32.13.3.rel1.macos64_1.0.0.202411102158/tools/bin/../lib/gcc/arm-none-eabi/13.3.1/thumb/v7e-m+fp/hard/crtbegin.o
 .ARM.attributes
                0x00000056       0x34 ./Driver/Src/stm32f407xx_gpio_driver.o
 .ARM.attributes
                0x0000008a       0x34 ./Driver/Src/stm32f407xx_spi_driver.o
 .ARM.attributes
                0x000000be       0x34 ./Src/007spi_txonly_arduino.o
 .ARM.attributes
                0x000000f2       0x21 ./Startup/startup_stm32f407vgtx.o
 .ARM.attributes
                0x00000113       0x34 /Applications/STM32CubeIDE.app/Contents/Eclipse/plugins/com.st.stm32cube.ide.mcu.externaltools.gnu-tools-for-stm32.13.3.rel1.macos64_1.0.0.202411102158/tools/bin/../lib/gcc/arm-none-eabi/13.3.1/../../../../arm-none-eabi/lib/thumb/v7e-m+fp/hard/libc_nano.a(libc_a-init.o)
 .ARM.attributes
                0x00000147       0x34 /Applications/STM32CubeIDE.app/Contents/Eclipse/plugins/com.st.stm32cube.ide.mcu.externaltools.gnu-tools-for-stm32.13.3.rel1.macos64_1.0.0.202411102158/tools/bin/../lib/gcc/arm-none-eabi/13.3.1/../../../../arm-none-eabi/lib/thumb/v7e-m+fp/hard/libc_nano.a(libc_a-memcpy-stub.o)
 .ARM.attributes
                0x0000017b       0x17 /Applications/STM32CubeIDE.app/Contents/Eclipse/plugins/com.st.stm32cube.ide.mcu.externaltools.gnu-tools-for-stm32.13.3.rel1.macos64_1.0.0.202411102158/tools/bin/../lib/gcc/arm-none-eabi/13.3.1/../../../../arm-none-eabi/lib/thumb/v7e-m+fp/hard/libc_nano.a(libc_a-strlen.o)
 .ARM.attributes
                0x00000192       0x22 /Applications/STM32CubeIDE.app/Contents/Eclipse/plugins/com.st.stm32cube.ide.mcu.externaltools.gnu-tools-for-stm32.13.3.rel1.macos64_1.0.0.202411102158/tools/bin/../lib/gcc/arm-none-eabi/13.3.1/thumb/v7e-m+fp/hard/crtn.o
OUTPUT(STM32F4xx_DriverDev.elf elf32-littlearm)
LOAD linker stubs
LOAD /Applications/STM32CubeIDE.app/Contents/Eclipse/plugins/com.st.stm32cube.ide.mcu.externaltools.gnu-tools-for-stm32.13.3.rel1.macos64_1.0.0.202411102158/tools/bin/../lib/gcc/arm-none-eabi/13.3.1/../../../../arm-none-eabi/lib/thumb/v7e-m+fp/hard/libc.a
LOAD /Applications/STM32CubeIDE.app/Contents/Eclipse/plugins/com.st.stm32cube.ide.mcu.externaltools.gnu-tools-for-stm32.13.3.rel1.macos64_1.0.0.202411102158/tools/bin/../lib/gcc/arm-none-eabi/13.3.1/../../../../arm-none-eabi/lib/thumb/v7e-m+fp/hard/libm.a
LOAD /Applications/STM32CubeIDE.app/Contents/Eclipse/plugins/com.st.stm32cube.ide.mcu.externaltools.gnu-tools-for-stm32.13.3.rel1.macos64_1.0.0.202411102158/tools/bin/../lib/gcc/arm-none-eabi/13.3.1/thumb/v7e-m+fp/hard/libgcc.a

.debug_info     0x00000000     0x1573
 .debug_info    0x00000000      0x780 ./Driver/Src/stm32f407xx_gpio_driver.o
 .debug_info    0x00000780      0x8b0 ./Driver/Src/stm32f407xx_spi_driver.o
 .debug_info    0x00001030      0x513 ./Src/007spi_txonly_arduino.o
 .debug_info    0x00001543       0x30 ./Startup/startup_stm32f407vgtx.o

.debug_abbrev   0x00000000      0x4c5
 .debug_abbrev  0x00000000      0x177 ./Driver/Src/stm32f407xx_gpio_driver.o
 .debug_abbrev  0x00000177      0x1dd ./Driver/Src/stm32f407xx_spi_driver.o
 .debug_abbrev  0x00000354      0x14d ./Src/007spi_txonly_arduino.o
 .debug_abbrev  0x000004a1       0x24 ./Startup/startup_stm32f407vgtx.o

.debug_aranges  0x00000000      0x198
 .debug_aranges
                0x00000000       0x70 ./Driver/Src/stm32f407xx_gpio_driver.o
 .debug_aranges
                0x00000070       0xc0 ./Driver/Src/stm32f407xx_spi_driver.o
 .debug_aranges
                0x00000130       0x40 ./Src/007spi_txonly_arduino.o
 .debug_aranges
                0x00000170       0x28 ./Startup/startup_stm32f407vgtx.o

.debug_rnglists
                0x00000000      0x128
 .debug_rnglists
                0x00000000       0x53 ./Driver/Src/stm32f407xx_gpio_driver.o
 .debug_rnglists
                0x00000053       0x90 ./Driver/Src/stm32f407xx_spi_driver.o
 .debug_rnglists
                0x000000e3       0x2c ./Src/007spi_txonly_arduino.o
 .debug_rnglists
                0x0000010f       0x19 ./Startup/startup_stm32f407vgtx.o

.debug_macro    0x00000000     0x2504
 .debug_macro   0x00000000       0xa3 ./Driver/Src/stm32f407xx_gpio_driver.o
 .debug_macro   0x000000a3      0xae4 ./Driver/Src/stm32f407xx_gpio_driver.o
 .debug_macro   0x00000b87      0x190 ./Driver/Src/stm32f407xx_gpio_driver.o
 .debug_macro   0x00000d17       0x22 ./Driver/Src/stm32f407xx_gpio_driver.o
 .debug_macro   0x00000d39       0x8e ./Driver/Src/stm32f407xx_gpio_driver.o
 .debug_macro   0x00000dc7       0x51 ./Driver/Src/stm32f407xx_gpio_driver.o
 .debug_macro   0x00000e18      0x103 ./Driver/Src/stm32f407xx_gpio_driver.o
 .debug_macro   0x00000f1b       0x6a ./Driver/Src/stm32f407xx_gpio_driver.o
 .debug_macro   0x00000f85      0x1df ./Driver/Src/stm32f407xx_gpio_driver.o
 .debug_macro   0x00001164      0x668 ./Driver/Src/stm32f407xx_gpio_driver.o
 .debug_macro   0x000017cc       0xbe ./Driver/Src/stm32f407xx_gpio_driver.o
 .debug_macro   0x0000188a       0xc4 ./Driver/Src/stm32f407xx_gpio_driver.o
 .debug_macro   0x0000194e       0xa3 ./Driver/Src/stm32f407xx_spi_driver.o
 .debug_macro   0x000019f1      0x161 ./Src/007spi_txonly_arduino.o
 .debug_macro   0x00001b52       0x5b ./Src/007spi_txonly_arduino.o
 .debug_macro   0x00001bad       0x2a ./Src/007spi_txonly_arduino.o
 .debug_macro   0x00001bd7       0x94 ./Src/007spi_txonly_arduino.o
 .debug_macro   0x00001c6b       0x43 ./Src/007spi_txonly_arduino.o
 .debug_macro   0x00001cae       0x34 ./Src/007spi_txonly_arduino.o
 .debug_macro   0x00001ce2       0x57 ./Src/007spi_txonly_arduino.o
 .debug_macro   0x00001d39      0x370 ./Src/007spi_txonly_arduino.o
 .debug_macro   0x000020a9       0x16 ./Src/007spi_txonly_arduino.o
 .debug_macro   0x000020bf       0x4a ./Src/007spi_txonly_arduino.o
 .debug_macro   0x00002109       0x34 ./Src/007spi_txonly_arduino.o
 .debug_macro   0x0000213d       0x10 ./Src/007spi_txonly_arduino.o
 .debug_macro   0x0000214d       0x58 ./Src/007spi_txonly_arduino.o
 .debug_macro   0x000021a5       0x8e ./Src/007spi_txonly_arduino.o
 .debug_macro   0x00002233       0x1c ./Src/007spi_txonly_arduino.o
 .debug_macro   0x0000224f      0x185 ./Src/007spi_txonly_arduino.o
 .debug_macro   0x000023d4       0x10 ./Src/007spi_txonly_arduino.o
 .debug_macro   0x000023e4       0x3c ./Src/007spi_txonly_arduino.o
 .debug_macro   0x00002420       0x20 ./Src/007spi_txonly_arduino.o
 .debug_macro   0x00002440       0xc4 ./Src/007spi_txonly_arduino.o

.debug_line     0x00000000     0x1a6f
 .debug_line    0x00000000      0x98f ./Driver/Src/stm32f407xx_gpio_driver.o
 .debug_line    0x0000098f      0x99a ./Driver/Src/stm32f407xx_spi_driver.o
 .debug_line    0x00001329      0x6cb ./Src/007spi_txonly_arduino.o
 .debug_line    0x000019f4       0x7b ./Startup/startup_stm32f407vgtx.o

.debug_str      0x00000000     0x98ba
 .debug_str     0x00000000     0x98ba ./Driver/Src/stm32f407xx_gpio_driver.o
                               0x6525 (size before relaxing)
 .debug_str     0x000098ba     0x65b0 ./Driver/Src/stm32f407xx_spi_driver.o
 .debug_str     0x000098ba     0x9622 ./Src/007spi_txonly_arduino.o
 .debug_str     0x000098ba       0xa9 ./Startup/startup_stm32f407vgtx.o

.comment        0x00000000       0x43
 .comment       0x00000000       0x43 ./Driver/Src/stm32f407xx_gpio_driver.o
                                 0x44 (size before relaxing)
 .comment       0x00000043       0x44 ./Driver/Src/stm32f407xx_spi_driver.o
 .comment       0x00000043       0x44 ./Src/007spi_txonly_arduino.o

.debug_frame    0x00000000      0x61c
 .debug_frame   0x00000000      0x1c8 ./Driver/Src/stm32f407xx_gpio_driver.o
 .debug_frame   0x000001c8      0x33c ./Driver/Src/stm32f407xx_spi_driver.o
 .debug_frame   0x00000504       0xc4 ./Src/007spi_txonly_arduino.o
 .debug_frame   0x000005c8       0x2c /Applications/STM32CubeIDE.app/Contents/Eclipse/plugins/com.st.stm32cube.ide.mcu.externaltools.gnu-tools-for-stm32.13.3.rel1.macos64_1.0.0.202411102158/tools/bin/../lib/gcc/arm-none-eabi/13.3.1/../../../../arm-none-eabi/lib/thumb/v7e-m+fp/hard/libc_nano.a(libc_a-init.o)
 .debug_frame   0x000005f4       0x28 /Applications/STM32CubeIDE.app/Contents/Eclipse/plugins/com.st.stm32cube.ide.mcu.externaltools.gnu-tools-for-stm32.13.3.rel1.macos64_1.0.0.202411102158/tools/bin/../lib/gcc/arm-none-eabi/13.3.1/../../../../arm-none-eabi/lib/thumb/v7e-m+fp/hard/libc_nano.a(libc_a-memcpy-stub.o)

.debug_line_str
                0x00000000       0x8d
 .debug_line_str
                0x00000000       0x8d ./Startup/startup_stm32f407vgtx.o
