Archive member included to satisfy reference by file (symbol)

/Applications/STM32CubeIDE.app/Contents/Eclipse/plugins/com.st.stm32cube.ide.mcu.externaltools.gnu-tools-for-stm32.13.3.rel1.macos64_1.0.0.202411102158/tools/bin/../lib/gcc/arm-none-eabi/13.3.1/../../../../arm-none-eabi/lib/thumb/v7e-m+fp/hard/libc_nano.a(libc_a-exit.o)
                              /Applications/STM32CubeIDE.app/Contents/Eclipse/plugins/com.st.stm32cube.ide.mcu.externaltools.gnu-tools-for-stm32.13.3.rel1.macos64_1.0.0.202411102158/tools/bin/../lib/gcc/arm-none-eabi/13.3.1/../../../../arm-none-eabi/lib/thumb/v7e-m+fp/hard/crt0.o (exit)
/Applications/STM32CubeIDE.app/Contents/Eclipse/plugins/com.st.stm32cube.ide.mcu.externaltools.gnu-tools-for-stm32.13.3.rel1.macos64_1.0.0.202411102158/tools/bin/../lib/gcc/arm-none-eabi/13.3.1/../../../../arm-none-eabi/lib/thumb/v7e-m+fp/hard/libc_nano.a(libc_a-findfp.o)
                              /Applications/STM32CubeIDE.app/Contents/Eclipse/plugins/com.st.stm32cube.ide.mcu.externaltools.gnu-tools-for-stm32.13.3.rel1.macos64_1.0.0.202411102158/tools/bin/../lib/gcc/arm-none-eabi/13.3.1/../../../../arm-none-eabi/lib/thumb/v7e-m+fp/hard/libc_nano.a(libc_a-exit.o) (__stdio_exit_handler)
/Applications/STM32CubeIDE.app/Contents/Eclipse/plugins/com.st.stm32cube.ide.mcu.externaltools.gnu-tools-for-stm32.13.3.rel1.macos64_1.0.0.202411102158/tools/bin/../lib/gcc/arm-none-eabi/13.3.1/../../../../arm-none-eabi/lib/thumb/v7e-m+fp/hard/libc_nano.a(libc_a-fwalk.o)
                              /Applications/STM32CubeIDE.app/Contents/Eclipse/plugins/com.st.stm32cube.ide.mcu.externaltools.gnu-tools-for-stm32.13.3.rel1.macos64_1.0.0.202411102158/tools/bin/../lib/gcc/arm-none-eabi/13.3.1/../../../../arm-none-eabi/lib/thumb/v7e-m+fp/hard/libc_nano.a(libc_a-findfp.o) (_fwalk_sglue)
/Applications/STM32CubeIDE.app/Contents/Eclipse/plugins/com.st.stm32cube.ide.mcu.externaltools.gnu-tools-for-stm32.13.3.rel1.macos64_1.0.0.202411102158/tools/bin/../lib/gcc/arm-none-eabi/13.3.1/../../../../arm-none-eabi/lib/thumb/v7e-m+fp/hard/libc_nano.a(libc_a-memset.o)
                              /Applications/STM32CubeIDE.app/Contents/Eclipse/plugins/com.st.stm32cube.ide.mcu.externaltools.gnu-tools-for-stm32.13.3.rel1.macos64_1.0.0.202411102158/tools/bin/../lib/gcc/arm-none-eabi/13.3.1/../../../../arm-none-eabi/lib/thumb/v7e-m+fp/hard/crt0.o (memset)
/Applications/STM32CubeIDE.app/Contents/Eclipse/plugins/com.st.stm32cube.ide.mcu.externaltools.gnu-tools-for-stm32.13.3.rel1.macos64_1.0.0.202411102158/tools/bin/../lib/gcc/arm-none-eabi/13.3.1/../../../../arm-none-eabi/lib/thumb/v7e-m+fp/hard/libc_nano.a(libc_a-errno.o)
                              ./Startup/syscalls.o (__errno)
/Applications/STM32CubeIDE.app/Contents/Eclipse/plugins/com.st.stm32cube.ide.mcu.externaltools.gnu-tools-for-stm32.13.3.rel1.macos64_1.0.0.202411102158/tools/bin/../lib/gcc/arm-none-eabi/13.3.1/../../../../arm-none-eabi/lib/thumb/v7e-m+fp/hard/libc_nano.a(libc_a-init.o)
                              /Applications/STM32CubeIDE.app/Contents/Eclipse/plugins/com.st.stm32cube.ide.mcu.externaltools.gnu-tools-for-stm32.13.3.rel1.macos64_1.0.0.202411102158/tools/bin/../lib/gcc/arm-none-eabi/13.3.1/../../../../arm-none-eabi/lib/thumb/v7e-m+fp/hard/crt0.o (__libc_init_array)
/Applications/STM32CubeIDE.app/Contents/Eclipse/plugins/com.st.stm32cube.ide.mcu.externaltools.gnu-tools-for-stm32.13.3.rel1.macos64_1.0.0.202411102158/tools/bin/../lib/gcc/arm-none-eabi/13.3.1/../../../../arm-none-eabi/lib/thumb/v7e-m+fp/hard/libc_nano.a(libc_a-lock.o)
                              /Applications/STM32CubeIDE.app/Contents/Eclipse/plugins/com.st.stm32cube.ide.mcu.externaltools.gnu-tools-for-stm32.13.3.rel1.macos64_1.0.0.202411102158/tools/bin/../lib/gcc/arm-none-eabi/13.3.1/../../../../arm-none-eabi/lib/thumb/v7e-m+fp/hard/libc_nano.a(libc_a-findfp.o) (__retarget_lock_init_recursive)
/Applications/STM32CubeIDE.app/Contents/Eclipse/plugins/com.st.stm32cube.ide.mcu.externaltools.gnu-tools-for-stm32.13.3.rel1.macos64_1.0.0.202411102158/tools/bin/../lib/gcc/arm-none-eabi/13.3.1/../../../../arm-none-eabi/lib/thumb/v7e-m+fp/hard/libc_nano.a(libc_a-impure.o)
                              /Applications/STM32CubeIDE.app/Contents/Eclipse/plugins/com.st.stm32cube.ide.mcu.externaltools.gnu-tools-for-stm32.13.3.rel1.macos64_1.0.0.202411102158/tools/bin/../lib/gcc/arm-none-eabi/13.3.1/../../../../arm-none-eabi/lib/thumb/v7e-m+fp/hard/libc_nano.a(libc_a-errno.o) (_impure_ptr)
/Applications/STM32CubeIDE.app/Contents/Eclipse/plugins/com.st.stm32cube.ide.mcu.externaltools.gnu-tools-for-stm32.13.3.rel1.macos64_1.0.0.202411102158/tools/bin/../lib/gcc/arm-none-eabi/13.3.1/../../../../arm-none-eabi/lib/thumb/v7e-m+fp/hard/libc_nano.a(libc_a-mallocr.o)
[...]
Memory Configuration

Name             Origin             Length             Attributes
CCMRAM           0x10000000         0x00010000         xrw
RAM              0x20000000         0x00020000         xrw
FLASH            0x08000000         0x00100000         xr
*default*        0x00000000         0xffffffff

Linker script and memory map

LOAD /Applications/STM32CubeIDE.app/Contents/Eclipse/plugins/com.st.stm32cube.ide.mcu.externaltools.gnu-tools-for-stm32.13.3.rel1.macos64_1.0.0.202411102158/tools/bin/../lib/gcc/arm-none-eabi/13.3.1/thumb/v7e-m+fp/hard/crti.o
LOAD /Applications/STM32CubeIDE.app/Contents/Eclipse/plugins/com.st.stm32cube.ide.mcu.externaltools.gnu-tools-for-stm32.13.3.rel1.macos64_1.0.0.202411102158/tools/bin/../lib/gcc/arm-none-eabi/13.3.1/thumb/v7e-m+fp/hard/crtbegin.o
LOAD /Applications/STM32CubeIDE.app/Contents/Eclipse/plugins/com.st.stm32cube.ide.mcu.externaltools.gnu-tools-for-stm32.13.3.rel1.macos64_1.0.0.202411102158/tools/bin/../lib/gcc/arm-none-eabi/13.3.1/../../../../arm-none-eabi/lib/thumb/v7e-m+fp/hard/crt0.o
LOAD ./Driver/Src/stm32f407xx_gpio_driver.o
LOAD ./Src/002led_button.o
LOAD ./Startup/startup_stm32f407vgtx.o
LOAD ./Startup/syscalls.o
LOAD ./Startup/sysmem.o
START GROUP
LOAD /Applications/STM32CubeIDE.app/Contents/Eclipse/plugins/com.st.stm32cube.ide.mcu.externaltools.gnu-tools-for-stm32.13.3.rel1.macos64_1.0.0.202411102158/tools/bin/../lib/gcc/arm-none-eabi/13.3.1/../../../../arm-none-eabi/lib/thumb/v7e-m+fp/hard/libc_nano.a
LOAD /Applications/STM32CubeIDE.app/Contents/Eclipse/plugins/com.st.stm32cube.ide.mcu.externaltools.gnu-tools-for-stm32.13.3.rel1.macos64_1.0.0.202411102158/tools/bin/../lib/gcc/arm-none-eabi/13.3.1/../../../../arm-none-eabi/lib/thumb/v7e-m+fp/hard/libm.a
END GROUP
START GROUP
LOAD /Applications/STM32CubeIDE.app/Contents/Eclipse/plugins/com.st.stm32cube.ide.mcu.externaltools.gnu-tools-for-stm32.13.3.rel1.macos64_1.0.0.202411102158/tools/bin/../lib/gcc/arm-none-eabi/13.3.1/thumb/v7e-m+fp/hard/libgcc.a
LOAD /Applications/STM32CubeIDE.app/Contents/Eclipse/plugins/com.st.stm32cube.ide.mcu.externaltools.gnu-tools-for-stm32.13.3.rel1.macos64_1.0.0.202411102158/tools/bin/../lib/gcc/arm-none-eabi/13.3.1/../../../../arm-none-eabi/lib/thumb/v7e-m+fp/hard/libc_nano.a
END GROUP
START GROUP
LOAD /Applications/STM32CubeIDE.app/Contents/Eclipse/plugins/com.st.stm32cube.ide.mcu.externaltools.gnu-tools-for-stm32.13.3.rel1.macos64_1.0.0.202411102158/tools/bin/../lib/gcc/arm-none-eabi/13.3.1/thumb/v7e-m+fp/hard/libgcc.a
LOAD /Applications/STM32CubeIDE.app/Contents/Eclipse/plugins/com.st.stm32cube.ide.mcu.externaltools.gnu-tools-for-stm32.13.3.rel1.macos64_1.0.0.202411102158/tools/bin/../lib/gcc/arm-none-eabi/13.3.1/../../../../arm-none-eabi/lib/thumb/v7e-m+fp/hard/libc_nano.a
LOAD /Applications/STM32CubeIDE.app/Contents/Eclipse/plugins/com.st.stm32cube.ide.mcu.externaltools.gnu-tools-for-stm32.13.3.rel1.macos64_1.0.0.202411102158/tools/bin/../lib/gcc/arm-none-eabi/13.3.1/../../../../arm-none-eabi/lib/thumb/v7e-m+fp/hard/libnosys.a
END GROUP
START GROUP
LOAD /Applications/STM32CubeIDE.app/Contents/Eclipse/plugins/com.st.stm32cube.ide.mcu.externaltools.gnu-tools-for-stm32.13.3.rel1.macos64_1.0.0.202411102158/tools/bin/../lib/gcc/arm-none-eabi/13.3.1/thumb/v7e-m+fp/hard/libgcc.a
LOAD /Applications/STM32CubeIDE.app/Contents/Eclipse/plugins/com.st.stm32cube.ide.mcu.externaltools.gnu-tools-for-stm32.13.3.rel1.macos64_1.0.0.202411102158/tools/bin/../lib/gcc/arm-none-eabi/13.3.1/../../../../arm-none-eabi/lib/thumb/v7e-m+fp/hard/libc_nano.a
LOAD /Applications/STM32CubeIDE.app/Contents/Eclipse/plugins/com.st.stm32cube.ide.mcu.externaltools.gnu-tools-for-stm32.13.3.rel1.macos64_1.0.0.202411102158/tools/bin/../lib/gcc/arm-none-eabi/13.3.1/../../../../arm-none-eabi/lib/thumb/v7e-m+fp/hard/libnosys.a
END GROUP
LOAD /Applications/STM32CubeIDE.app/Contents/Eclipse/plugins/com.st.stm32cube.ide.mcu.externaltools.gnu-tools-for-stm32.13.3.rel1.macos64_1.0.0.202411102158/tools/bin/../lib/gcc/arm-none-eabi/13.3.1/thumb/v7e-m+fp/hard/crtend.o
LOAD /Applications/STM32CubeIDE.app/Contents/Eclipse/plugins/com.st.stm32cube.ide.mcu.externaltools.gnu-tools-for-stm32.13.3.rel1.macos64_1.0.0.202411102158/tools/bin/../lib/gcc/arm-none-eabi/13.3.1/thumb/v7e-m+fp/hard/crtn.o
                0x20020000                        _estack = (ORIGIN (RAM) + LENGTH (RAM))
                0x00000200                        _Min_Heap_Size = 0x200
                0x00000400                        _Min_Stack_Size = 0x400

.isr_vector     0x08000000      0x188
                0x08000000                        . = ALIGN (0x4)
 *(.isr_vector)
 .isr_vector    0x08000000      0x188 ./Startup/startup_stm32f407vgtx.o
                0x08000000                g_pfnVectors
                0x08000188                        . = ALIGN (0x4)

.text           0x08000188      0x604
                0x08000188                        . = ALIGN (0x4)
 *(.text)
 .text          0x08000188       0x40 /Applications/STM32CubeIDE.app/Contents/Eclipse/plugins/com.st.stm32cube.ide.mcu.externaltools.gnu-tools-for-stm32.13.3.rel1.macos64_1.0.0.202411102158/tools/bin/../lib/gcc/arm-none-eabi/13.3.1/thumb/v7e-m+fp/hard/crtbegin.o
 *(.text*)
 .text.GPIO_PeriClockControl
                0x080001c8      0x10c ./Driver/Src/stm32f407xx_gpio_driver.o
                0x080001c8                GPIO_PeriClockControl
 .text.GPIO_Init
                0x080002d4      0x338 ./Driver/Src/stm32f407xx_gpio_driver.o
                0x080002d4                GPIO_Init
 .text.GPIO_ReadFromInputPin
                0x0800060c       0x2c ./Driver/Src/stm32f407xx_gpio_driver.o
                0x0800060c                GPIO_ReadFromInputPin
 .text.GPIO_ToggleOutputPin
                0x08000638       0x2a ./Driver/Src/stm32f407xx_gpio_driver.o
                0x08000638                GPIO_ToggleOutputPin
 *fill*         0x08000662        0x2 
 .text.main     0x08000664       0x74 ./Src/002led_button.o
                0x08000664                main
 .text.Reset_Handler
                0x080006d8       0x50 ./Startup/startup_stm32f407vgtx.o
                0x080006d8                Reset_Handler
 .text.Default_Handler
                0x08000728        0x2 ./Startup/startup_stm32f407vgtx.o
                0x08000728                DMA1_Stream3_IRQHandler
                0x08000728                HASH_RNG_IRQHandler
                0x08000728                EXTI2_IRQHandler
                0x08000728                TIM8_CC_IRQHandler
                0x08000728                DebugMon_Handler
                0x08000728                TIM1_CC_IRQHandler
                0x08000728                DMA2_Stream5_IRQHandler
                0x08000728                HardFault_Handler
                0x08000728                DMA1_Stream5_IRQHandler
                0x08000728                SysTick_Handler
                0x08000728                PVD_IRQHandler
                0x08000728                SDIO_IRQHandler
                0x08000728                TAMP_STAMP_IRQHandler
                0x08000728                PendSV_Handler
                0x08000728                NMI_Handler
                0x08000728                CAN2_RX1_IRQHandler
                0x08000728                EXTI3_IRQHandler
                0x08000728                TIM8_TRG_COM_TIM14_IRQHandler
                0x08000728                TIM1_UP_TIM10_IRQHandler
                0x08000728                TIM8_UP_TIM13_IRQHandler
                0x08000728                I2C3_ER_IRQHandler
                0x08000728                EXTI0_IRQHandler
                0x08000728                I2C2_EV_IRQHandler
                0x08000728                DMA1_Stream2_IRQHandler
                0x08000728                CAN1_RX0_IRQHandler
                0x08000728                FPU_IRQHandler
                0x08000728                OTG_HS_WKUP_IRQHandler
                0x08000728                UsageFault_Handler
                0x08000728                CAN2_SCE_IRQHandler
                0x08000728                DMA2_Stream2_IRQHandler
                0x08000728                SPI1_IRQHandler
                0x08000728                TIM6_DAC_IRQHandler
                0x08000728                TIM1_BRK_TIM9_IRQHandler
                0x08000728                DCMI_IRQHandler
                0x08000728                CAN2_RX0_IRQHandler
                0x08000728                DMA2_Stream3_IRQHandler
                0x08000728                USART6_IRQHandler
                0x08000728                USART3_IRQHandler
                0x08000728                CRYP_IRQHandler
                0x08000728                CAN1_RX1_IRQHandler
                0x08000728                UART5_IRQHandler
                0x08000728                DMA2_Stream0_IRQHandler
                0x08000728                TIM4_IRQHandler
                0x08000728                I2C1_EV_IRQHandler
                0x08000728                DMA1_Stream6_IRQHandler
                0x08000728                DMA1_Stream1_IRQHandler
                0x08000728                UART4_IRQHandler
                0x08000728                TIM3_IRQHandler
                0x08000728                RCC_IRQHandler
                0x08000728                TIM8_BRK_TIM12_IRQHandler
                0x08000728                Default_Handler
                0x08000728                EXTI15_10_IRQHandler
                0x08000728                ADC_IRQHandler
                0x08000728                DMA1_Stream7_IRQHandler
                0x08000728                TIM7_IRQHandler
                0x08000728                CAN2_TX_IRQHandler
                0x08000728                TIM5_IRQHandler
                0x08000728                DMA2_Stream7_IRQHandler
                0x08000728                I2C3_EV_IRQHandler
                0x08000728                EXTI9_5_IRQHandler
                0x08000728                RTC_WKUP_IRQHandler
                0x08000728                ETH_WKUP_IRQHandler
                0x08000728                SPI2_IRQHandler
                0x08000728                OTG_HS_EP1_IN_IRQHandler
                0x08000728                MemManage_Handler
                0x08000728                DMA1_Stream0_IRQHandler
                0x08000728                CAN1_TX_IRQHandler
                0x08000728                SVC_Handler
                0x08000728                EXTI4_IRQHandler
                0x08000728                FSMC_IRQHandler
                0x08000728                ETH_IRQHandler
                0x08000728                OTG_HS_EP1_OUT_IRQHandler
                0x08000728                WWDG_IRQHandler
                0x08000728                TIM2_IRQHandler
                0x08000728                OTG_FS_WKUP_IRQHandler
                0x08000728                TIM1_TRG_COM_TIM11_IRQHandler
                0x08000728                OTG_HS_IRQHandler
                0x08000728                EXTI1_IRQHandler
                0x08000728                USART2_IRQHandler
                0x08000728                I2C2_ER_IRQHandler
                0x08000728                DMA2_Stream1_IRQHandler
                0x08000728                CAN1_SCE_IRQHandler
                0x08000728                DMA2_Stream4_IRQHandler
                0x08000728                BusFault_Handler
                0x08000728                USART1_IRQHandler
                0x08000728                OTG_FS_IRQHandler
                0x08000728                SPI3_IRQHandler
                0x08000728                DMA1_Stream4_IRQHandler
                0x08000728                I2C1_ER_IRQHandler
                0x08000728                DMA2_Stream6_IRQHandler
                0x08000728                RTC_Alarm_IRQHandler
 *fill*         0x0800072a        0x2 
 .text.__libc_init_array
                0x0800072c       0x48 /Applications/STM32CubeIDE.app/Contents/Eclipse/plugins/com.st.stm32cube.ide.mcu.externaltools.gnu-tools-for-stm32.13.3.rel1.macos64_1.0.0.202411102158/tools/bin/../lib/gcc/arm-none-eabi/13.3.1/../../../../arm-none-eabi/lib/thumb/v7e-m+fp/hard/libc_nano.a(libc_a-init.o)
                0x0800072c                __libc_init_array
 *(.glue_7)
 .glue_7        0x08000774        0x0 linker stubs
 *(.glue_7t)
 .glue_7t       0x08000774        0x0 linker stubs
 *(.eh_frame)
 .eh_frame      0x08000774        0x0 /Applications/STM32CubeIDE.app/Contents/Eclipse/plugins/com.st.stm32cube.ide.mcu.externaltools.gnu-tools-for-stm32.13.3.rel1.macos64_1.0.0.202411102158/tools/bin/../lib/gcc/arm-none-eabi/13.3.1/thumb/v7e-m+fp/hard/crtbegin.o
 *(.init)
 .init          0x08000774        0x4 /Applications/STM32CubeIDE.app/Contents/Eclipse/plugins/com.st.stm32cube.ide.mcu.externaltools.gnu-tools-for-stm32.13.3.rel1.macos64_1.0.0.202411102158/tools/bin/../lib/gcc/arm-none-eabi/13.3.1/thumb/v7e-m+fp/hard/crti.o
                0x08000774                _init
 .init          0x08000778        0x8 /Applications/STM32CubeIDE.app/Contents/Eclipse/plugins/com.st.stm32cube.ide.mcu.externaltools.gnu-tools-for-stm32.13.3.rel1.macos64_1.0.0.202411102158/tools/bin/../lib/gcc/arm-none-eabi/13.3.1/thumb/v7e-m+fp/hard/crtn.o
 *(.fini)
 .fini          0x08000780        0x4 /Applications/STM32CubeIDE.app/Contents/Eclipse/plugins/com.st.stm32cube.ide.mcu.externaltools.gnu-tools-for-stm32.13.3.rel1.macos64_1.0.0.202411102158/tools/bin/../lib/gcc/arm-none-eabi/13.3.1/thumb/v7e-m+fp/hard/crti.o
                0x08000780                _fini
 .fini          0x08000784        0x8 /Applications/STM32CubeIDE.app/Contents/Eclipse/plugins/com.st.stm32cube.ide.mcu.externaltools.gnu-tools-for-stm32.13.3.rel1.macos64_1.0.0.202411102158/tools/bin/../lib/gcc/arm-none-eabi/13.3.1/thumb/v7e-m+fp/hard/crtn.o
                0x0800078c                        . = ALIGN (0x4)
                0x0800078c                        _etext = .

.vfp11_veneer   0x0800078c        0x0
 .vfp11_veneer  0x0800078c        0x0 linker stubs

.v4_bx          0x0800078c        0x0
 .v4_bx         0x0800078c        0x0 linker stubs

.iplt           0x0800078c        0x0
 .iplt          0x0800078c        0x0 /Applications/STM32CubeIDE.app/Contents/Eclipse/plugins/com.st.stm32cube.ide.mcu.externaltools.gnu-tools-for-stm32.13.3.rel1.macos64_1.0.0.202411102158/tools/bin/../lib/gcc/arm-none-eabi/13.3.1/thumb/v7e-m+fp/hard/crtbegin.o

.rodata         0x0800078c        0x0
                0x0800078c                        . = ALIGN (0x4)
 *(.rodata)
 *(.rodata*)
                0x0800078c                        . = ALIGN (0x4)

.ARM.extab      0x0800078c        0x0
                0x0800078c                        . = ALIGN (0x4)
 *(.ARM.extab* .gnu.linkonce.armextab.*)
                0x0800078c                        . = ALIGN (0x4)

.ARM            0x0800078c        0x0
                0x0800078c                        . = ALIGN (0x4)
                0x0800078c                        __exidx_start = .
 *(.ARM.exidx*)
                0x0800078c                        __exidx_end = .
                0x0800078c                        . = ALIGN (0x4)

.preinit_array  0x0800078c        0x0
                0x0800078c                        . = ALIGN (0x4)
                0x0800078c                        PROVIDE (__preinit_array_start = .)
 *(.preinit_array*)
                0x0800078c                        PROVIDE (__preinit_array_end = .)
                0x0800078c                        . = ALIGN (0x4)

.init_array     0x0800078c        0x4
                0x0800078c                        . = ALIGN (0x4)
                0x0800078c                        PROVIDE (__init_array_start = .)
 *(SORT_BY_NAME(.init_array.*))
 *(.init_array*)
 .init_array    0x0800078c        0x4 /Applications/STM32CubeIDE.app/Contents/Eclipse/plugins/com.st.stm32cube.ide.mcu.externaltools.gnu-tools-for-stm32.13.3.rel1.macos64_1.0.0.202411102158/tools/bin/../lib/gcc/arm-none-eabi/13.3.1/thumb/v7e-m+fp/hard/crtbegin.o
                0x08000790                        PROVIDE (__init_array_end = .)
                0x08000790                        . = ALIGN (0x4)

.fini_array     0x08000790        0x4
                0x08000790                        . = ALIGN (0x4)
                [!provide]                        PROVIDE (__fini_array_start = .)
 *(SORT_BY_NAME(.fini_array.*))
 *(.fini_array*)
 .fini_array    0x08000790        0x4 /Applications/STM32CubeIDE.app/Contents/Eclipse/plugins/com.st.stm32cube.ide.mcu.externaltools.gnu-tools-for-stm32.13.3.rel1.macos64_1.0.0.202411102158/tools/bin/../lib/gcc/arm-none-eabi/13.3.1/thumb/v7e-m+fp/hard/crtbegin.o
                [!provide]                        PROVIDE (__fini_array_end = .)
                0x08000794                        . = ALIGN (0x4)
                0x08000794                        _sidata = LOADADDR (.data)

.rel.dyn        0x08000794        0x0
 .rel.iplt      0x08000794        0x0 /Applications/STM32CubeIDE.app/Contents/Eclipse/plugins/com.st.stm32cube.ide.mcu.externaltools.gnu-tools-for-stm32.13.3.rel1.macos64_1.0.0.202411102158/tools/bin/../lib/gcc/arm-none-eabi/13.3.1/thumb/v7e-m+fp/hard/crtbegin.o

.data           0x20000000        0x0 load address 0x08000794
                0x20000000                        . = ALIGN (0x4)
                0x20000000                        _sdata = .
 *(.data)
 *(.data*)
 *(.RamFunc)
 *(.RamFunc*)
                0x20000000                        . = ALIGN (0x4)
                0x20000000                        _edata = .
                0x08000794                        _siccmram = LOADADDR (.ccmram)

.igot.plt       0x20000000        0x0 load address 0x08000794
 .igot.plt      0x20000000        0x0 /Applications/STM32CubeIDE.app/Contents/Eclipse/plugins/com.st.stm32cube.ide.mcu.externaltools.gnu-tools-for-stm32.13.3.rel1.macos64_1.0.0.202411102158/tools/bin/../lib/gcc/arm-none-eabi/13.3.1/thumb/v7e-m+fp/hard/crtbegin.o

.ccmram         0x10000000        0x0 load address 0x08000794
                0x10000000                        . = ALIGN (0x4)
                0x10000000                        _sccmram = .
 *(.ccmram)
 *(.ccmram*)
                0x10000000                        . = ALIGN (0x4)
                0x10000000                        _eccmram = .
                0x10000000                        . = ALIGN (0x4)

.bss            0x20000000       0x1c
                0x20000000                        _sbss = .
                0x20000000                        __bss_start__ = _sbss
 *(.bss)
 .bss           0x20000000       0x1c /Applications/STM32CubeIDE.app/Contents/Eclipse/plugins/com.st.stm32cube.ide.mcu.externaltools.gnu-tools-for-stm32.13.3.rel1.macos64_1.0.0.202411102158/tools/bin/../lib/gcc/arm-none-eabi/13.3.1/thumb/v7e-m+fp/hard/crtbegin.o
 *(.bss*)
 *(COMMON)
                0x2000001c                        . = ALIGN (0x4)
                0x2000001c                        _ebss = .
                0x2000001c                        __bss_end__ = _ebss

._user_heap_stack
                0x2000001c      0x604
                0x20000020                        . = ALIGN (0x8)
 *fill*         0x2000001c        0x4 
                [!provide]                        PROVIDE (end = .)
                0x20000020                        PROVIDE (_end = .)
                0x20000220                        . = (. + _Min_Heap_Size)
 *fill*         0x20000020      0x200 
                0x20000620                        . = (. + _Min_Stack_Size)
 *fill*         0x20000220      0x400 
                0x20000620                        . = ALIGN (0x8)

/DISCARD/
 libc.a(*)
 libm.a(*)
 libgcc.a(*)

.ARM.attributes
                0x00000000       0x30
 *(.ARM.attributes)
 .ARM.attributes
                0x00000000       0x22 /Applications/STM32CubeIDE.app/Contents/Eclipse/plugins/com.st.stm32cube.ide.mcu.externaltools.gnu-tools-for-stm32.13.3.rel1.macos64_1.0.0.202411102158/tools/bin/../lib/gcc/arm-none-eabi/13.3.1/thumb/v7e-m+fp/hard/crti.o
 .ARM.attributes
                0x00000022       0x34 /Applications/STM32CubeIDE.app/Contents/Eclipse/plugins/com.st.stm32cube.ide.mcu.externaltools.gnu-tools-for-stm32.13.3.rel1.macos64_1.0.0.202411102158/tools/bin/../lib/gcc/arm-none-eabi/13.3.1/thumb/v7e-m+fp/hard/crtbegin.o
 .ARM.attributes
                0x00000056       0x34 ./Driver/Src/stm32f407xx_gpio_driver.o
 .ARM.attributes
                0x0000008a       0x34 ./Src/002led_button.o
 .ARM.attributes
                0x000000be       0x21 ./Startup/startup_stm32f407vgtx.o
 .ARM.attributes
                0x000000df       0x34 /Applications/STM32CubeIDE.app/Contents/Eclipse/plugins/com.st.stm32cube.ide.mcu.externaltools.gnu-tools-for-stm32.13.3.rel1.macos64_1.0.0.202411102158/tools/bin/../lib/gcc/arm-none-eabi/13.3.1/../../../../arm-none-eabi/lib/thumb/v7e-m+fp/hard/libc_nano.a(libc_a-init.o)
 .ARM.attributes
                0x00000113       0x22 /Applications/STM32CubeIDE.app/Contents/Eclipse/plugins/com.st.stm32cube.ide.mcu.externaltools.gnu-tools-for-stm32.13.3.rel1.macos64_1.0.0.202411102158/tools/bin/../lib/gcc/arm-none-eabi/13.3.1/thumb/v7e-m+fp/hard/crtn.o
OUTPUT(STM32F4xx_DriverDev.elf elf32-littlearm)
LOAD linker stubs
LOAD /Applications/STM32CubeIDE.app/Contents/Eclipse/plugins/com.st.stm32cube.ide.mcu.externaltools.gnu-tools-for-stm32.13.3.rel1.macos64_1.0.0.202411102158/tools/bin/../lib/gcc/arm-none-eabi/13.3.1/../../../../arm-none-eabi/lib/thumb/v7e-m+fp/hard/libc.a
LOAD /Applications/STM32CubeIDE.app/Contents/Eclipse/plugins/com.st.stm32cube.ide.mcu.externaltools.gnu-tools-for-stm32.13.3.rel1.macos64_1.0.0.202411102158/tools/bin/../lib/gcc/arm-none-eabi/13.3.1/../../../../arm-none-eabi/lib/thumb/v7e-m+fp/hard/libm.a
LOAD /Applications/STM32CubeIDE.app/Contents/Eclipse/plugins/com.st.stm32cube.ide.mcu.externaltools.gnu-tools-for-stm32.13.3.rel1.macos64_1.0.0.202411102158/tools/bin/../lib/gcc/arm-none-eabi/13.3.1/thumb/v7e-m+fp/hard/libgcc.a

.debug_info     0x00000000      0xa46
 .debug_info    0x00000000      0x780 ./Driver/Src/stm32f407xx_gpio_driver.o
 .debug_info    0x00000780      0x296 ./Src/002led_button.o
 .debug_info    0x00000a16       0x30 ./Startup/startup_stm32f407vgtx.o

.debug_abbrev   0x00000000      0x2c5
 .debug_abbrev  0x00000000      0x177 ./Driver/Src/stm32f407xx_gpio_driver.o
 .debug_abbrev  0x00000177      0x12a ./Src/002led_button.o
 .debug_abbrev  0x000002a1       0x24 ./Startup/startup_stm32f407vgtx.o

.debug_aranges  0x00000000       0xc0
 .debug_aranges
                0x00000000       0x70 ./Driver/Src/stm32f407xx_gpio_driver.o
 .debug_aranges
                0x00000070       0x28 ./Src/002led_button.o
 .debug_aranges
                0x00000098       0x28 ./Startup/startup_stm32f407vgtx.o

.debug_rnglists
                0x00000000       0x85
 .debug_rnglists
                0x00000000       0x53 ./Driver/Src/stm32f407xx_gpio_driver.o
 .debug_rnglists
                0x00000053       0x19 ./Src/002led_button.o
 .debug_rnglists
                0x0000006c       0x19 ./Startup/startup_stm32f407vgtx.o

.debug_macro    0x00000000     0x1917
 .debug_macro   0x00000000       0x8f ./Driver/Src/stm32f407xx_gpio_driver.o
 .debug_macro   0x0000008f      0xae4 ./Driver/Src/stm32f407xx_gpio_driver.o
 .debug_macro   0x00000b73      0x190 ./Driver/Src/stm32f407xx_gpio_driver.o
 .debug_macro   0x00000d03       0x22 ./Driver/Src/stm32f407xx_gpio_driver.o
 .debug_macro   0x00000d25       0x8e ./Driver/Src/stm32f407xx_gpio_driver.o
 .debug_macro   0x00000db3       0x51 ./Driver/Src/stm32f407xx_gpio_driver.o
 .debug_macro   0x00000e04      0x103 ./Driver/Src/stm32f407xx_gpio_driver.o
 .debug_macro   0x00000f07       0x6a ./Driver/Src/stm32f407xx_gpio_driver.o
 .debug_macro   0x00000f71      0x1df ./Driver/Src/stm32f407xx_gpio_driver.o
 .debug_macro   0x00001150      0x668 ./Driver/Src/stm32f407xx_gpio_driver.o
 .debug_macro   0x000017b8       0xc4 ./Driver/Src/stm32f407xx_gpio_driver.o
 .debug_macro   0x0000187c       0x9b ./Src/002led_button.o

.debug_line     0x00000000      0xe94
 .debug_line    0x00000000      0x973 ./Driver/Src/stm32f407xx_gpio_driver.o
 .debug_line    0x00000973      0x4a6 ./Src/002led_button.o
 .debug_line    0x00000e19       0x7b ./Startup/startup_stm32f407vgtx.o

.debug_str      0x00000000     0x610f
 .debug_str     0x00000000     0x610f ./Driver/Src/stm32f407xx_gpio_driver.o
                               0x6279 (size before relaxing)
 .debug_str     0x0000610f     0x601b ./Src/002led_button.o
 .debug_str     0x0000610f       0xa9 ./Startup/startup_stm32f407vgtx.o

.comment        0x00000000       0x43
 .comment       0x00000000       0x43 ./Driver/Src/stm32f407xx_gpio_driver.o
                                 0x44 (size before relaxing)
 .comment       0x00000043       0x44 ./Src/002led_button.o

.debug_frame    0x00000000      0x24c
 .debug_frame   0x00000000      0x1c8 ./Driver/Src/stm32f407xx_gpio_driver.o
 .debug_frame   0x000001c8       0x58 ./Src/002led_button.o
 .debug_frame   0x00000220       0x2c /Applications/STM32CubeIDE.app/Contents/Eclipse/plugins/com.st.stm32cube.ide.mcu.externaltools.gnu-tools-for-stm32.13.3.rel1.macos64_1.0.0.202411102158/tools/bin/../lib/gcc/arm-none-eabi/13.3.1/../../../../arm-none-eabi/lib/thumb/v7e-m+fp/hard/libc_nano.a(libc_a-init.o)

.debug_line_str
                0x00000000       0x8d
 .debug_line_str
                0x00000000       0x8d ./Startup/startup_stm32f407vgtx.o
