15:46:49 **** Incremental Build of configuration Debug for project STM32F4xx_DriverDev ****
make -j11 all 
arm-none-eabi-gcc -mcpu=cortex-m4 -g3 -DDEBUG -c -x assembler-with-cpp -MMD -MP -MF"Startup/startup_stm32f407vgtx.d" -MT"Startup/startup_stm32f407vgtx.o" --specs=nano.specs -mfpu=fpv4-sp-d16 -mfloat-abi=hard -mthumb -o "Startup/startup_stm32f407vgtx.o" "../Startup/startup_stm32f407vgtx.s"
arm-none-eabi-gcc "../Startup/syscalls.c" -mcpu=cortex-m4 -std=gnu11 -g3 -DDEBUG -DSTM32 -DSTM32F407G_DISC1 -DSTM32F4 -DSTM32F407VGTx -c -I../Inc -I"/Users/macbookpro/STM32Projects/STM32-Notes/3_MCU1_DriverDev_Fastbit/Workspaces/STM32F4xx_DriverDev/Driver/Inc" -O0 -ffunction-sections -fdata-sections -Wall -fstack-usage -fcyclomatic-complexity -MMD -MP -MF"Startup/syscalls.d" -MT"Startup/syscalls.o" --specs=nano.specs -mfpu=fpv4-sp-d16 -mfloat-abi=hard -mthumb -o "Startup/syscalls.o"
arm-none-eabi-gcc "../Startup/sysmem.c" -mcpu=cortex-m4 -std=gnu11 -g3 -DDEBUG -DSTM32 -DSTM32F407G_DISC1 -DSTM32F4 -DSTM32F407VGTx -c -I../Inc -I"/Users/macbookpro/STM32Projects/STM32-Notes/3_MCU1_DriverDev_Fastbit/Workspaces/STM32F4xx_DriverDev/Driver/Inc" -O0 -ffunction-sections -fdata-sections -Wall -fstack-usage -fcyclomatic-complexity -MMD -MP -MF"Startup/sysmem.d" -MT"Startup/sysmem.o" --specs=nano.specs -mfpu=fpv4-sp-d16 -mfloat-abi=hard -mthumb -o "Startup/sysmem.o"
arm-none-eabi-gcc "../Src/007spi_txonly_arduino.c" -mcpu=cortex-m4 -std=gnu11 -g3 -DDEBUG -DSTM32 -DSTM32F407G_DISC1 -DSTM32F4 -DSTM32F407VGTx -c -I../Inc -I"/Users/macbookpro/STM32Projects/STM32-Notes/3_MCU1_DriverDev_Fastbit/Workspaces/STM32F4xx_DriverDev/Driver/Inc" -O0 -ffunction-sections -fdata-sections -Wall -fstack-usage -fcyclomatic-complexity -MMD -MP -MF"Src/007spi_txonly_arduino.d" -MT"Src/007spi_txonly_arduino.o" --specs=nano.specs -mfpu=fpv4-sp-d16 -mfloat-abi=hard -mthumb -o "Src/007spi_txonly_arduino.o"
arm-none-eabi-gcc "../Driver/Src/stm32f407xx_gpio_driver.c" -mcpu=cortex-m4 -std=gnu11 -g3 -DDEBUG -DSTM32 -DSTM32F407G_DISC1 -DSTM32F4 -DSTM32F407VGTx -c -I../Inc -I"/Users/macbookpro/STM32Projects/STM32-Notes/3_MCU1_DriverDev_Fastbit/Workspaces/STM32F4xx_DriverDev/Driver/Inc" -O0 -ffunction-sections -fdata-sections -Wall -fstack-usage -fcyclomatic-complexity -MMD -MP -MF"Driver/Src/stm32f407xx_gpio_driver.d" -MT"Driver/Src/stm32f407xx_gpio_driver.o" --specs=nano.specs -mfpu=fpv4-sp-d16 -mfloat-abi=hard -mthumb -o "Driver/Src/stm32f407xx_gpio_driver.o"
arm-none-eabi-gcc "../Driver/Src/stm32f407xx_spi_driver.c" -mcpu=cortex-m4 -std=gnu11 -g3 -DDEBUG -DSTM32 -DSTM32F407G_DISC1 -DSTM32F4 -DSTM32F407VGTx -c -I../Inc -I"/Users/macbookpro/STM32Projects/STM32-Notes/3_MCU1_DriverDev_Fastbit/Workspaces/STM32F4xx_DriverDev/Driver/Inc" -O0 -ffunction-sections -fdata-sections -Wall -fstack-usage -fcyclomatic-complexity -MMD -MP -MF"Driver/Src/stm32f407xx_spi_driver.d" -MT"Driver/Src/stm32f407xx_spi_driver.o" --specs=nano.specs -mfpu=fpv4-sp-d16 -mfloat-abi=hard -mthumb -o "Driver/Src/stm32f407xx_spi_driver.o"
arm-none-eabi-gcc -o "STM32F4xx_DriverDev.elf" @"objects.list"   -mcpu=cortex-m4 -T"/Users/macbookpro/STM32Projects/STM32-Notes/3_MCU1_DriverDev_Fastbit/Workspaces/STM32F4xx_DriverDev/STM32F407VGTX_FLASH.ld" --specs=nosys.specs -Wl,-Map="STM32F4xx_DriverDev.map" -Wl,--gc-sections -static --specs=nano.specs -mfpu=fpv4-sp-d16 -mfloat-abi=hard -mthumb -Wl,--start-group -lc -lm -Wl,--end-group
Finished building target: STM32F4xx_DriverDev.elf
 
arm-none-eabi-size  STM32F4xx_DriverDev.elf 
arm-none-eabi-objdump -h -S STM32F4xx_DriverDev.elf  > "STM32F4xx_DriverDev.list"
   text	   data	    bss	    dec	    hex	filename
   2968	      0	   1568	   4536	   11b8	STM32F4xx_DriverDev.elf
Finished building: default.size.stdout
 
Finished building: STM32F4xx_DriverDev.list
 

15:46:49 Build Finished. 0 errors, 0 warnings. (took 577ms)

