2025-10-15 12:50:39,522 [ERROR] LogOutputStream:75 - [STDERR_REDIRECT] 
2025-10-15 14:49:07,612 [INFO] Activator:176 - 


2025-10-15 14:49:07,614 [INFO] Activator:177 - !SESSION log4j initialized
2025-10-15 14:49:10,789 [INFO] LogOutputStream:77 - [STDOUT_REDIRECT] 
2025-10-15 14:49:11,550 [ERROR] LogOutputStream:75 - [STDERR_REDIRECT] 
2025-10-15 14:49:17,910 [INFO] LogOutputStream:77 - [STDOUT_REDIRECT] 
2025-10-15 14:49:19,374 [INFO] ApplicationProperties:184 - Using Application install path: /Applications/STM32CubeIDE.app/Contents/Eclipse/plugins/com.st.stm32cube.common.mx_6.15.0.202507011659
2025-10-15 14:49:19,392 [INFO] DbMcusXml:78 - Set database path to: /Applications/STM32CubeIDE.app/Contents/Eclipse/plugins/com.st.stm32cube.common.mx_6.15.0.202507011659//db//mcu/
2025-10-15 14:49:19,392 [INFO] ApiDb:274 - Set plugin database path to: /Applications/STM32CubeIDE.app/Contents/Eclipse/plugins/com.st.stm32cube.common.mx_6.15.0.202507011659//db//plugins/boardmanager/
2025-10-15 14:49:19,393 [WARN] ApiDb:259 - Overriding images path with different value:  => /Applications/STM32CubeIDE.app/Contents/Eclipse/plugins/com.st.stm32cube.common.mx_6.15.0.202507011659//db//plugins/mcufinder/images/
2025-10-15 14:49:19,401 [INFO] ApiDb:250 - Set database path to: /Users/macbookpro/.stmcufinder/plugins/mcufinder//mcu/
2025-10-15 14:49:19,402 [INFO] DbMcusAds:125 - Set database path to: /Users/macbookpro/.stmcufinder/plugins/mcufinder//mcu/
2025-10-15 14:49:19,405 [INFO] CrossReferenceDbSqlite:203 - Set database path to: /Users/macbookpro/.stmcufinder/plugins/mcufinder//mcu/cs/
2025-10-15 14:49:19,553 [INFO] RulesReader:64 - Compatibility file has been processed (317 Rules)
2025-10-15 14:49:19,621 [INFO] DbMcusXml:78 - Set database path to: /Applications/STM32CubeIDE.app/Contents/Eclipse/plugins/com.st.stm32cube.common.mx_6.15.0.202507011659//db//mcu/
2025-10-15 14:49:19,621 [INFO] ApiDb:274 - Set plugin database path to: /Applications/STM32CubeIDE.app/Contents/Eclipse/plugins/com.st.stm32cube.common.mx_6.15.0.202507011659//db//plugins/boardmanager/
2025-10-15 14:49:19,621 [INFO] ApiDb:261 - Set plugin images path to: /Applications/STM32CubeIDE.app/Contents/Eclipse/plugins/com.st.stm32cube.common.mx_6.15.0.202507011659//db//plugins/mcufinder/images/
2025-10-15 14:49:19,622 [WARN] DbFile:41 - Overriding database path with different value: /Users/macbookpro/.stmcufinder/plugins/mcufinder/ => /Users/macbookpro/.stmcufinder/plugins/mcufinder
2025-10-15 14:49:19,622 [INFO] ApiDb:250 - Set database path to: /Users/macbookpro/.stmcufinder/plugins/mcufinder//mcu/
2025-10-15 14:49:19,622 [WARN] DbFile:41 - Overriding database path with different value: /Users/macbookpro/.stmcufinder/plugins/mcufinder/ => /Users/macbookpro/.stmcufinder/plugins/mcufinder
2025-10-15 14:49:19,622 [INFO] DbMcusAds:125 - Set database path to: /Users/macbookpro/.stmcufinder/plugins/mcufinder//mcu/
2025-10-15 14:49:19,622 [WARN] DbFile:41 - Overriding database path with different value: /Users/macbookpro/.stmcufinder/plugins/mcufinder/ => /Users/macbookpro/.stmcufinder/plugins/mcufinder
2025-10-15 14:49:19,622 [WARN] DbFile:41 - Overriding database path with different value: /Users/macbookpro/.stmcufinder/plugins/mcufinder/ => /Users/macbookpro/.stmcufinder/plugins/mcufinder
2025-10-15 14:49:19,622 [INFO] CrossReferenceDbSqlite:203 - Set database path to: /Users/macbookpro/.stmcufinder/plugins/mcufinder//mcu/cs/
2025-10-15 14:49:19,719 [INFO] MainPanel:274 - HeapMemory: 268435456
2025-10-15 14:49:20,755 [INFO] DbMcusXml:78 - Set database path to: /Applications/STM32CubeIDE.app/Contents/Eclipse/plugins/com.st.stm32cube.common.mx_6.15.0.202507011659//db//mcu/
2025-10-15 14:49:20,755 [INFO] ApiDb:274 - Set plugin database path to: /Applications/STM32CubeIDE.app/Contents/Eclipse/plugins/com.st.stm32cube.common.mx_6.15.0.202507011659//db//plugins/boardmanager/
2025-10-15 14:49:20,755 [INFO] ApiDb:261 - Set plugin images path to: /Applications/STM32CubeIDE.app/Contents/Eclipse/plugins/com.st.stm32cube.common.mx_6.15.0.202507011659//db//plugins/mcufinder/images/
2025-10-15 14:49:20,756 [WARN] DbFile:41 - Overriding database path with different value: /Users/macbookpro/.stmcufinder/plugins/mcufinder/ => /Users/macbookpro/.stmcufinder/plugins/mcufinder
2025-10-15 14:49:20,756 [INFO] ApiDb:250 - Set database path to: /Users/macbookpro/.stmcufinder/plugins/mcufinder//mcu/
2025-10-15 14:49:20,756 [WARN] DbFile:41 - Overriding database path with different value: /Users/macbookpro/.stmcufinder/plugins/mcufinder/ => /Users/macbookpro/.stmcufinder/plugins/mcufinder
2025-10-15 14:49:20,756 [INFO] DbMcusAds:125 - Set database path to: /Users/macbookpro/.stmcufinder/plugins/mcufinder//mcu/
2025-10-15 14:49:20,756 [WARN] DbFile:41 - Overriding database path with different value: /Users/macbookpro/.stmcufinder/plugins/mcufinder/ => /Users/macbookpro/.stmcufinder/plugins/mcufinder
2025-10-15 14:49:20,756 [WARN] DbFile:41 - Overriding database path with different value: /Users/macbookpro/.stmcufinder/plugins/mcufinder/ => /Users/macbookpro/.stmcufinder/plugins/mcufinder
2025-10-15 14:49:20,756 [INFO] CrossReferenceDbSqlite:203 - Set database path to: /Users/macbookpro/.stmcufinder/plugins/mcufinder//mcu/cs/
2025-10-15 14:49:20,776 [INFO] ApplicationProperties:184 - Using Application install path: /Applications/STM32CubeIDE.app/Contents/Eclipse/plugins/com.st.stm32cube.common.mx_6.15.0.202507011659
2025-10-15 14:49:20,778 [INFO] PluginManage:196 - Search for loadable plugins [exclusion list=, ]
2025-10-15 14:49:20,780 [INFO] PluginManage:310 - Check plugin analytics
2025-10-15 14:49:20,983 [INFO] AnalyticsPlugin:253 - Accepted Software Licenses: 
2025-10-15 14:49:20,983 [INFO] AnalyticsPlugin:255 - Accepted CMSIS Pack Licenses: 
2025-10-15 14:49:20,984 [INFO] AnalyticsPlugin:257 - Accepted Firmware Licenses: 
2025-10-15 14:49:20,986 [INFO] PluginManage:359 - Loaded plugin analytics (category:tool,tabindex:-1)
2025-10-15 14:49:20,986 [INFO] PluginManage:310 - Check plugin cadmodel
2025-10-15 14:49:20,992 [INFO] CADModel:105 - Init CAD model plugin
2025-10-15 14:49:20,992 [INFO] PluginManage:359 - Loaded plugin cadmodel (category:power,tabindex:5)
2025-10-15 14:49:20,992 [INFO] PluginManage:310 - Check plugin clock
2025-10-15 14:49:21,005 [INFO] PluginManage:359 - Loaded plugin clock (category:base,tabindex:2)
2025-10-15 14:49:21,006 [INFO] PluginManage:310 - Check plugin ddr
2025-10-15 14:49:21,009 [INFO] PluginManage:359 - Loaded plugin ddr (category:tool,tabindex:6)
2025-10-15 14:49:21,009 [INFO] PluginManage:310 - Check plugin filemanager
2025-10-15 14:49:21,190 [INFO] PluginManage:359 - Loaded plugin filemanager (category:base,tabindex:10)
2025-10-15 14:49:21,190 [INFO] PluginManage:310 - Check plugin ipmanager
2025-10-15 14:49:21,198 [INFO] PluginManage:359 - Loaded plugin ipmanager (category:base,tabindex:5)
2025-10-15 14:49:21,199 [INFO] PluginManage:310 - Check plugin lpbam
2025-10-15 14:49:21,210 [INFO] PluginManage:359 - Loaded plugin lpbam (category:base,tabindex:0)
2025-10-15 14:49:21,210 [INFO] PluginManage:310 - Check plugin memorymap
2025-10-15 14:49:21,227 [INFO] PluginManage:359 - Loaded plugin memorymap (category:base,tabindex:4)
2025-10-15 14:49:21,228 [INFO] PluginManage:310 - Check plugin pinoutandconfiguration
2025-10-15 14:49:21,240 [INFO] PluginManage:359 - Loaded plugin pinoutandconfiguration (category:base,tabindex:1)
2025-10-15 14:49:21,240 [INFO] PluginManage:310 - Check plugin pinoutconfig
2025-10-15 14:49:21,363 [WARN] SupportedApi:132 - Cannot load RTOS API schema: s4s-elt-must-match.1: The content of 'definitions' must match (annotation?, (simpleType | complexType)?, (unique | key | keyref)*)). A problem was found starting at: attribute.
2025-10-15 14:49:21,534 [INFO] PluginManage:359 - Loaded plugin pinoutconfig (category:base,tabindex:0)
2025-10-15 14:49:21,534 [INFO] PluginManage:310 - Check plugin power
2025-10-15 14:49:21,545 [INFO] PluginManage:359 - Loaded plugin power (category:power,tabindex:4)
2025-10-15 14:49:21,545 [INFO] PluginManage:310 - Check plugin projectmanager
2025-10-15 14:49:21,562 [INFO] PluginManage:359 - Loaded plugin projectmanager (category:projectmanager,tabindex:4)
2025-10-15 14:49:21,562 [INFO] PluginManage:310 - Check plugin rif
2025-10-15 14:49:21,573 [INFO] PluginManage:359 - Loaded plugin rif (category:base,tabindex:3)
2025-10-15 14:49:21,573 [INFO] PluginManage:310 - Check plugin thirdparty
2025-10-15 14:49:21,701 [INFO] PluginManage:359 - Loaded plugin thirdparty (category:base,tabindex:-1)
2025-10-15 14:49:21,701 [WARN] IntegrityCheckThread:84 - waiting for thirdparty lock release [integrity check]
2025-10-15 14:49:21,701 [INFO] PluginManage:310 - Check plugin tools
2025-10-15 14:49:21,701 [INFO] IntegrityCheckThread:86 - entering critical section [integrity check]
2025-10-15 14:49:21,702 [INFO] ThirdPartyUpdaterWithRetryManager:70 - Updater plugin not ready yet. [1/15]
2025-10-15 14:49:21,703 [INFO] PluginManage:359 - Loaded plugin tools (category:base,tabindex:7)
2025-10-15 14:49:21,704 [INFO] PluginManage:310 - Check plugin tutovideos
2025-10-15 14:49:21,979 [INFO] PluginManage:359 - Loaded plugin tutovideos (category:base,tabindex:-1)
2025-10-15 14:49:21,979 [INFO] PluginManage:310 - Check plugin updater
2025-10-15 14:49:22,005 [INFO] PluginManage:359 - Loaded plugin updater (category:base,tabindex:12)
2025-10-15 14:49:22,005 [INFO] PluginManage:310 - Check plugin userauth
2025-10-15 14:49:22,010 [INFO] UserAuth:118 - Init User Auth plugin
2025-10-15 14:49:22,011 [INFO] PluginManage:359 - Loaded plugin userauth (category:base,tabindex:14)
2025-10-15 14:49:22,012 [INFO] PluginManage:283 - PluginManage : Loaded plugins [18]
2025-10-15 14:49:22,226 [INFO] PinOutPanel:1589 - setPackage(No Configuration,No Configuration)
2025-10-15 14:49:22,314 [INFO] CADModel:165 - CPN selected for project level
2025-10-15 14:49:22,315 [INFO] CADModel:114 - Register for checkConnection events
2025-10-15 14:49:22,330 [INFO] IPUIPlugin:80 - create IPUIPlugin
2025-10-15 14:49:22,331 [INFO] PluginManager:220 - loadIPPluginJar : add mdma
2025-10-15 14:49:22,339 [INFO] IPUIPlugin:80 - create IPUIPlugin
2025-10-15 14:49:22,339 [INFO] PluginManager:220 - loadIPPluginJar : add freertos
2025-10-15 14:49:22,345 [INFO] IPUIPlugin:80 - create IPUIPlugin
2025-10-15 14:49:22,346 [INFO] PluginManager:220 - loadIPPluginJar : add gic
2025-10-15 14:49:22,357 [INFO] IPUIPlugin:80 - create IPUIPlugin
2025-10-15 14:49:22,357 [INFO] PluginManager:220 - loadIPPluginJar : add adc
2025-10-15 14:49:22,361 [INFO] IPUIPlugin:80 - create IPUIPlugin
2025-10-15 14:49:22,361 [INFO] PluginManager:220 - loadIPPluginJar : add gtzc
2025-10-15 14:49:22,362 [INFO] IPUIPlugin:80 - create IPUIPlugin
2025-10-15 14:49:22,362 [INFO] PluginManager:220 - loadIPPluginJar : add quadspi
2025-10-15 14:49:22,365 [INFO] IPUIPlugin:80 - create IPUIPlugin
2025-10-15 14:49:22,365 [INFO] PluginManager:220 - loadIPPluginJar : add aes
2025-10-15 14:49:22,368 [INFO] IPUIPlugin:80 - create IPUIPlugin
2025-10-15 14:49:22,368 [INFO] PluginManager:220 - loadIPPluginJar : add pdm2pcm
2025-10-15 14:49:22,370 [INFO] IPUIPlugin:80 - create IPUIPlugin
2025-10-15 14:49:22,370 [INFO] PluginManager:220 - loadIPPluginJar : add hash
2025-10-15 14:49:22,371 [INFO] IPUIPlugin:80 - create IPUIPlugin
2025-10-15 14:49:22,372 [INFO] PluginManager:220 - loadIPPluginJar : add tim
2025-10-15 14:49:22,373 [INFO] IPUIPlugin:80 - create IPUIPlugin
2025-10-15 14:49:22,373 [INFO] PluginManager:220 - loadIPPluginJar : add tsc
2025-10-15 14:49:22,376 [INFO] IPUIPlugin:80 - create IPUIPlugin
2025-10-15 14:49:22,377 [INFO] PluginManager:220 - loadIPPluginJar : add extmemmanager
2025-10-15 14:49:22,380 [INFO] IPUIPlugin:80 - create IPUIPlugin
2025-10-15 14:49:22,380 [INFO] PluginManager:220 - loadIPPluginJar : add ts
2025-10-15 14:49:22,382 [INFO] IPUIPlugin:80 - create IPUIPlugin
2025-10-15 14:49:22,382 [INFO] PluginManager:220 - loadIPPluginJar : add radio
2025-10-15 14:49:22,385 [INFO] IPUIPlugin:80 - create IPUIPlugin
2025-10-15 14:49:22,385 [INFO] PluginManager:220 - loadIPPluginJar : add can
2025-10-15 14:49:22,388 [INFO] IPUIPlugin:80 - create IPUIPlugin
2025-10-15 14:49:22,388 [INFO] PluginManager:220 - loadIPPluginJar : add dma3
2025-10-15 14:49:22,390 [INFO] IPUIPlugin:80 - create IPUIPlugin
2025-10-15 14:49:22,390 [INFO] PluginManager:220 - loadIPPluginJar : add dfsdm
2025-10-15 14:49:22,393 [INFO] IPUIPlugin:80 - create IPUIPlugin
2025-10-15 14:49:22,393 [INFO] PluginManager:220 - loadIPPluginJar : add spi
2025-10-15 14:49:22,395 [INFO] IPUIPlugin:80 - create IPUIPlugin
2025-10-15 14:49:22,395 [INFO] PluginManager:220 - loadIPPluginJar : add gfxmmu
2025-10-15 14:49:22,397 [INFO] IPUIPlugin:80 - create IPUIPlugin
2025-10-15 14:49:22,397 [INFO] PluginManager:220 - loadIPPluginJar : add genericplugin
2025-10-15 14:49:22,399 [INFO] IPUIPlugin:80 - create IPUIPlugin
2025-10-15 14:49:22,399 [INFO] PluginManager:220 - loadIPPluginJar : add cryp
2025-10-15 14:49:22,403 [INFO] IPUIPlugin:80 - create IPUIPlugin
2025-10-15 14:49:22,403 [INFO] PluginManager:220 - loadIPPluginJar : add gpio
2025-10-15 14:49:22,406 [INFO] IPUIPlugin:80 - create IPUIPlugin
2025-10-15 14:49:22,406 [INFO] PluginManager:220 - loadIPPluginJar : add ddr_ctrl_phy
2025-10-15 14:49:22,407 [INFO] IPUIPlugin:80 - create IPUIPlugin
2025-10-15 14:49:22,407 [INFO] PluginManager:220 - loadIPPluginJar : add comp
2025-10-15 14:49:22,409 [INFO] IPUIPlugin:80 - create IPUIPlugin
2025-10-15 14:49:22,409 [INFO] PluginManager:220 - loadIPPluginJar : add tracer_emb
2025-10-15 14:49:22,412 [INFO] IPUIPlugin:80 - create IPUIPlugin
2025-10-15 14:49:22,412 [INFO] PluginManager:220 - loadIPPluginJar : add openamp
2025-10-15 14:49:22,419 [INFO] IPUIPlugin:80 - create IPUIPlugin
2025-10-15 14:49:22,419 [INFO] PluginManager:220 - loadIPPluginJar : add stm32_wpan
2025-10-15 14:49:22,423 [INFO] IPUIPlugin:80 - create IPUIPlugin
2025-10-15 14:49:22,425 [INFO] PluginManager:220 - loadIPPluginJar : add plateformsettings
2025-10-15 14:49:22,428 [INFO] IPUIPlugin:80 - create IPUIPlugin
2025-10-15 14:49:22,429 [INFO] PluginManager:220 - loadIPPluginJar : add ipddr
2025-10-15 14:49:22,433 [INFO] IPUIPlugin:80 - create IPUIPlugin
2025-10-15 14:49:22,433 [INFO] PluginManager:220 - loadIPPluginJar : add usart
2025-10-15 14:49:22,434 [INFO] IPUIPlugin:80 - create IPUIPlugin
2025-10-15 14:49:22,434 [INFO] PluginManager:220 - loadIPPluginJar : add ltdc
2025-10-15 14:49:22,437 [INFO] IPUIPlugin:80 - create IPUIPlugin
2025-10-15 14:49:22,437 [INFO] PluginManager:220 - loadIPPluginJar : add nvic
2025-10-15 14:49:22,438 [INFO] IPUIPlugin:80 - create IPUIPlugin
2025-10-15 14:49:22,438 [INFO] PluginManager:220 - loadIPPluginJar : add fatfs
2025-10-15 14:49:22,447 [INFO] IPUIPlugin:80 - create IPUIPlugin
2025-10-15 14:49:22,448 [INFO] PluginManager:220 - loadIPPluginJar : add linkedlist
2025-10-15 14:49:22,453 [INFO] IPUIPlugin:80 - create IPUIPlugin
2025-10-15 14:49:22,453 [INFO] PluginManager:220 - loadIPPluginJar : add dma
2025-10-15 14:49:22,457 [INFO] IPUIPlugin:80 - create IPUIPlugin
2025-10-15 14:49:22,457 [INFO] PluginManager:220 - loadIPPluginJar : add fmc
2025-10-15 14:49:22,459 [INFO] IPUIPlugin:80 - create IPUIPlugin
2025-10-15 14:49:22,460 [INFO] PluginManager:220 - loadIPPluginJar : add i2s
2025-10-15 14:49:22,462 [INFO] IPUIPlugin:80 - create IPUIPlugin
2025-10-15 14:49:22,463 [INFO] PluginManager:220 - loadIPPluginJar : add ucpd
2025-10-15 14:49:22,465 [INFO] IPUIPlugin:80 - create IPUIPlugin
2025-10-15 14:49:22,465 [INFO] PluginManager:220 - loadIPPluginJar : add lorawan
2025-10-15 14:49:22,467 [INFO] IPUIPlugin:80 - create IPUIPlugin
2025-10-15 14:49:22,467 [INFO] PluginManager:220 - loadIPPluginJar : add opamp
2025-10-15 14:49:22,469 [INFO] IPUIPlugin:80 - create IPUIPlugin
2025-10-15 14:49:22,469 [INFO] PluginManager:220 - loadIPPluginJar : add i3c
2025-10-15 14:49:22,471 [INFO] IPUIPlugin:80 - create IPUIPlugin
2025-10-15 14:49:22,472 [INFO] PluginManager:220 - loadIPPluginJar : add touchsensing
2025-10-15 14:49:22,473 [INFO] IPUIPlugin:80 - create IPUIPlugin
2025-10-15 14:49:22,473 [INFO] PluginManager:220 - loadIPPluginJar : add i2c
2025-10-15 14:49:22,476 [INFO] IPUIPlugin:80 - create IPUIPlugin
2025-10-15 14:49:22,476 [INFO] PluginManager:220 - loadIPPluginJar : add resmgrutility
2025-10-15 14:49:22,478 [INFO] IPUIPlugin:80 - create IPUIPlugin
2025-10-15 14:49:22,478 [INFO] PluginManager:220 - loadIPPluginJar : add sai
2025-10-15 14:49:22,480 [INFO] IPUIPlugin:80 - create IPUIPlugin
2025-10-15 14:49:22,481 [INFO] PluginManager:220 - loadIPPluginJar : add usbx
2025-10-15 14:49:22,580 [FATAL] Updater:351 - Updater called before beeing initialized
2025-10-15 14:49:22,613 [INFO] RulesReader:64 - Compatibility file has been processed (317 Rules)
2025-10-15 14:49:22,623 [INFO] RulesReader:64 - Compatibility file has been processed (317 Rules)
2025-10-15 14:49:22,632 [INFO] CADModel:165 - CPN selected for project level
2025-10-15 14:49:22,632 [INFO] CADModel:114 - Register for checkConnection events
2025-10-15 14:49:22,632 [FATAL] Updater:351 - Updater called before beeing initialized
2025-10-15 14:49:22,633 [ERROR] CADModel:125 - Updater not yet initialized, retry later 
2025-10-15 14:49:22,921 [FATAL] Updater:351 - Updater called before beeing initialized
2025-10-15 14:49:22,923 [INFO] CADModel:165 - CPN selected for project level
2025-10-15 14:49:22,923 [INFO] CADModel:114 - Register for checkConnection events
2025-10-15 14:49:22,923 [FATAL] Updater:351 - Updater called before beeing initialized
2025-10-15 14:49:22,924 [ERROR] CADModel:125 - Updater not yet initialized, retry later 
2025-10-15 14:49:22,928 [FATAL] Updater:351 - Updater called before beeing initialized
2025-10-15 14:49:23,019 [FATAL] Updater:351 - Updater called before beeing initialized
2025-10-15 14:49:23,024 [INFO] DbMcusAds:53 - JSON generation date=Tue Jul 08 11:14:23 TRT 2025 (1751962463524)
2025-10-15 14:49:23,024 [FATAL] Updater:351 - Updater called before beeing initialized
2025-10-15 14:49:23,096 [WARN] DetailPanel:346 - Failed to get advertising image, set to default
2025-10-15 14:49:23,200 [FATAL] Updater:351 - Updater called before beeing initialized
2025-10-15 14:49:23,201 [FATAL] Updater:351 - Updater called before beeing initialized
2025-10-15 14:49:23,201 [FATAL] Updater:351 - Updater called before beeing initialized
2025-10-15 14:49:23,201 [WARN] DetailPanel:346 - Failed to get advertising image, set to default
2025-10-15 14:49:23,202 [FATAL] Updater:351 - Updater called before beeing initialized
2025-10-15 14:49:23,236 [ERROR] Updater:1198 - MainUpdater not yet initialized. External WinMGr cannot be set.
2025-10-15 14:49:23,237 [INFO] Updater:1134 - Updater Version found : 6.15.0
2025-10-15 14:49:23,259 [INFO] ApplicationProperties:184 - Using Application install path: /Applications/STM32CubeIDE.app/Contents/Eclipse/plugins/com.st.stm32cube.common.mx_6.15.0.202507011659
2025-10-15 14:49:23,596 [INFO] MainUpdater:2872 - connection check result : 10
2025-10-15 14:49:23,596 [INFO] MainUpdater:289 - Updater Check For Update Now.
2025-10-15 14:49:23,597 [INFO] MicroXplorer:498 - Change Database Version : DB.6.0.150
2025-10-15 14:49:23,603 [INFO] McuFinderGlobals:63 - Set McuFinder mode to 2 (CubeIDE integrated)
2025-10-15 14:49:23,603 [INFO] UserAuth:171 - activating auth plugin
2025-10-15 14:49:23,606 [INFO] UserAuth:487 - Internet connection configuration mode: 1
2025-10-15 14:49:23,630 [INFO] JxBrowserEngine:152 - Initiate JxBrowser Engine with user profile folder
2025-10-15 14:49:23,784 [INFO] CheckServerUpdateThread:120 - End of CheckServer Thread
2025-10-15 14:49:24,998 [WARN] PackLoader:240 - Cannot read IP mode file for STMicroelectronics.FP-SNS-MOTENVWB1.1.4.0
2025-10-15 14:49:25,007 [WARN] PackLoader:240 - Cannot read IP mode file for STMicroelectronics.FP-ATR-ASTRA1.2.0.2
2025-10-15 14:49:25,017 [WARN] PackLoader:240 - Cannot read IP mode file for STMicroelectronics.X-CUBE-SMBUS.2.1.0
2025-10-15 14:49:25,021 [WARN] PackLoader:240 - Cannot read IP mode file for STMicroelectronics.X-CUBE-ST60.1.0.0
2025-10-15 14:49:25,072 [WARN] PackLoader:240 - Cannot read IP mode file for STMicroelectronics.X-CUBE-AZRTOS-F7.1.1.0
2025-10-15 14:49:25,215 [WARN] PackLoader:240 - Cannot read IP mode file for WES.I-CUBE-Cesium.1.4.0
2025-10-15 14:49:25,311 [WARN] PackLoader:240 - Cannot read IP mode file for Infineon.AIROC-Wi-Fi-Bluetooth-STM32.1.7.1
2025-10-15 14:49:25,426 [WARN] PackLoader:240 - Cannot read IP mode file for STMicroelectronics.X-CUBE-AZRTOS-H7.3.4.0
2025-10-15 14:49:25,505 [WARN] PackLoader:240 - Cannot read IP mode file for STMicroelectronics.X-CUBE-DISPLAY.3.0.0
2025-10-15 14:49:25,549 [WARN] PackLoader:240 - Cannot read IP mode file for STMicroelectronics.X-CUBE-NFC10.1.0.0
2025-10-15 14:49:25,557 [INFO] WebApp:169 - Instantiating new browser for Auth
2025-10-15 14:49:25,642 [WARN] PackLoader:240 - Cannot read IP mode file for emotas.I-CUBE-CANOPEN.1.3.0
2025-10-15 14:49:25,786 [WARN] PackLoader:240 - Cannot read IP mode file for STMicroelectronics.FP-SNS-STBOX1.2.1.0
2025-10-15 14:49:25,851 [WARN] PackLoader:240 - Cannot read IP mode file for STMicroelectronics.FP-SNS-SMARTAG2.1.2.0
2025-10-15 14:49:25,947 [WARN] PackLoader:240 - Cannot read IP mode file for STMicroelectronics.FP-SNS-FLIGHT1.5.1.0
2025-10-15 14:49:26,005 [INFO] LogOutputStream:77 - [STDOUT_REDIRECT] 1 : Invalid condition id : UX_CORESTACK_Condition cause : null
2025-10-15 14:49:26,024 [INFO] LogOutputStream:77 - [STDOUT_REDIRECT] 1 : Invalid condition id : UX_CORESTACK_Condition cause : null
2025-10-15 14:49:26,060 [INFO] LogOutputStream:77 - [STDOUT_REDIRECT] 1 : Invalid condition id : UX_CORESTACK_Condition cause : null
2025-10-15 14:49:26,077 [INFO] LogOutputStream:77 - [STDOUT_REDIRECT] 1 : Invalid condition id : UX_CORESTACK_Condition cause : null
2025-10-15 14:49:26,097 [INFO] LogOutputStream:77 - [STDOUT_REDIRECT] 1 : Invalid condition id : UX_CORESTACK_Condition cause : null
2025-10-15 14:49:26,119 [WARN] PackLoader:240 - Cannot read IP mode file for STMicroelectronics.X-CUBE-AZRTOS-WL.2.0.0
2025-10-15 14:49:26,213 [WARN] PackLoader:240 - Cannot read IP mode file for STMicroelectronics.FP-SNS-MOTENV1.5.0.0
2025-10-15 14:49:26,272 [WARN] PackLoader:240 - Cannot read IP mode file for STMicroelectronics.X-CUBE-BLE2.3.3.0
2025-10-15 14:49:26,364 [WARN] PackLoader:240 - Cannot read IP mode file for STMicroelectronics.X-CUBE-NFC9.1.0.0
2025-10-15 14:49:26,458 [WARN] PackLoader:240 - Cannot read IP mode file for wolfSSL.I-CUBE-wolfSSL.5.8.2
2025-10-15 14:49:26,515 [WARN] PackLoader:240 - Cannot read IP mode file for STMicroelectronics.X-CUBE-BLE1.7.1.0
2025-10-15 14:49:26,589 [WARN] PackLoader:240 - Cannot read IP mode file for wolfSSL.I-CUBE-wolfMQTT.1.19.2
2025-10-15 14:49:26,649 [WARN] PackLoader:240 - Cannot read IP mode file for STMicroelectronics.X-CUBE-EEPRMA1.5.2.0
2025-10-15 14:49:26,727 [WARN] PackLoader:240 - Cannot read IP mode file for STMicroelectronics.X-CUBE-ST67W61.1.1.0
2025-10-15 14:49:26,790 [INFO] WebApp:463 - Apply proxy settings
2025-10-15 14:49:26,821 [INFO] WebApp:508 - Chromium authenticates against Manually configured proxy
2025-10-15 14:49:26,920 [INFO] WebApp:516 - Username used for proxy authentication: 
2025-10-15 14:49:26,921 [WARN] PackLoader:240 - Cannot read IP mode file for STMicroelectronics.X-CUBE-AZRTOS-G0.1.1.0
2025-10-15 14:49:26,986 [INFO] WebApp:900 - Register for checkConnection events
2025-10-15 14:49:27,006 [INFO] WebApp:463 - Apply proxy settings
2025-10-15 14:49:27,045 [INFO] WebApp:508 - Chromium authenticates against Manually configured proxy
2025-10-15 14:49:27,080 [INFO] WebApp:516 - Username used for proxy authentication: 
2025-10-15 14:49:27,082 [WARN] PackLoader:240 - Cannot read IP mode file for STMicroelectronics.X-CUBE-SAFEA1.1.2.2
2025-10-15 14:49:27,194 [WARN] PackLoader:240 - Cannot read IP mode file for STMicroelectronics.X-CUBE-NFC4.3.0.0
2025-10-15 14:49:27,347 [WARN] PackLoader:240 - Cannot read IP mode file for EmbeddedOffice.I-CUBE-FS-RTOS.1.0.1
2025-10-15 14:49:27,385 [INFO] WebApp:225 - Starting web application
2025-10-15 14:49:27,409 [INFO] WebApp:593 - Web application path used /Applications/STM32CubeIDE.app/Contents/Eclipse/plugins/com.st.stm32cube.common.mx_6.15.0.202507011659/db/plugins/mcufinder/reactClient1/index.html
2025-10-15 14:49:27,468 [WARN] PackLoader:240 - Cannot read IP mode file for STMicroelectronics.X-CUBE-WB05N.2.0.0
2025-10-15 14:49:27,581 [WARN] PackLoader:240 - Cannot read IP mode file for wolfSSL.I-CUBE-wolfTPM.3.8.0
2025-10-15 14:49:27,698 [WARN] PackLoader:240 - Cannot read IP mode file for STMicroelectronics.X-CUBE-TCPP.4.2.0
2025-10-15 14:49:27,848 [WARN] PackLoader:240 - Cannot read IP mode file for RealThread.X-CUBE-RT-Thread_Nano.4.1.1
2025-10-15 14:49:27,922 [WARN] PackLoader:240 - Cannot read IP mode file for STMicroelectronics.FP-ATR-SIGFOX1.3.2.0
2025-10-15 14:49:27,999 [WARN] PackLoader:240 - Cannot read IP mode file for ITTIA_DB.I-CUBE-ITTIADB.8.9.0
2025-10-15 14:49:28,058 [WARN] PackLoader:240 - Cannot read IP mode file for STMicroelectronics.X-CUBE-ST67W61.1.0.0
2025-10-15 14:49:28,078 [INFO] WebApp:191 - Connection restablished
2025-10-15 14:49:28,134 [WARN] PackLoader:240 - Cannot read IP mode file for STMicroelectronics.X-CUBE-AI.10.2.0
2025-10-15 14:49:28,302 [WARN] PackLoader:240 - Cannot read IP mode file for SEGGER.I-CUBE-embOS.1.3.1
2025-10-15 14:49:28,438 [WARN] PackLoader:240 - Cannot read IP mode file for STMicroelectronics.X-CUBE-ALGOBUILD.1.4.0
2025-10-15 14:49:28,525 [WARN] PackLoader:240 - Cannot read IP mode file for STMicroelectronics.X-CUBE-MEMS1.11.3.0
2025-10-15 14:49:28,725 [WARN] PackLoader:240 - Cannot read IP mode file for STMicroelectronics.X-CUBE-PM33A1.1.0.0
2025-10-15 14:49:28,808 [WARN] PackLoader:240 - Cannot read IP mode file for STMicroelectronics.X-CUBE-AZRTOS-F4.1.1.0
2025-10-15 14:49:28,899 [WARN] PackLoader:240 - Cannot read IP mode file for Avnet-IotConnect.X-CUBE-IoTC-DA16k-PMOD.1.0.0
2025-10-15 14:49:28,957 [WARN] PackLoader:240 - Cannot read IP mode file for STMicroelectronics.X-CUBE-ISPU.2.1.0
2025-10-15 14:49:29,039 [WARN] PackLoader:240 - Cannot read IP mode file for STMicroelectronics.X-CUBE-IPS.3.2.0
2025-10-15 14:49:29,071 [WARN] PackLoader:240 - Cannot read IP mode file for STMicroelectronics.X-CUBE-NFC12.1.0.0
2025-10-15 14:49:29,131 [WARN] PackLoader:240 - Cannot read IP mode file for STMicroelectronics.X-CUBE-AZRTOS-L5.2.0.0
2025-10-15 14:49:29,155 [WARN] PackLoader:240 - Cannot read IP mode file for STMicroelectronics.X-CUBE-NFC6.3.1.0
2025-10-15 14:49:29,161 [WARN] PackLoader:240 - Cannot read IP mode file for STMicroelectronics.X-CUBE-FREERTOS.1.3.1
2025-10-15 14:49:29,167 [WARN] PackLoader:240 - Cannot read IP mode file for STMicroelectronics.X-CUBE-TOUCHGFX.4.26.0
2025-10-15 14:49:29,175 [WARN] PackLoader:240 - Cannot read IP mode file for STMicroelectronics.FP-SNS-STAIOTCFT.1.0.0
2025-10-15 14:49:29,182 [WARN] PackLoader:240 - Cannot read IP mode file for STMicroelectronics.X-CUBE-DPower.1.3.0
2025-10-15 14:49:29,203 [WARN] ConditionMgr:438 - getConditionDescription Invalid condition id : LAN8742 Phy interface Condition cause : null
2025-10-15 14:49:29,203 [WARN] PackLoader:240 - Cannot read IP mode file for STMicroelectronics.X-CUBE-AZRTOS-L4.2.0.0
2025-10-15 14:49:29,204 [WARN] ConditionMgr:1044 - genDependencies : Invalid condition id : LAN8742 Phy interface Condition cause : null
2025-10-15 14:49:29,205 [WARN] ConditionMgr:1044 - genDependencies : Invalid condition id : LAN8742 Phy interface Condition cause : null
2025-10-15 14:49:29,205 [WARN] ConditionMgr:1044 - genDependencies : Invalid condition id : LAN8742 Phy interface Condition cause : null
2025-10-15 14:49:29,212 [WARN] PackLoader:240 - Cannot read IP mode file for STMicroelectronics.X-CUBE-SFXS2LP1.4.0.0
2025-10-15 14:49:29,240 [WARN] PackLoader:240 - Cannot read IP mode file for STMicroelectronics.X-CUBE-BLEMGR.4.1.0
2025-10-15 14:49:29,275 [WARN] ConditionMgr:438 - getConditionDescription Invalid condition id : UX DEVICE CLASS RTOS Condition cause : null
2025-10-15 14:49:29,292 [WARN] ConditionMgr:438 - getConditionDescription Invalid condition id : UX DEVICE CLASS RTOS Condition cause : null
2025-10-15 14:49:29,293 [WARN] PackLoader:240 - Cannot read IP mode file for STMicroelectronics.X-CUBE-AZRTOS-WB.2.0.0
2025-10-15 14:49:29,294 [WARN] ConditionMgr:1044 - genDependencies : Invalid condition id : UX DEVICE CLASS RTOS Condition cause : null
2025-10-15 14:49:29,294 [WARN] ConditionMgr:1044 - genDependencies : Invalid condition id : UX DEVICE CLASS RTOS Condition cause : null
2025-10-15 14:49:29,295 [WARN] ConditionMgr:1044 - genDependencies : Invalid condition id : UX DEVICE CLASS RTOS Condition cause : null
2025-10-15 14:49:29,297 [WARN] ConditionMgr:1044 - genDependencies : Invalid condition id : UX DEVICE CLASS RTOS Condition cause : null
2025-10-15 14:49:29,315 [WARN] ConditionMgr:1044 - genDependencies : Invalid condition id : UX DEVICE CLASS RTOS Condition cause : null
2025-10-15 14:49:29,322 [WARN] PackLoader:240 - Cannot read IP mode file for STMicroelectronics.X-CUBE-GNSS1.7.0.1
2025-10-15 14:49:29,325 [WARN] PackLoader:240 - Cannot read IP mode file for STMicroelectronics.X-CUBE-TOUCHGFX.4.25.0
2025-10-15 14:49:29,328 [WARN] ConditionMgr:438 - getConditionDescription Invalid condition id : Cortex-A Device cause : null
2025-10-15 14:49:29,381 [WARN] ConditionMgr:1044 - genDependencies : Invalid condition id : Cortex-A Device cause : null
2025-10-15 14:49:29,381 [WARN] ConditionMgr:1044 - genDependencies : Invalid condition id : Cortex-A Device cause : null
2025-10-15 14:49:29,381 [WARN] ConditionMgr:1044 - genDependencies : Invalid condition id : Cortex-A Device cause : null
2025-10-15 14:49:29,391 [WARN] PackLoader:240 - Cannot read IP mode file for STMicroelectronics.X-CUBE-SUBG2.5.0.0
2025-10-15 14:49:29,421 [WARN] PackLoader:240 - Cannot read IP mode file for STMicroelectronics.X-CUBE-AZRTOS-H7RS.1.1.0
2025-10-15 14:49:29,438 [WARN] PackLoader:240 - Cannot read IP mode file for Cesanta.I-CUBE-Mongoose.7.13.0
2025-10-15 14:49:29,453 [WARN] PackLoader:240 - Cannot read IP mode file for STMicroelectronics.X-CUBE-AZRTOS-G4.2.0.0
2025-10-15 14:49:29,471 [WARN] PackLoader:240 - Cannot read IP mode file for wolfSSL.I-CUBE-wolfSSH.1.4.20
2025-10-15 14:49:29,491 [WARN] PackLoader:240 - Cannot read IP mode file for STMicroelectronics.X-CUBE-NFC7.2.0.0
2025-10-15 14:49:29,508 [WARN] PackLoader:240 - Cannot read IP mode file for STMicroelectronics.X-CUBE-IPS.3.1.0
2025-10-15 14:49:29,545 [WARN] PackLoader:240 - Cannot read IP mode file for STMicroelectronics.X-CUBE-ALS.1.0.2
2025-10-15 14:49:29,570 [WARN] PackLoader:240 - Cannot read IP mode file for STMicroelectronics.X-CUBE-STSE01.1.0.0
2025-10-15 14:49:29,575 [WARN] PackLoader:240 - Cannot read IP mode file for portGmbH.I-Cube-SoM-uGOAL.1.1.0
2025-10-15 14:49:29,616 [WARN] PackLoader:240 - Cannot read IP mode file for STMicroelectronics.X-CUBE-TOF1.3.4.3
2025-10-15 14:49:29,646 [INFO] ThirdParty:978 - Integrity check success = true
2025-10-15 14:49:29,659 [INFO] IntegrityCheckThread:100 - exiting critical section [integrity check]
2025-10-15 14:49:29,659 [INFO] IntegrityCheckThread:103 - End integrity checks thread
2025-10-15 15:15:06,896 [ERROR] LogOutputStream:75 - [STDERR_REDIRECT] 
2025-10-15 15:31:35,397 [INFO] Activator:176 - 


2025-10-15 15:31:35,399 [INFO] Activator:177 - !SESSION log4j initialized
2025-10-15 15:31:38,473 [INFO] LogOutputStream:77 - [STDOUT_REDIRECT] 
2025-10-15 15:31:39,192 [ERROR] LogOutputStream:75 - [STDERR_REDIRECT] 
2025-10-15 15:31:41,397 [INFO] LogOutputStream:77 - [STDOUT_REDIRECT] 
2025-10-15 15:31:42,267 [INFO] ApplicationProperties:184 - Using Application install path: /Applications/STM32CubeIDE.app/Contents/Eclipse/plugins/com.st.stm32cube.common.mx_6.15.0.202507011659
2025-10-15 15:31:42,285 [INFO] DbMcusXml:78 - Set database path to: /Applications/STM32CubeIDE.app/Contents/Eclipse/plugins/com.st.stm32cube.common.mx_6.15.0.202507011659//db//mcu/
2025-10-15 15:31:42,286 [INFO] ApiDb:274 - Set plugin database path to: /Applications/STM32CubeIDE.app/Contents/Eclipse/plugins/com.st.stm32cube.common.mx_6.15.0.202507011659//db//plugins/boardmanager/
2025-10-15 15:31:42,286 [WARN] ApiDb:259 - Overriding images path with different value:  => /Applications/STM32CubeIDE.app/Contents/Eclipse/plugins/com.st.stm32cube.common.mx_6.15.0.202507011659//db//plugins/mcufinder/images/
2025-10-15 15:31:42,292 [INFO] ApiDb:250 - Set database path to: /Users/macbookpro/.stmcufinder/plugins/mcufinder//mcu/
2025-10-15 15:31:42,294 [INFO] DbMcusAds:125 - Set database path to: /Users/macbookpro/.stmcufinder/plugins/mcufinder//mcu/
2025-10-15 15:31:42,297 [INFO] CrossReferenceDbSqlite:203 - Set database path to: /Users/macbookpro/.stmcufinder/plugins/mcufinder//mcu/cs/
2025-10-15 15:31:42,412 [INFO] RulesReader:64 - Compatibility file has been processed (317 Rules)
2025-10-15 15:31:42,462 [INFO] DbMcusXml:78 - Set database path to: /Applications/STM32CubeIDE.app/Contents/Eclipse/plugins/com.st.stm32cube.common.mx_6.15.0.202507011659//db//mcu/
2025-10-15 15:31:42,462 [INFO] ApiDb:274 - Set plugin database path to: /Applications/STM32CubeIDE.app/Contents/Eclipse/plugins/com.st.stm32cube.common.mx_6.15.0.202507011659//db//plugins/boardmanager/
2025-10-15 15:31:42,462 [INFO] ApiDb:261 - Set plugin images path to: /Applications/STM32CubeIDE.app/Contents/Eclipse/plugins/com.st.stm32cube.common.mx_6.15.0.202507011659//db//plugins/mcufinder/images/
2025-10-15 15:31:42,463 [WARN] DbFile:41 - Overriding database path with different value: /Users/macbookpro/.stmcufinder/plugins/mcufinder/ => /Users/macbookpro/.stmcufinder/plugins/mcufinder
2025-10-15 15:31:42,463 [INFO] ApiDb:250 - Set database path to: /Users/macbookpro/.stmcufinder/plugins/mcufinder//mcu/
2025-10-15 15:31:42,463 [WARN] DbFile:41 - Overriding database path with different value: /Users/macbookpro/.stmcufinder/plugins/mcufinder/ => /Users/macbookpro/.stmcufinder/plugins/mcufinder
2025-10-15 15:31:42,463 [INFO] DbMcusAds:125 - Set database path to: /Users/macbookpro/.stmcufinder/plugins/mcufinder//mcu/
2025-10-15 15:31:42,463 [WARN] DbFile:41 - Overriding database path with different value: /Users/macbookpro/.stmcufinder/plugins/mcufinder/ => /Users/macbookpro/.stmcufinder/plugins/mcufinder
2025-10-15 15:31:42,463 [WARN] DbFile:41 - Overriding database path with different value: /Users/macbookpro/.stmcufinder/plugins/mcufinder/ => /Users/macbookpro/.stmcufinder/plugins/mcufinder
2025-10-15 15:31:42,463 [INFO] CrossReferenceDbSqlite:203 - Set database path to: /Users/macbookpro/.stmcufinder/plugins/mcufinder//mcu/cs/
2025-10-15 15:31:42,525 [INFO] MainPanel:274 - HeapMemory: 268435456
2025-10-15 15:31:42,834 [INFO] DbMcusXml:78 - Set database path to: /Applications/STM32CubeIDE.app/Contents/Eclipse/plugins/com.st.stm32cube.common.mx_6.15.0.202507011659//db//mcu/
2025-10-15 15:31:42,834 [INFO] ApiDb:274 - Set plugin database path to: /Applications/STM32CubeIDE.app/Contents/Eclipse/plugins/com.st.stm32cube.common.mx_6.15.0.202507011659//db//plugins/boardmanager/
2025-10-15 15:31:42,834 [INFO] ApiDb:261 - Set plugin images path to: /Applications/STM32CubeIDE.app/Contents/Eclipse/plugins/com.st.stm32cube.common.mx_6.15.0.202507011659//db//plugins/mcufinder/images/
2025-10-15 15:31:42,834 [WARN] DbFile:41 - Overriding database path with different value: /Users/macbookpro/.stmcufinder/plugins/mcufinder/ => /Users/macbookpro/.stmcufinder/plugins/mcufinder
2025-10-15 15:31:42,834 [INFO] ApiDb:250 - Set database path to: /Users/macbookpro/.stmcufinder/plugins/mcufinder//mcu/
2025-10-15 15:31:42,835 [WARN] DbFile:41 - Overriding database path with different value: /Users/macbookpro/.stmcufinder/plugins/mcufinder/ => /Users/macbookpro/.stmcufinder/plugins/mcufinder
2025-10-15 15:31:42,835 [INFO] DbMcusAds:125 - Set database path to: /Users/macbookpro/.stmcufinder/plugins/mcufinder//mcu/
2025-10-15 15:31:42,835 [WARN] DbFile:41 - Overriding database path with different value: /Users/macbookpro/.stmcufinder/plugins/mcufinder/ => /Users/macbookpro/.stmcufinder/plugins/mcufinder
2025-10-15 15:31:42,835 [WARN] DbFile:41 - Overriding database path with different value: /Users/macbookpro/.stmcufinder/plugins/mcufinder/ => /Users/macbookpro/.stmcufinder/plugins/mcufinder
2025-10-15 15:31:42,835 [INFO] CrossReferenceDbSqlite:203 - Set database path to: /Users/macbookpro/.stmcufinder/plugins/mcufinder//mcu/cs/
2025-10-15 15:31:42,854 [INFO] ApplicationProperties:184 - Using Application install path: /Applications/STM32CubeIDE.app/Contents/Eclipse/plugins/com.st.stm32cube.common.mx_6.15.0.202507011659
2025-10-15 15:31:42,856 [INFO] PluginManage:196 - Search for loadable plugins [exclusion list=, ]
2025-10-15 15:31:42,857 [INFO] PluginManage:310 - Check plugin analytics
2025-10-15 15:31:43,028 [INFO] AnalyticsPlugin:253 - Accepted Software Licenses: 
2025-10-15 15:31:43,028 [INFO] AnalyticsPlugin:255 - Accepted CMSIS Pack Licenses: 
2025-10-15 15:31:43,029 [INFO] AnalyticsPlugin:257 - Accepted Firmware Licenses: 
2025-10-15 15:31:43,031 [INFO] PluginManage:359 - Loaded plugin analytics (category:tool,tabindex:-1)
2025-10-15 15:31:43,031 [INFO] PluginManage:310 - Check plugin cadmodel
2025-10-15 15:31:43,036 [INFO] CADModel:105 - Init CAD model plugin
2025-10-15 15:31:43,036 [INFO] PluginManage:359 - Loaded plugin cadmodel (category:power,tabindex:5)
2025-10-15 15:31:43,036 [INFO] PluginManage:310 - Check plugin clock
2025-10-15 15:31:43,044 [INFO] PluginManage:359 - Loaded plugin clock (category:base,tabindex:2)
2025-10-15 15:31:43,044 [INFO] PluginManage:310 - Check plugin ddr
2025-10-15 15:31:43,047 [INFO] PluginManage:359 - Loaded plugin ddr (category:tool,tabindex:6)
2025-10-15 15:31:43,047 [INFO] PluginManage:310 - Check plugin filemanager
2025-10-15 15:31:43,197 [INFO] PluginManage:359 - Loaded plugin filemanager (category:base,tabindex:10)
2025-10-15 15:31:43,197 [INFO] PluginManage:310 - Check plugin ipmanager
2025-10-15 15:31:43,203 [INFO] PluginManage:359 - Loaded plugin ipmanager (category:base,tabindex:5)
2025-10-15 15:31:43,203 [INFO] PluginManage:310 - Check plugin lpbam
2025-10-15 15:31:43,212 [INFO] PluginManage:359 - Loaded plugin lpbam (category:base,tabindex:0)
2025-10-15 15:31:43,212 [INFO] PluginManage:310 - Check plugin memorymap
2025-10-15 15:31:43,226 [INFO] PluginManage:359 - Loaded plugin memorymap (category:base,tabindex:4)
2025-10-15 15:31:43,226 [INFO] PluginManage:310 - Check plugin pinoutandconfiguration
2025-10-15 15:31:43,235 [INFO] PluginManage:359 - Loaded plugin pinoutandconfiguration (category:base,tabindex:1)
2025-10-15 15:31:43,235 [INFO] PluginManage:310 - Check plugin pinoutconfig
2025-10-15 15:31:43,324 [WARN] SupportedApi:132 - Cannot load RTOS API schema: s4s-elt-must-match.1: The content of 'definitions' must match (annotation?, (simpleType | complexType)?, (unique | key | keyref)*)). A problem was found starting at: attribute.
2025-10-15 15:31:43,491 [INFO] PluginManage:359 - Loaded plugin pinoutconfig (category:base,tabindex:0)
2025-10-15 15:31:43,491 [INFO] PluginManage:310 - Check plugin power
2025-10-15 15:31:43,501 [INFO] PluginManage:359 - Loaded plugin power (category:power,tabindex:4)
2025-10-15 15:31:43,501 [INFO] PluginManage:310 - Check plugin projectmanager
2025-10-15 15:31:43,522 [INFO] PluginManage:359 - Loaded plugin projectmanager (category:projectmanager,tabindex:4)
2025-10-15 15:31:43,523 [INFO] PluginManage:310 - Check plugin rif
2025-10-15 15:31:43,539 [INFO] PluginManage:359 - Loaded plugin rif (category:base,tabindex:3)
2025-10-15 15:31:43,540 [INFO] PluginManage:310 - Check plugin thirdparty
2025-10-15 15:31:43,719 [INFO] PluginManage:359 - Loaded plugin thirdparty (category:base,tabindex:-1)
2025-10-15 15:31:43,719 [WARN] IntegrityCheckThread:84 - waiting for thirdparty lock release [integrity check]
2025-10-15 15:31:43,720 [INFO] IntegrityCheckThread:86 - entering critical section [integrity check]
2025-10-15 15:31:43,720 [INFO] PluginManage:310 - Check plugin tools
2025-10-15 15:31:43,720 [INFO] ThirdPartyUpdaterWithRetryManager:70 - Updater plugin not ready yet. [1/15]
2025-10-15 15:31:43,724 [INFO] PluginManage:359 - Loaded plugin tools (category:base,tabindex:7)
2025-10-15 15:31:43,724 [INFO] PluginManage:310 - Check plugin tutovideos
2025-10-15 15:31:43,953 [INFO] PluginManage:359 - Loaded plugin tutovideos (category:base,tabindex:-1)
2025-10-15 15:31:43,953 [INFO] PluginManage:310 - Check plugin updater
2025-10-15 15:31:43,978 [INFO] PluginManage:359 - Loaded plugin updater (category:base,tabindex:12)
2025-10-15 15:31:43,979 [INFO] PluginManage:310 - Check plugin userauth
2025-10-15 15:31:43,985 [INFO] UserAuth:118 - Init User Auth plugin
2025-10-15 15:31:43,986 [INFO] PluginManage:359 - Loaded plugin userauth (category:base,tabindex:14)
2025-10-15 15:31:43,987 [INFO] PluginManage:283 - PluginManage : Loaded plugins [18]
2025-10-15 15:31:44,187 [INFO] PinOutPanel:1589 - setPackage(No Configuration,No Configuration)
2025-10-15 15:31:44,273 [INFO] CADModel:165 - CPN selected for project level
2025-10-15 15:31:44,273 [INFO] CADModel:114 - Register for checkConnection events
2025-10-15 15:31:44,291 [INFO] IPUIPlugin:80 - create IPUIPlugin
2025-10-15 15:31:44,292 [INFO] PluginManager:220 - loadIPPluginJar : add mdma
2025-10-15 15:31:44,301 [INFO] IPUIPlugin:80 - create IPUIPlugin
2025-10-15 15:31:44,302 [INFO] PluginManager:220 - loadIPPluginJar : add freertos
2025-10-15 15:31:44,307 [INFO] IPUIPlugin:80 - create IPUIPlugin
2025-10-15 15:31:44,308 [INFO] PluginManager:220 - loadIPPluginJar : add gic
2025-10-15 15:31:44,321 [INFO] IPUIPlugin:80 - create IPUIPlugin
2025-10-15 15:31:44,322 [INFO] PluginManager:220 - loadIPPluginJar : add adc
2025-10-15 15:31:44,327 [INFO] IPUIPlugin:80 - create IPUIPlugin
2025-10-15 15:31:44,327 [INFO] PluginManager:220 - loadIPPluginJar : add gtzc
2025-10-15 15:31:44,328 [INFO] IPUIPlugin:80 - create IPUIPlugin
2025-10-15 15:31:44,329 [INFO] PluginManager:220 - loadIPPluginJar : add quadspi
2025-10-15 15:31:44,332 [INFO] IPUIPlugin:80 - create IPUIPlugin
2025-10-15 15:31:44,332 [INFO] PluginManager:220 - loadIPPluginJar : add aes
2025-10-15 15:31:44,334 [INFO] IPUIPlugin:80 - create IPUIPlugin
2025-10-15 15:31:44,335 [INFO] PluginManager:220 - loadIPPluginJar : add pdm2pcm
2025-10-15 15:31:44,336 [INFO] IPUIPlugin:80 - create IPUIPlugin
2025-10-15 15:31:44,336 [INFO] PluginManager:220 - loadIPPluginJar : add hash
2025-10-15 15:31:44,337 [INFO] IPUIPlugin:80 - create IPUIPlugin
2025-10-15 15:31:44,337 [INFO] PluginManager:220 - loadIPPluginJar : add tim
2025-10-15 15:31:44,338 [INFO] IPUIPlugin:80 - create IPUIPlugin
2025-10-15 15:31:44,338 [INFO] PluginManager:220 - loadIPPluginJar : add tsc
2025-10-15 15:31:44,342 [INFO] IPUIPlugin:80 - create IPUIPlugin
2025-10-15 15:31:44,342 [INFO] PluginManager:220 - loadIPPluginJar : add extmemmanager
2025-10-15 15:31:44,344 [INFO] IPUIPlugin:80 - create IPUIPlugin
2025-10-15 15:31:44,344 [INFO] PluginManager:220 - loadIPPluginJar : add ts
2025-10-15 15:31:44,346 [INFO] IPUIPlugin:80 - create IPUIPlugin
2025-10-15 15:31:44,347 [INFO] PluginManager:220 - loadIPPluginJar : add radio
2025-10-15 15:31:44,351 [INFO] IPUIPlugin:80 - create IPUIPlugin
2025-10-15 15:31:44,352 [INFO] PluginManager:220 - loadIPPluginJar : add can
2025-10-15 15:31:44,354 [INFO] IPUIPlugin:80 - create IPUIPlugin
2025-10-15 15:31:44,354 [INFO] PluginManager:220 - loadIPPluginJar : add dma3
2025-10-15 15:31:44,356 [INFO] IPUIPlugin:80 - create IPUIPlugin
2025-10-15 15:31:44,356 [INFO] PluginManager:220 - loadIPPluginJar : add dfsdm
2025-10-15 15:31:44,359 [INFO] IPUIPlugin:80 - create IPUIPlugin
2025-10-15 15:31:44,359 [INFO] PluginManager:220 - loadIPPluginJar : add spi
2025-10-15 15:31:44,361 [INFO] IPUIPlugin:80 - create IPUIPlugin
2025-10-15 15:31:44,362 [INFO] PluginManager:220 - loadIPPluginJar : add gfxmmu
2025-10-15 15:31:44,363 [INFO] IPUIPlugin:80 - create IPUIPlugin
2025-10-15 15:31:44,363 [INFO] PluginManager:220 - loadIPPluginJar : add genericplugin
2025-10-15 15:31:44,365 [INFO] IPUIPlugin:80 - create IPUIPlugin
2025-10-15 15:31:44,365 [INFO] PluginManager:220 - loadIPPluginJar : add cryp
2025-10-15 15:31:44,368 [INFO] IPUIPlugin:80 - create IPUIPlugin
2025-10-15 15:31:44,369 [INFO] PluginManager:220 - loadIPPluginJar : add gpio
2025-10-15 15:31:44,372 [INFO] IPUIPlugin:80 - create IPUIPlugin
2025-10-15 15:31:44,372 [INFO] PluginManager:220 - loadIPPluginJar : add ddr_ctrl_phy
2025-10-15 15:31:44,373 [INFO] IPUIPlugin:80 - create IPUIPlugin
2025-10-15 15:31:44,373 [INFO] PluginManager:220 - loadIPPluginJar : add comp
2025-10-15 15:31:44,375 [INFO] IPUIPlugin:80 - create IPUIPlugin
2025-10-15 15:31:44,376 [INFO] PluginManager:220 - loadIPPluginJar : add tracer_emb
2025-10-15 15:31:44,381 [INFO] IPUIPlugin:80 - create IPUIPlugin
2025-10-15 15:31:44,381 [INFO] PluginManager:220 - loadIPPluginJar : add openamp
2025-10-15 15:31:44,391 [INFO] IPUIPlugin:80 - create IPUIPlugin
2025-10-15 15:31:44,391 [INFO] PluginManager:220 - loadIPPluginJar : add stm32_wpan
2025-10-15 15:31:44,398 [INFO] IPUIPlugin:80 - create IPUIPlugin
2025-10-15 15:31:44,402 [INFO] PluginManager:220 - loadIPPluginJar : add plateformsettings
2025-10-15 15:31:44,407 [INFO] IPUIPlugin:80 - create IPUIPlugin
2025-10-15 15:31:44,407 [INFO] PluginManager:220 - loadIPPluginJar : add ipddr
2025-10-15 15:31:44,410 [INFO] IPUIPlugin:80 - create IPUIPlugin
2025-10-15 15:31:44,411 [INFO] PluginManager:220 - loadIPPluginJar : add usart
2025-10-15 15:31:44,413 [INFO] IPUIPlugin:80 - create IPUIPlugin
2025-10-15 15:31:44,413 [INFO] PluginManager:220 - loadIPPluginJar : add ltdc
2025-10-15 15:31:44,419 [INFO] IPUIPlugin:80 - create IPUIPlugin
2025-10-15 15:31:44,420 [INFO] PluginManager:220 - loadIPPluginJar : add nvic
2025-10-15 15:31:44,422 [INFO] IPUIPlugin:80 - create IPUIPlugin
2025-10-15 15:31:44,423 [INFO] PluginManager:220 - loadIPPluginJar : add fatfs
2025-10-15 15:31:44,434 [INFO] IPUIPlugin:80 - create IPUIPlugin
2025-10-15 15:31:44,435 [INFO] PluginManager:220 - loadIPPluginJar : add linkedlist
2025-10-15 15:31:44,442 [INFO] IPUIPlugin:80 - create IPUIPlugin
2025-10-15 15:31:44,442 [INFO] PluginManager:220 - loadIPPluginJar : add dma
2025-10-15 15:31:44,446 [INFO] IPUIPlugin:80 - create IPUIPlugin
2025-10-15 15:31:44,446 [INFO] PluginManager:220 - loadIPPluginJar : add fmc
2025-10-15 15:31:44,448 [INFO] IPUIPlugin:80 - create IPUIPlugin
2025-10-15 15:31:44,448 [INFO] PluginManager:220 - loadIPPluginJar : add i2s
2025-10-15 15:31:44,450 [INFO] IPUIPlugin:80 - create IPUIPlugin
2025-10-15 15:31:44,450 [INFO] PluginManager:220 - loadIPPluginJar : add ucpd
2025-10-15 15:31:44,452 [INFO] IPUIPlugin:80 - create IPUIPlugin
2025-10-15 15:31:44,452 [INFO] PluginManager:220 - loadIPPluginJar : add lorawan
2025-10-15 15:31:44,454 [INFO] IPUIPlugin:80 - create IPUIPlugin
2025-10-15 15:31:44,454 [INFO] PluginManager:220 - loadIPPluginJar : add opamp
2025-10-15 15:31:44,457 [INFO] IPUIPlugin:80 - create IPUIPlugin
2025-10-15 15:31:44,457 [INFO] PluginManager:220 - loadIPPluginJar : add i3c
2025-10-15 15:31:44,460 [INFO] IPUIPlugin:80 - create IPUIPlugin
2025-10-15 15:31:44,460 [INFO] PluginManager:220 - loadIPPluginJar : add touchsensing
2025-10-15 15:31:44,462 [INFO] IPUIPlugin:80 - create IPUIPlugin
2025-10-15 15:31:44,462 [INFO] PluginManager:220 - loadIPPluginJar : add i2c
2025-10-15 15:31:44,465 [INFO] IPUIPlugin:80 - create IPUIPlugin
2025-10-15 15:31:44,466 [INFO] PluginManager:220 - loadIPPluginJar : add resmgrutility
2025-10-15 15:31:44,468 [INFO] IPUIPlugin:80 - create IPUIPlugin
2025-10-15 15:31:44,468 [INFO] PluginManager:220 - loadIPPluginJar : add sai
2025-10-15 15:31:44,472 [INFO] IPUIPlugin:80 - create IPUIPlugin
2025-10-15 15:31:44,472 [INFO] PluginManager:220 - loadIPPluginJar : add usbx
2025-10-15 15:31:44,584 [FATAL] Updater:351 - Updater called before beeing initialized
2025-10-15 15:31:44,614 [INFO] RulesReader:64 - Compatibility file has been processed (317 Rules)
2025-10-15 15:31:44,627 [INFO] RulesReader:64 - Compatibility file has been processed (317 Rules)
2025-10-15 15:31:44,633 [INFO] CADModel:165 - CPN selected for project level
2025-10-15 15:31:44,633 [INFO] CADModel:114 - Register for checkConnection events
2025-10-15 15:31:44,634 [FATAL] Updater:351 - Updater called before beeing initialized
2025-10-15 15:31:44,634 [ERROR] CADModel:125 - Updater not yet initialized, retry later 
2025-10-15 15:31:44,826 [FATAL] Updater:351 - Updater called before beeing initialized
2025-10-15 15:31:44,827 [INFO] CADModel:165 - CPN selected for project level
2025-10-15 15:31:44,827 [INFO] CADModel:114 - Register for checkConnection events
2025-10-15 15:31:44,827 [FATAL] Updater:351 - Updater called before beeing initialized
2025-10-15 15:31:44,827 [ERROR] CADModel:125 - Updater not yet initialized, retry later 
2025-10-15 15:31:44,831 [FATAL] Updater:351 - Updater called before beeing initialized
2025-10-15 15:31:44,901 [FATAL] Updater:351 - Updater called before beeing initialized
2025-10-15 15:31:44,906 [INFO] DbMcusAds:53 - JSON generation date=Tue Jul 08 11:14:23 TRT 2025 (1751962463524)
2025-10-15 15:31:44,907 [FATAL] Updater:351 - Updater called before beeing initialized
2025-10-15 15:31:44,958 [WARN] DetailPanel:346 - Failed to get advertising image, set to default
2025-10-15 15:31:45,045 [FATAL] Updater:351 - Updater called before beeing initialized
2025-10-15 15:31:45,047 [FATAL] Updater:351 - Updater called before beeing initialized
2025-10-15 15:31:45,047 [FATAL] Updater:351 - Updater called before beeing initialized
2025-10-15 15:31:45,047 [WARN] DetailPanel:346 - Failed to get advertising image, set to default
2025-10-15 15:31:45,047 [FATAL] Updater:351 - Updater called before beeing initialized
2025-10-15 15:31:45,071 [ERROR] Updater:1198 - MainUpdater not yet initialized. External WinMGr cannot be set.
2025-10-15 15:31:45,072 [INFO] Updater:1134 - Updater Version found : 6.15.0
2025-10-15 15:31:45,091 [INFO] ApplicationProperties:184 - Using Application install path: /Applications/STM32CubeIDE.app/Contents/Eclipse/plugins/com.st.stm32cube.common.mx_6.15.0.202507011659
2025-10-15 15:31:45,430 [INFO] MainUpdater:2872 - connection check result : 10
2025-10-15 15:31:45,431 [INFO] MainUpdater:289 - Updater Check For Update Now.
2025-10-15 15:31:45,431 [INFO] MicroXplorer:498 - Change Database Version : DB.6.0.150
2025-10-15 15:31:45,435 [INFO] McuFinderGlobals:63 - Set McuFinder mode to 2 (CubeIDE integrated)
2025-10-15 15:31:45,435 [INFO] UserAuth:171 - activating auth plugin
2025-10-15 15:31:45,438 [INFO] UserAuth:487 - Internet connection configuration mode: 1
2025-10-15 15:31:45,455 [INFO] JxBrowserEngine:152 - Initiate JxBrowser Engine with user profile folder
2025-10-15 15:31:45,602 [INFO] CheckServerUpdateThread:120 - End of CheckServer Thread
2025-10-15 15:31:46,562 [INFO] WebApp:169 - Instantiating new browser for Auth
2025-10-15 15:31:47,350 [INFO] WebApp:463 - Apply proxy settings
2025-10-15 15:31:47,378 [INFO] WebApp:508 - Chromium authenticates against Manually configured proxy
2025-10-15 15:31:47,417 [INFO] WebApp:516 - Username used for proxy authentication: 
2025-10-15 15:31:47,456 [INFO] WebApp:900 - Register for checkConnection events
2025-10-15 15:31:47,464 [INFO] WebApp:463 - Apply proxy settings
2025-10-15 15:31:47,468 [INFO] WebApp:508 - Chromium authenticates against Manually configured proxy
2025-10-15 15:31:47,502 [INFO] WebApp:516 - Username used for proxy authentication: 
2025-10-15 15:31:47,751 [INFO] WebApp:225 - Starting web application
2025-10-15 15:31:47,771 [INFO] WebApp:593 - Web application path used /Applications/STM32CubeIDE.app/Contents/Eclipse/plugins/com.st.stm32cube.common.mx_6.15.0.202507011659/db/plugins/mcufinder/reactClient1/index.html
2025-10-15 15:31:48,493 [INFO] WebApp:191 - Connection restablished
2025-10-15 15:31:51,619 [WARN] PackLoader:240 - Cannot read IP mode file for STMicroelectronics.FP-SNS-MOTENVWB1.1.4.0
2025-10-15 15:31:51,626 [WARN] PackLoader:240 - Cannot read IP mode file for STMicroelectronics.FP-ATR-ASTRA1.2.0.2
2025-10-15 15:31:51,633 [WARN] PackLoader:240 - Cannot read IP mode file for STMicroelectronics.X-CUBE-SMBUS.2.1.0
2025-10-15 15:31:51,638 [WARN] PackLoader:240 - Cannot read IP mode file for STMicroelectronics.X-CUBE-ST60.1.0.0
2025-10-15 15:31:51,668 [WARN] PackLoader:240 - Cannot read IP mode file for STMicroelectronics.X-CUBE-AZRTOS-F7.1.1.0
2025-10-15 15:31:51,681 [WARN] PackLoader:240 - Cannot read IP mode file for WES.I-CUBE-Cesium.1.4.0
2025-10-15 15:31:51,709 [WARN] PackLoader:240 - Cannot read IP mode file for Infineon.AIROC-Wi-Fi-Bluetooth-STM32.1.7.1
2025-10-15 15:31:51,746 [WARN] PackLoader:240 - Cannot read IP mode file for STMicroelectronics.X-CUBE-AZRTOS-H7.3.4.0
2025-10-15 15:31:51,758 [WARN] PackLoader:240 - Cannot read IP mode file for STMicroelectronics.X-CUBE-DISPLAY.3.0.0
2025-10-15 15:31:51,772 [WARN] PackLoader:240 - Cannot read IP mode file for STMicroelectronics.X-CUBE-NFC10.1.0.0
2025-10-15 15:31:51,778 [WARN] PackLoader:240 - Cannot read IP mode file for emotas.I-CUBE-CANOPEN.1.3.0
2025-10-15 15:31:51,785 [WARN] PackLoader:240 - Cannot read IP mode file for STMicroelectronics.FP-SNS-STBOX1.2.1.0
2025-10-15 15:31:51,792 [WARN] PackLoader:240 - Cannot read IP mode file for STMicroelectronics.FP-SNS-SMARTAG2.1.2.0
2025-10-15 15:31:51,796 [WARN] PackLoader:240 - Cannot read IP mode file for STMicroelectronics.FP-SNS-FLIGHT1.5.1.0
2025-10-15 15:31:51,806 [INFO] LogOutputStream:77 - [STDOUT_REDIRECT] 1 : Invalid condition id : UX_CORESTACK_Condition cause : null
2025-10-15 15:31:51,806 [INFO] LogOutputStream:77 - [STDOUT_REDIRECT] 1 : Invalid condition id : UX_CORESTACK_Condition cause : null
2025-10-15 15:31:51,807 [INFO] LogOutputStream:77 - [STDOUT_REDIRECT] 1 : Invalid condition id : UX_CORESTACK_Condition cause : null
2025-10-15 15:31:51,807 [INFO] LogOutputStream:77 - [STDOUT_REDIRECT] 1 : Invalid condition id : UX_CORESTACK_Condition cause : null
2025-10-15 15:31:51,807 [INFO] LogOutputStream:77 - [STDOUT_REDIRECT] 1 : Invalid condition id : UX_CORESTACK_Condition cause : null
2025-10-15 15:31:51,811 [WARN] PackLoader:240 - Cannot read IP mode file for STMicroelectronics.X-CUBE-AZRTOS-WL.2.0.0
2025-10-15 15:31:51,816 [WARN] PackLoader:240 - Cannot read IP mode file for STMicroelectronics.FP-SNS-MOTENV1.5.0.0
2025-10-15 15:31:51,822 [WARN] PackLoader:240 - Cannot read IP mode file for STMicroelectronics.X-CUBE-BLE2.3.3.0
2025-10-15 15:31:51,829 [WARN] PackLoader:240 - Cannot read IP mode file for STMicroelectronics.X-CUBE-NFC9.1.0.0
2025-10-15 15:31:51,835 [WARN] PackLoader:240 - Cannot read IP mode file for wolfSSL.I-CUBE-wolfSSL.5.8.2
2025-10-15 15:31:51,841 [WARN] PackLoader:240 - Cannot read IP mode file for STMicroelectronics.X-CUBE-BLE1.7.1.0
2025-10-15 15:31:51,845 [WARN] PackLoader:240 - Cannot read IP mode file for wolfSSL.I-CUBE-wolfMQTT.1.19.2
2025-10-15 15:31:51,853 [WARN] PackLoader:240 - Cannot read IP mode file for STMicroelectronics.X-CUBE-EEPRMA1.5.2.0
2025-10-15 15:31:51,861 [WARN] PackLoader:240 - Cannot read IP mode file for STMicroelectronics.X-CUBE-ST67W61.1.1.0
2025-10-15 15:31:51,880 [WARN] PackLoader:240 - Cannot read IP mode file for STMicroelectronics.X-CUBE-AZRTOS-G0.1.1.0
2025-10-15 15:31:51,888 [WARN] PackLoader:240 - Cannot read IP mode file for STMicroelectronics.X-CUBE-SAFEA1.1.2.2
2025-10-15 15:31:51,893 [WARN] PackLoader:240 - Cannot read IP mode file for STMicroelectronics.X-CUBE-NFC4.3.0.0
2025-10-15 15:31:51,903 [WARN] PackLoader:240 - Cannot read IP mode file for EmbeddedOffice.I-CUBE-FS-RTOS.1.0.1
2025-10-15 15:31:51,909 [WARN] PackLoader:240 - Cannot read IP mode file for STMicroelectronics.X-CUBE-WB05N.2.0.0
2025-10-15 15:31:51,912 [WARN] PackLoader:240 - Cannot read IP mode file for wolfSSL.I-CUBE-wolfTPM.3.8.0
2025-10-15 15:31:51,917 [WARN] PackLoader:240 - Cannot read IP mode file for STMicroelectronics.X-CUBE-TCPP.4.2.0
2025-10-15 15:31:51,923 [WARN] PackLoader:240 - Cannot read IP mode file for RealThread.X-CUBE-RT-Thread_Nano.4.1.1
2025-10-15 15:31:51,927 [WARN] PackLoader:240 - Cannot read IP mode file for STMicroelectronics.FP-ATR-SIGFOX1.3.2.0
2025-10-15 15:31:51,931 [WARN] PackLoader:240 - Cannot read IP mode file for ITTIA_DB.I-CUBE-ITTIADB.8.9.0
2025-10-15 15:31:51,936 [WARN] PackLoader:240 - Cannot read IP mode file for STMicroelectronics.X-CUBE-ST67W61.1.0.0
2025-10-15 15:31:51,940 [WARN] PackLoader:240 - Cannot read IP mode file for STMicroelectronics.X-CUBE-AI.10.2.0
2025-10-15 15:31:51,995 [WARN] PackLoader:240 - Cannot read IP mode file for SEGGER.I-CUBE-embOS.1.3.1
2025-10-15 15:31:52,033 [WARN] PackLoader:240 - Cannot read IP mode file for STMicroelectronics.X-CUBE-ALGOBUILD.1.4.0
2025-10-15 15:31:52,076 [WARN] PackLoader:240 - Cannot read IP mode file for STMicroelectronics.X-CUBE-MEMS1.11.3.0
2025-10-15 15:31:52,229 [WARN] PackLoader:240 - Cannot read IP mode file for STMicroelectronics.X-CUBE-PM33A1.1.0.0
2025-10-15 15:31:52,245 [WARN] PackLoader:240 - Cannot read IP mode file for STMicroelectronics.X-CUBE-AZRTOS-F4.1.1.0
2025-10-15 15:31:52,250 [WARN] PackLoader:240 - Cannot read IP mode file for Avnet-IotConnect.X-CUBE-IoTC-DA16k-PMOD.1.0.0
2025-10-15 15:31:52,254 [WARN] PackLoader:240 - Cannot read IP mode file for STMicroelectronics.X-CUBE-ISPU.2.1.0
2025-10-15 15:31:52,266 [WARN] PackLoader:240 - Cannot read IP mode file for STMicroelectronics.X-CUBE-IPS.3.2.0
2025-10-15 15:31:52,279 [WARN] PackLoader:240 - Cannot read IP mode file for STMicroelectronics.X-CUBE-NFC12.1.0.0
2025-10-15 15:31:52,298 [WARN] PackLoader:240 - Cannot read IP mode file for STMicroelectronics.X-CUBE-AZRTOS-L5.2.0.0
2025-10-15 15:31:52,308 [WARN] PackLoader:240 - Cannot read IP mode file for STMicroelectronics.X-CUBE-NFC6.3.1.0
2025-10-15 15:31:52,315 [WARN] PackLoader:240 - Cannot read IP mode file for STMicroelectronics.X-CUBE-FREERTOS.1.3.1
2025-10-15 15:31:52,319 [WARN] PackLoader:240 - Cannot read IP mode file for STMicroelectronics.X-CUBE-TOUCHGFX.4.26.0
2025-10-15 15:31:52,323 [WARN] PackLoader:240 - Cannot read IP mode file for STMicroelectronics.FP-SNS-STAIOTCFT.1.0.0
2025-10-15 15:31:52,327 [WARN] PackLoader:240 - Cannot read IP mode file for STMicroelectronics.X-CUBE-DPower.1.3.0
2025-10-15 15:31:52,346 [WARN] ConditionMgr:438 - getConditionDescription Invalid condition id : LAN8742 Phy interface Condition cause : null
2025-10-15 15:31:52,347 [WARN] PackLoader:240 - Cannot read IP mode file for STMicroelectronics.X-CUBE-AZRTOS-L4.2.0.0
2025-10-15 15:31:52,348 [WARN] ConditionMgr:1044 - genDependencies : Invalid condition id : LAN8742 Phy interface Condition cause : null
2025-10-15 15:31:52,348 [WARN] ConditionMgr:1044 - genDependencies : Invalid condition id : LAN8742 Phy interface Condition cause : null
2025-10-15 15:31:52,348 [WARN] ConditionMgr:1044 - genDependencies : Invalid condition id : LAN8742 Phy interface Condition cause : null
2025-10-15 15:31:52,355 [WARN] PackLoader:240 - Cannot read IP mode file for STMicroelectronics.X-CUBE-SFXS2LP1.4.0.0
2025-10-15 15:31:52,365 [WARN] PackLoader:240 - Cannot read IP mode file for STMicroelectronics.X-CUBE-BLEMGR.4.1.0
2025-10-15 15:31:52,391 [WARN] ConditionMgr:438 - getConditionDescription Invalid condition id : UX DEVICE CLASS RTOS Condition cause : null
2025-10-15 15:31:52,392 [WARN] ConditionMgr:438 - getConditionDescription Invalid condition id : UX DEVICE CLASS RTOS Condition cause : null
2025-10-15 15:31:52,395 [WARN] PackLoader:240 - Cannot read IP mode file for STMicroelectronics.X-CUBE-AZRTOS-WB.2.0.0
2025-10-15 15:31:52,396 [WARN] ConditionMgr:1044 - genDependencies : Invalid condition id : UX DEVICE CLASS RTOS Condition cause : null
2025-10-15 15:31:52,396 [WARN] ConditionMgr:1044 - genDependencies : Invalid condition id : UX DEVICE CLASS RTOS Condition cause : null
2025-10-15 15:31:52,397 [WARN] ConditionMgr:1044 - genDependencies : Invalid condition id : UX DEVICE CLASS RTOS Condition cause : null
2025-10-15 15:31:52,397 [WARN] ConditionMgr:1044 - genDependencies : Invalid condition id : UX DEVICE CLASS RTOS Condition cause : null
2025-10-15 15:31:52,397 [WARN] ConditionMgr:1044 - genDependencies : Invalid condition id : UX DEVICE CLASS RTOS Condition cause : null
2025-10-15 15:31:52,404 [WARN] PackLoader:240 - Cannot read IP mode file for STMicroelectronics.X-CUBE-GNSS1.7.0.1
2025-10-15 15:31:52,409 [WARN] PackLoader:240 - Cannot read IP mode file for STMicroelectronics.X-CUBE-TOUCHGFX.4.25.0
2025-10-15 15:31:52,412 [WARN] ConditionMgr:438 - getConditionDescription Invalid condition id : Cortex-A Device cause : null
2025-10-15 15:31:52,423 [WARN] ConditionMgr:1044 - genDependencies : Invalid condition id : Cortex-A Device cause : null
2025-10-15 15:31:52,424 [WARN] ConditionMgr:1044 - genDependencies : Invalid condition id : Cortex-A Device cause : null
2025-10-15 15:31:52,424 [WARN] ConditionMgr:1044 - genDependencies : Invalid condition id : Cortex-A Device cause : null
2025-10-15 15:31:52,434 [WARN] PackLoader:240 - Cannot read IP mode file for STMicroelectronics.X-CUBE-SUBG2.5.0.0
2025-10-15 15:31:52,480 [WARN] PackLoader:240 - Cannot read IP mode file for STMicroelectronics.X-CUBE-AZRTOS-H7RS.1.1.0
2025-10-15 15:31:52,486 [WARN] PackLoader:240 - Cannot read IP mode file for Cesanta.I-CUBE-Mongoose.7.13.0
2025-10-15 15:31:52,501 [WARN] PackLoader:240 - Cannot read IP mode file for STMicroelectronics.X-CUBE-AZRTOS-G4.2.0.0
2025-10-15 15:31:52,505 [WARN] PackLoader:240 - Cannot read IP mode file for wolfSSL.I-CUBE-wolfSSH.1.4.20
2025-10-15 15:31:52,509 [WARN] PackLoader:240 - Cannot read IP mode file for STMicroelectronics.X-CUBE-NFC7.2.0.0
2025-10-15 15:31:52,521 [WARN] PackLoader:240 - Cannot read IP mode file for STMicroelectronics.X-CUBE-IPS.3.1.0
2025-10-15 15:31:52,530 [WARN] PackLoader:240 - Cannot read IP mode file for STMicroelectronics.X-CUBE-ALS.1.0.2
2025-10-15 15:31:52,536 [WARN] PackLoader:240 - Cannot read IP mode file for STMicroelectronics.X-CUBE-STSE01.1.0.0
2025-10-15 15:31:52,542 [WARN] PackLoader:240 - Cannot read IP mode file for portGmbH.I-Cube-SoM-uGOAL.1.1.0
2025-10-15 15:31:52,552 [WARN] PackLoader:240 - Cannot read IP mode file for STMicroelectronics.X-CUBE-TOF1.3.4.3
2025-10-15 15:31:52,564 [INFO] ThirdParty:978 - Integrity check success = true
2025-10-15 15:31:52,564 [INFO] IntegrityCheckThread:100 - exiting critical section [integrity check]
2025-10-15 15:31:52,564 [INFO] IntegrityCheckThread:103 - End integrity checks thread
2025-10-15 15:41:57,423 [INFO] WebApp:194 - Connection lost
2025-10-15 15:41:57,966 [INFO] WebApp:191 - Connection restablished
2025-10-15 16:01:51,308 [INFO] WebApp:194 - Connection lost
2025-10-15 16:01:51,690 [INFO] WebApp:191 - Connection restablished
2025-10-15 16:01:56,125 [INFO] WebApp:194 - Connection lost
2025-10-15 16:01:56,308 [INFO] WebApp:191 - Connection restablished
