2025-10-20 13:20:58,842 [INFO] Activator:176 - 


2025-10-20 13:20:58,850 [INFO] Activator:177 - !SESSION log4j initialized
2025-10-20 13:21:02,510 [INFO] LogOutputStream:77 - [STDOUT_REDIRECT] 
2025-10-20 13:21:03,429 [ERROR] LogOutputStream:75 - [STDERR_REDIRECT] 
2025-10-20 13:21:08,866 [INFO] LogOutputStream:77 - [STDOUT_REDIRECT] 
2025-10-20 13:21:10,010 [INFO] ApplicationProperties:184 - Using Application install path: /Applications/STM32CubeIDE.app/Contents/Eclipse/plugins/com.st.stm32cube.common.mx_6.15.0.202507011659
2025-10-20 13:21:10,027 [INFO] DbMcusXml:78 - Set database path to: /Applications/STM32CubeIDE.app/Contents/Eclipse/plugins/com.st.stm32cube.common.mx_6.15.0.202507011659//db//mcu/
2025-10-20 13:21:10,027 [INFO] ApiDb:274 - Set plugin database path to: /Applications/STM32CubeIDE.app/Contents/Eclipse/plugins/com.st.stm32cube.common.mx_6.15.0.202507011659//db//plugins/boardmanager/
2025-10-20 13:21:10,027 [WARN] ApiDb:259 - Overriding images path with different value:  => /Applications/STM32CubeIDE.app/Contents/Eclipse/plugins/com.st.stm32cube.common.mx_6.15.0.202507011659//db//plugins/mcufinder/images/
2025-10-20 13:21:10,033 [INFO] ApiDb:250 - Set database path to: /Users/macbookpro/.stmcufinder/plugins/mcufinder//mcu/
2025-10-20 13:21:10,035 [INFO] DbMcusAds:125 - Set database path to: /Users/macbookpro/.stmcufinder/plugins/mcufinder//mcu/
2025-10-20 13:21:10,037 [INFO] CrossReferenceDbSqlite:203 - Set database path to: /Users/macbookpro/.stmcufinder/plugins/mcufinder//mcu/cs/
2025-10-20 13:21:10,151 [INFO] RulesReader:64 - Compatibility file has been processed (317 Rules)
2025-10-20 13:21:10,215 [INFO] DbMcusXml:78 - Set database path to: /Applications/STM32CubeIDE.app/Contents/Eclipse/plugins/com.st.stm32cube.common.mx_6.15.0.202507011659//db//mcu/
2025-10-20 13:21:10,215 [INFO] ApiDb:274 - Set plugin database path to: /Applications/STM32CubeIDE.app/Contents/Eclipse/plugins/com.st.stm32cube.common.mx_6.15.0.202507011659//db//plugins/boardmanager/
2025-10-20 13:21:10,215 [INFO] ApiDb:261 - Set plugin images path to: /Applications/STM32CubeIDE.app/Contents/Eclipse/plugins/com.st.stm32cube.common.mx_6.15.0.202507011659//db//plugins/mcufinder/images/
2025-10-20 13:21:10,216 [WARN] DbFile:41 - Overriding database path with different value: /Users/macbookpro/.stmcufinder/plugins/mcufinder/ => /Users/macbookpro/.stmcufinder/plugins/mcufinder
2025-10-20 13:21:10,216 [INFO] ApiDb:250 - Set database path to: /Users/macbookpro/.stmcufinder/plugins/mcufinder//mcu/
2025-10-20 13:21:10,216 [WARN] DbFile:41 - Overriding database path with different value: /Users/macbookpro/.stmcufinder/plugins/mcufinder/ => /Users/macbookpro/.stmcufinder/plugins/mcufinder
2025-10-20 13:21:10,216 [INFO] DbMcusAds:125 - Set database path to: /Users/macbookpro/.stmcufinder/plugins/mcufinder//mcu/
2025-10-20 13:21:10,216 [WARN] DbFile:41 - Overriding database path with different value: /Users/macbookpro/.stmcufinder/plugins/mcufinder/ => /Users/macbookpro/.stmcufinder/plugins/mcufinder
2025-10-20 13:21:10,216 [WARN] DbFile:41 - Overriding database path with different value: /Users/macbookpro/.stmcufinder/plugins/mcufinder/ => /Users/macbookpro/.stmcufinder/plugins/mcufinder
2025-10-20 13:21:10,216 [INFO] CrossReferenceDbSqlite:203 - Set database path to: /Users/macbookpro/.stmcufinder/plugins/mcufinder//mcu/cs/
2025-10-20 13:21:10,340 [INFO] MainPanel:274 - HeapMemory: 268435456
2025-10-20 13:21:11,419 [INFO] DbMcusXml:78 - Set database path to: /Applications/STM32CubeIDE.app/Contents/Eclipse/plugins/com.st.stm32cube.common.mx_6.15.0.202507011659//db//mcu/
2025-10-20 13:21:11,419 [INFO] ApiDb:274 - Set plugin database path to: /Applications/STM32CubeIDE.app/Contents/Eclipse/plugins/com.st.stm32cube.common.mx_6.15.0.202507011659//db//plugins/boardmanager/
2025-10-20 13:21:11,419 [INFO] ApiDb:261 - Set plugin images path to: /Applications/STM32CubeIDE.app/Contents/Eclipse/plugins/com.st.stm32cube.common.mx_6.15.0.202507011659//db//plugins/mcufinder/images/
2025-10-20 13:21:11,420 [WARN] DbFile:41 - Overriding database path with different value: /Users/macbookpro/.stmcufinder/plugins/mcufinder/ => /Users/macbookpro/.stmcufinder/plugins/mcufinder
2025-10-20 13:21:11,420 [INFO] ApiDb:250 - Set database path to: /Users/macbookpro/.stmcufinder/plugins/mcufinder//mcu/
2025-10-20 13:21:11,420 [WARN] DbFile:41 - Overriding database path with different value: /Users/macbookpro/.stmcufinder/plugins/mcufinder/ => /Users/macbookpro/.stmcufinder/plugins/mcufinder
2025-10-20 13:21:11,420 [INFO] DbMcusAds:125 - Set database path to: /Users/macbookpro/.stmcufinder/plugins/mcufinder//mcu/
2025-10-20 13:21:11,420 [WARN] DbFile:41 - Overriding database path with different value: /Users/macbookpro/.stmcufinder/plugins/mcufinder/ => /Users/macbookpro/.stmcufinder/plugins/mcufinder
2025-10-20 13:21:11,420 [WARN] DbFile:41 - Overriding database path with different value: /Users/macbookpro/.stmcufinder/plugins/mcufinder/ => /Users/macbookpro/.stmcufinder/plugins/mcufinder
2025-10-20 13:21:11,420 [INFO] CrossReferenceDbSqlite:203 - Set database path to: /Users/macbookpro/.stmcufinder/plugins/mcufinder//mcu/cs/
2025-10-20 13:21:11,440 [INFO] ApplicationProperties:184 - Using Application install path: /Applications/STM32CubeIDE.app/Contents/Eclipse/plugins/com.st.stm32cube.common.mx_6.15.0.202507011659
2025-10-20 13:21:11,441 [INFO] PluginManage:196 - Search for loadable plugins [exclusion list=, ]
2025-10-20 13:21:11,443 [INFO] PluginManage:310 - Check plugin analytics
2025-10-20 13:21:11,626 [INFO] AnalyticsPlugin:253 - Accepted Software Licenses: 
2025-10-20 13:21:11,626 [INFO] AnalyticsPlugin:255 - Accepted CMSIS Pack Licenses: 
2025-10-20 13:21:11,626 [INFO] AnalyticsPlugin:257 - Accepted Firmware Licenses: 
2025-10-20 13:21:11,628 [INFO] PluginManage:359 - Loaded plugin analytics (category:tool,tabindex:-1)
2025-10-20 13:21:11,629 [INFO] PluginManage:310 - Check plugin cadmodel
2025-10-20 13:21:11,635 [INFO] CADModel:105 - Init CAD model plugin
2025-10-20 13:21:11,635 [INFO] PluginManage:359 - Loaded plugin cadmodel (category:power,tabindex:5)
2025-10-20 13:21:11,635 [INFO] PluginManage:310 - Check plugin clock
2025-10-20 13:21:11,644 [INFO] PluginManage:359 - Loaded plugin clock (category:base,tabindex:2)
2025-10-20 13:21:11,644 [INFO] PluginManage:310 - Check plugin ddr
2025-10-20 13:21:11,647 [INFO] PluginManage:359 - Loaded plugin ddr (category:tool,tabindex:6)
2025-10-20 13:21:11,647 [INFO] PluginManage:310 - Check plugin filemanager
2025-10-20 13:21:11,901 [INFO] PluginManage:359 - Loaded plugin filemanager (category:base,tabindex:10)
2025-10-20 13:21:11,901 [INFO] PluginManage:310 - Check plugin ipmanager
2025-10-20 13:21:11,909 [INFO] PluginManage:359 - Loaded plugin ipmanager (category:base,tabindex:5)
2025-10-20 13:21:11,910 [INFO] PluginManage:310 - Check plugin lpbam
2025-10-20 13:21:11,923 [INFO] PluginManage:359 - Loaded plugin lpbam (category:base,tabindex:0)
2025-10-20 13:21:11,923 [INFO] PluginManage:310 - Check plugin memorymap
2025-10-20 13:21:11,939 [INFO] PluginManage:359 - Loaded plugin memorymap (category:base,tabindex:4)
2025-10-20 13:21:11,940 [INFO] PluginManage:310 - Check plugin pinoutandconfiguration
2025-10-20 13:21:11,950 [INFO] PluginManage:359 - Loaded plugin pinoutandconfiguration (category:base,tabindex:1)
2025-10-20 13:21:11,950 [INFO] PluginManage:310 - Check plugin pinoutconfig
2025-10-20 13:21:12,057 [WARN] SupportedApi:132 - Cannot load RTOS API schema: s4s-elt-must-match.1: The content of 'definitions' must match (annotation?, (simpleType | complexType)?, (unique | key | keyref)*)). A problem was found starting at: attribute.
2025-10-20 13:21:12,206 [INFO] PluginManage:359 - Loaded plugin pinoutconfig (category:base,tabindex:0)
2025-10-20 13:21:12,206 [INFO] PluginManage:310 - Check plugin power
2025-10-20 13:21:12,219 [INFO] PluginManage:359 - Loaded plugin power (category:power,tabindex:4)
2025-10-20 13:21:12,219 [INFO] PluginManage:310 - Check plugin projectmanager
2025-10-20 13:21:12,239 [INFO] PluginManage:359 - Loaded plugin projectmanager (category:projectmanager,tabindex:4)
2025-10-20 13:21:12,239 [INFO] PluginManage:310 - Check plugin rif
2025-10-20 13:21:12,253 [INFO] PluginManage:359 - Loaded plugin rif (category:base,tabindex:3)
2025-10-20 13:21:12,253 [INFO] PluginManage:310 - Check plugin thirdparty
2025-10-20 13:21:12,442 [WARN] IntegrityCheckThread:84 - waiting for thirdparty lock release [integrity check]
2025-10-20 13:21:12,442 [INFO] IntegrityCheckThread:86 - entering critical section [integrity check]
2025-10-20 13:21:12,442 [INFO] PluginManage:359 - Loaded plugin thirdparty (category:base,tabindex:-1)
2025-10-20 13:21:12,443 [INFO] PluginManage:310 - Check plugin tools
2025-10-20 13:21:12,443 [INFO] ThirdPartyUpdaterWithRetryManager:70 - Updater plugin not ready yet. [1/15]
2025-10-20 13:21:12,445 [INFO] PluginManage:359 - Loaded plugin tools (category:base,tabindex:7)
2025-10-20 13:21:12,446 [INFO] PluginManage:310 - Check plugin tutovideos
2025-10-20 13:21:12,706 [INFO] PluginManage:359 - Loaded plugin tutovideos (category:base,tabindex:-1)
2025-10-20 13:21:12,706 [INFO] PluginManage:310 - Check plugin updater
2025-10-20 13:21:12,726 [INFO] PluginManage:359 - Loaded plugin updater (category:base,tabindex:12)
2025-10-20 13:21:12,726 [INFO] PluginManage:310 - Check plugin userauth
2025-10-20 13:21:12,730 [INFO] UserAuth:118 - Init User Auth plugin
2025-10-20 13:21:12,731 [INFO] PluginManage:359 - Loaded plugin userauth (category:base,tabindex:14)
2025-10-20 13:21:12,732 [INFO] PluginManage:283 - PluginManage : Loaded plugins [18]
2025-10-20 13:21:12,909 [INFO] PinOutPanel:1589 - setPackage(No Configuration,No Configuration)
2025-10-20 13:21:13,000 [INFO] CADModel:165 - CPN selected for project level
2025-10-20 13:21:13,000 [INFO] CADModel:114 - Register for checkConnection events
2025-10-20 13:21:13,016 [INFO] IPUIPlugin:80 - create IPUIPlugin
2025-10-20 13:21:13,017 [INFO] PluginManager:220 - loadIPPluginJar : add mdma
2025-10-20 13:21:13,029 [INFO] IPUIPlugin:80 - create IPUIPlugin
2025-10-20 13:21:13,029 [INFO] PluginManager:220 - loadIPPluginJar : add freertos
2025-10-20 13:21:13,038 [INFO] IPUIPlugin:80 - create IPUIPlugin
2025-10-20 13:21:13,038 [INFO] PluginManager:220 - loadIPPluginJar : add gic
2025-10-20 13:21:13,053 [INFO] IPUIPlugin:80 - create IPUIPlugin
2025-10-20 13:21:13,053 [INFO] PluginManager:220 - loadIPPluginJar : add adc
2025-10-20 13:21:13,057 [INFO] IPUIPlugin:80 - create IPUIPlugin
2025-10-20 13:21:13,057 [INFO] PluginManager:220 - loadIPPluginJar : add gtzc
2025-10-20 13:21:13,059 [INFO] IPUIPlugin:80 - create IPUIPlugin
2025-10-20 13:21:13,060 [INFO] PluginManager:220 - loadIPPluginJar : add quadspi
2025-10-20 13:21:13,063 [INFO] IPUIPlugin:80 - create IPUIPlugin
2025-10-20 13:21:13,063 [INFO] PluginManager:220 - loadIPPluginJar : add aes
2025-10-20 13:21:13,067 [INFO] IPUIPlugin:80 - create IPUIPlugin
2025-10-20 13:21:13,067 [INFO] PluginManager:220 - loadIPPluginJar : add pdm2pcm
2025-10-20 13:21:13,070 [INFO] IPUIPlugin:80 - create IPUIPlugin
2025-10-20 13:21:13,070 [INFO] PluginManager:220 - loadIPPluginJar : add hash
2025-10-20 13:21:13,072 [INFO] IPUIPlugin:80 - create IPUIPlugin
2025-10-20 13:21:13,072 [INFO] PluginManager:220 - loadIPPluginJar : add tim
2025-10-20 13:21:13,074 [INFO] IPUIPlugin:80 - create IPUIPlugin
2025-10-20 13:21:13,074 [INFO] PluginManager:220 - loadIPPluginJar : add tsc
2025-10-20 13:21:13,078 [INFO] IPUIPlugin:80 - create IPUIPlugin
2025-10-20 13:21:13,078 [INFO] PluginManager:220 - loadIPPluginJar : add extmemmanager
2025-10-20 13:21:13,080 [INFO] IPUIPlugin:80 - create IPUIPlugin
2025-10-20 13:21:13,080 [INFO] PluginManager:220 - loadIPPluginJar : add ts
2025-10-20 13:21:13,081 [INFO] IPUIPlugin:80 - create IPUIPlugin
2025-10-20 13:21:13,082 [INFO] PluginManager:220 - loadIPPluginJar : add radio
2025-10-20 13:21:13,085 [INFO] IPUIPlugin:80 - create IPUIPlugin
2025-10-20 13:21:13,085 [INFO] PluginManager:220 - loadIPPluginJar : add can
2025-10-20 13:21:13,088 [INFO] IPUIPlugin:80 - create IPUIPlugin
2025-10-20 13:21:13,088 [INFO] PluginManager:220 - loadIPPluginJar : add dma3
2025-10-20 13:21:13,090 [INFO] IPUIPlugin:80 - create IPUIPlugin
2025-10-20 13:21:13,091 [INFO] PluginManager:220 - loadIPPluginJar : add dfsdm
2025-10-20 13:21:13,093 [INFO] IPUIPlugin:80 - create IPUIPlugin
2025-10-20 13:21:13,093 [INFO] PluginManager:220 - loadIPPluginJar : add spi
2025-10-20 13:21:13,095 [INFO] IPUIPlugin:80 - create IPUIPlugin
2025-10-20 13:21:13,095 [INFO] PluginManager:220 - loadIPPluginJar : add gfxmmu
2025-10-20 13:21:13,096 [INFO] IPUIPlugin:80 - create IPUIPlugin
2025-10-20 13:21:13,097 [INFO] PluginManager:220 - loadIPPluginJar : add genericplugin
2025-10-20 13:21:13,099 [INFO] IPUIPlugin:80 - create IPUIPlugin
2025-10-20 13:21:13,099 [INFO] PluginManager:220 - loadIPPluginJar : add cryp
2025-10-20 13:21:13,104 [INFO] IPUIPlugin:80 - create IPUIPlugin
2025-10-20 13:21:13,104 [INFO] PluginManager:220 - loadIPPluginJar : add gpio
2025-10-20 13:21:13,107 [INFO] IPUIPlugin:80 - create IPUIPlugin
2025-10-20 13:21:13,107 [INFO] PluginManager:220 - loadIPPluginJar : add ddr_ctrl_phy
2025-10-20 13:21:13,109 [INFO] IPUIPlugin:80 - create IPUIPlugin
2025-10-20 13:21:13,109 [INFO] PluginManager:220 - loadIPPluginJar : add comp
2025-10-20 13:21:13,111 [INFO] IPUIPlugin:80 - create IPUIPlugin
2025-10-20 13:21:13,111 [INFO] PluginManager:220 - loadIPPluginJar : add tracer_emb
2025-10-20 13:21:13,114 [INFO] IPUIPlugin:80 - create IPUIPlugin
2025-10-20 13:21:13,114 [INFO] PluginManager:220 - loadIPPluginJar : add openamp
2025-10-20 13:21:13,121 [INFO] IPUIPlugin:80 - create IPUIPlugin
2025-10-20 13:21:13,121 [INFO] PluginManager:220 - loadIPPluginJar : add stm32_wpan
2025-10-20 13:21:13,128 [INFO] IPUIPlugin:80 - create IPUIPlugin
2025-10-20 13:21:13,132 [INFO] PluginManager:220 - loadIPPluginJar : add plateformsettings
2025-10-20 13:21:13,136 [INFO] IPUIPlugin:80 - create IPUIPlugin
2025-10-20 13:21:13,136 [INFO] PluginManager:220 - loadIPPluginJar : add ipddr
2025-10-20 13:21:13,139 [INFO] IPUIPlugin:80 - create IPUIPlugin
2025-10-20 13:21:13,139 [INFO] PluginManager:220 - loadIPPluginJar : add usart
2025-10-20 13:21:13,141 [INFO] IPUIPlugin:80 - create IPUIPlugin
2025-10-20 13:21:13,141 [INFO] PluginManager:220 - loadIPPluginJar : add ltdc
2025-10-20 13:21:13,148 [INFO] IPUIPlugin:80 - create IPUIPlugin
2025-10-20 13:21:13,148 [INFO] PluginManager:220 - loadIPPluginJar : add nvic
2025-10-20 13:21:13,150 [INFO] IPUIPlugin:80 - create IPUIPlugin
2025-10-20 13:21:13,151 [INFO] PluginManager:220 - loadIPPluginJar : add fatfs
2025-10-20 13:21:13,161 [INFO] IPUIPlugin:80 - create IPUIPlugin
2025-10-20 13:21:13,161 [INFO] PluginManager:220 - loadIPPluginJar : add linkedlist
2025-10-20 13:21:13,168 [INFO] IPUIPlugin:80 - create IPUIPlugin
2025-10-20 13:21:13,168 [INFO] PluginManager:220 - loadIPPluginJar : add dma
2025-10-20 13:21:13,173 [INFO] IPUIPlugin:80 - create IPUIPlugin
2025-10-20 13:21:13,173 [INFO] PluginManager:220 - loadIPPluginJar : add fmc
2025-10-20 13:21:13,175 [INFO] IPUIPlugin:80 - create IPUIPlugin
2025-10-20 13:21:13,175 [INFO] PluginManager:220 - loadIPPluginJar : add i2s
2025-10-20 13:21:13,177 [INFO] IPUIPlugin:80 - create IPUIPlugin
2025-10-20 13:21:13,177 [INFO] PluginManager:220 - loadIPPluginJar : add ucpd
2025-10-20 13:21:13,179 [INFO] IPUIPlugin:80 - create IPUIPlugin
2025-10-20 13:21:13,179 [INFO] PluginManager:220 - loadIPPluginJar : add lorawan
2025-10-20 13:21:13,183 [INFO] IPUIPlugin:80 - create IPUIPlugin
2025-10-20 13:21:13,183 [INFO] PluginManager:220 - loadIPPluginJar : add opamp
2025-10-20 13:21:13,186 [INFO] IPUIPlugin:80 - create IPUIPlugin
2025-10-20 13:21:13,186 [INFO] PluginManager:220 - loadIPPluginJar : add i3c
2025-10-20 13:21:13,189 [INFO] IPUIPlugin:80 - create IPUIPlugin
2025-10-20 13:21:13,189 [INFO] PluginManager:220 - loadIPPluginJar : add touchsensing
2025-10-20 13:21:13,192 [INFO] IPUIPlugin:80 - create IPUIPlugin
2025-10-20 13:21:13,192 [INFO] PluginManager:220 - loadIPPluginJar : add i2c
2025-10-20 13:21:13,196 [INFO] IPUIPlugin:80 - create IPUIPlugin
2025-10-20 13:21:13,196 [INFO] PluginManager:220 - loadIPPluginJar : add resmgrutility
2025-10-20 13:21:13,199 [INFO] IPUIPlugin:80 - create IPUIPlugin
2025-10-20 13:21:13,199 [INFO] PluginManager:220 - loadIPPluginJar : add sai
2025-10-20 13:21:13,201 [INFO] IPUIPlugin:80 - create IPUIPlugin
2025-10-20 13:21:13,202 [INFO] PluginManager:220 - loadIPPluginJar : add usbx
2025-10-20 13:21:13,306 [FATAL] Updater:351 - Updater called before beeing initialized
2025-10-20 13:21:13,331 [INFO] RulesReader:64 - Compatibility file has been processed (317 Rules)
2025-10-20 13:21:13,344 [INFO] RulesReader:64 - Compatibility file has been processed (317 Rules)
2025-10-20 13:21:13,351 [INFO] CADModel:165 - CPN selected for project level
2025-10-20 13:21:13,351 [INFO] CADModel:114 - Register for checkConnection events
2025-10-20 13:21:13,351 [FATAL] Updater:351 - Updater called before beeing initialized
2025-10-20 13:21:13,351 [ERROR] CADModel:125 - Updater not yet initialized, retry later 
2025-10-20 13:21:13,504 [FATAL] Updater:351 - Updater called before beeing initialized
2025-10-20 13:21:13,506 [INFO] CADModel:165 - CPN selected for project level
2025-10-20 13:21:13,506 [INFO] CADModel:114 - Register for checkConnection events
2025-10-20 13:21:13,506 [FATAL] Updater:351 - Updater called before beeing initialized
2025-10-20 13:21:13,506 [ERROR] CADModel:125 - Updater not yet initialized, retry later 
2025-10-20 13:21:13,510 [FATAL] Updater:351 - Updater called before beeing initialized
2025-10-20 13:21:13,580 [FATAL] Updater:351 - Updater called before beeing initialized
2025-10-20 13:21:13,585 [INFO] DbMcusAds:53 - JSON generation date=Tue Jul 08 11:14:23 TRT 2025 (1751962463524)
2025-10-20 13:21:13,586 [FATAL] Updater:351 - Updater called before beeing initialized
2025-10-20 13:21:13,651 [WARN] DetailPanel:346 - Failed to get advertising image, set to default
2025-10-20 13:21:13,737 [FATAL] Updater:351 - Updater called before beeing initialized
2025-10-20 13:21:13,738 [FATAL] Updater:351 - Updater called before beeing initialized
2025-10-20 13:21:13,739 [FATAL] Updater:351 - Updater called before beeing initialized
2025-10-20 13:21:13,739 [WARN] DetailPanel:346 - Failed to get advertising image, set to default
2025-10-20 13:21:13,739 [FATAL] Updater:351 - Updater called before beeing initialized
2025-10-20 13:21:13,766 [ERROR] Updater:1198 - MainUpdater not yet initialized. External WinMGr cannot be set.
2025-10-20 13:21:13,767 [INFO] Updater:1134 - Updater Version found : 6.15.0
2025-10-20 13:21:13,785 [INFO] ApplicationProperties:184 - Using Application install path: /Applications/STM32CubeIDE.app/Contents/Eclipse/plugins/com.st.stm32cube.common.mx_6.15.0.202507011659
2025-10-20 13:21:14,390 [INFO] MainUpdater:2872 - connection check result : 10
2025-10-20 13:21:14,391 [INFO] MainUpdater:3604 - Updater definition file requires update
2025-10-20 13:21:14,391 [INFO] MainUpdater:289 - Updater Check For Update Now.
2025-10-20 13:21:14,391 [INFO] MicroXplorer:498 - Change Database Version : DB.6.0.150
2025-10-20 13:21:14,397 [INFO] McuFinderGlobals:63 - Set McuFinder mode to 2 (CubeIDE integrated)
2025-10-20 13:21:14,397 [INFO] UserAuth:171 - activating auth plugin
2025-10-20 13:21:14,400 [INFO] UserAuth:487 - Internet connection configuration mode: 1
2025-10-20 13:21:14,419 [INFO] JxBrowserEngine:152 - Initiate JxBrowser Engine with user profile folder
2025-10-20 13:21:14,525 [INFO] ServerAccessManage:452 - Complete download http(s) 200
2025-10-20 13:21:14,526 [INFO] ServerAccessManage:509 - Download File updaters.zip
2025-10-20 13:21:14,860 [INFO] FileExtend:248 - Unzip File : updaters.zip
2025-10-20 13:21:14,860 [INFO] FileExtend:263 - Standard Zip Deflate
2025-10-20 13:21:15,155 [INFO] ServerAccessManage:452 - Complete download http(s) 200
2025-10-20 13:21:15,156 [INFO] ServerAccessManage:509 - Download File PacksControlFlags.xml
2025-10-20 13:21:15,218 [INFO] ServerAccessManage:452 - Complete download http(s) 200
2025-10-20 13:21:15,218 [INFO] ServerAccessManage:509 - Download File cubemx.pidx
2025-10-20 13:21:15,451 [WARN] MainUpdater:1193 - Updater busy. Cannot search thirdparties
2025-10-20 13:21:15,452 [INFO] ThirdPartyUpdaterWithRetryManager:96 - Updater plugin is busy. [1/15]
2025-10-20 13:21:16,154 [INFO] WebApp:169 - Instantiating new browser for Auth
2025-10-20 13:21:16,238 [INFO] ServerAccessManage:452 - Complete download http(s) 200
2025-10-20 13:21:16,240 [INFO] ServerAccessManage:509 - Download File STMicroelectronics.X-CUBE-ST60.pdsc
2025-10-20 13:21:17,337 [INFO] WebApp:463 - Apply proxy settings
2025-10-20 13:21:17,349 [INFO] WebApp:508 - Chromium authenticates against Manually configured proxy
2025-10-20 13:21:17,376 [INFO] WebApp:516 - Username used for proxy authentication: 
2025-10-20 13:21:17,428 [INFO] WebApp:900 - Register for checkConnection events
2025-10-20 13:21:17,461 [INFO] WebApp:463 - Apply proxy settings
2025-10-20 13:21:17,484 [INFO] WebApp:508 - Chromium authenticates against Manually configured proxy
2025-10-20 13:21:17,516 [INFO] WebApp:516 - Username used for proxy authentication: 
2025-10-20 13:21:17,766 [INFO] WebApp:225 - Starting web application
2025-10-20 13:21:17,804 [INFO] WebApp:593 - Web application path used /Applications/STM32CubeIDE.app/Contents/Eclipse/plugins/com.st.stm32cube.common.mx_6.15.0.202507011659/db/plugins/mcufinder/reactClient1/index.html
2025-10-20 13:21:18,455 [WARN] MainUpdater:1193 - Updater busy. Cannot search thirdparties
2025-10-20 13:21:18,471 [INFO] ThirdPartyUpdaterWithRetryManager:96 - Updater plugin is busy. [2/15]
2025-10-20 13:21:18,728 [WARN] PackLoader:240 - Cannot read IP mode file for STMicroelectronics.X-CUBE-ST60.1.1.0
2025-10-20 13:21:18,759 [INFO] PopulateThirdPartyThread:66 - Ending populate Thread
2025-10-20 13:21:18,775 [INFO] ThirdParty:1030 - CMSIS Pack Vendor :STMicroelectronics X-CUBE-ST60 1.1.0
2025-10-20 13:21:18,794 [INFO] LoadServerUpdatesThread:375 - End of LoadServerUpdate Thread
2025-10-20 13:21:19,044 [INFO] WebApp:191 - Connection restablished
2025-10-20 13:21:19,045 [INFO] CheckServerUpdateThread:120 - End of CheckServer Thread
2025-10-20 13:21:21,716 [WARN] PackLoader:240 - Cannot read IP mode file for STMicroelectronics.FP-SNS-MOTENVWB1.1.4.0
2025-10-20 13:21:21,720 [WARN] PackLoader:240 - Cannot read IP mode file for STMicroelectronics.FP-ATR-ASTRA1.2.0.2
2025-10-20 13:21:21,726 [WARN] PackLoader:240 - Cannot read IP mode file for STMicroelectronics.X-CUBE-SMBUS.2.1.0
2025-10-20 13:21:21,730 [WARN] PackLoader:240 - Cannot read IP mode file for STMicroelectronics.X-CUBE-ST60.1.0.0
2025-10-20 13:21:21,755 [WARN] PackLoader:240 - Cannot read IP mode file for STMicroelectronics.X-CUBE-AZRTOS-F7.1.1.0
2025-10-20 13:21:21,770 [WARN] PackLoader:240 - Cannot read IP mode file for WES.I-CUBE-Cesium.1.4.0
2025-10-20 13:21:21,799 [WARN] PackLoader:240 - Cannot read IP mode file for Infineon.AIROC-Wi-Fi-Bluetooth-STM32.1.7.1
2025-10-20 13:21:21,840 [WARN] PackLoader:240 - Cannot read IP mode file for STMicroelectronics.X-CUBE-AZRTOS-H7.3.4.0
2025-10-20 13:21:21,854 [WARN] PackLoader:240 - Cannot read IP mode file for STMicroelectronics.X-CUBE-DISPLAY.3.0.0
2025-10-20 13:21:21,871 [WARN] PackLoader:240 - Cannot read IP mode file for STMicroelectronics.X-CUBE-NFC10.1.0.0
2025-10-20 13:21:21,880 [WARN] PackLoader:240 - Cannot read IP mode file for STMicroelectronics.X-CUBE-ST60.1.1.0
2025-10-20 13:21:21,888 [WARN] PackLoader:240 - Cannot read IP mode file for emotas.I-CUBE-CANOPEN.1.3.0
2025-10-20 13:21:21,896 [WARN] PackLoader:240 - Cannot read IP mode file for STMicroelectronics.FP-SNS-STBOX1.2.1.0
2025-10-20 13:21:21,908 [WARN] PackLoader:240 - Cannot read IP mode file for STMicroelectronics.FP-SNS-SMARTAG2.1.2.0
2025-10-20 13:21:21,919 [WARN] PackLoader:240 - Cannot read IP mode file for STMicroelectronics.FP-SNS-FLIGHT1.5.1.0
2025-10-20 13:21:21,933 [INFO] LogOutputStream:77 - [STDOUT_REDIRECT] 1 : Invalid condition id : UX_CORESTACK_Condition cause : null
2025-10-20 13:21:21,934 [INFO] LogOutputStream:77 - [STDOUT_REDIRECT] 1 : Invalid condition id : UX_CORESTACK_Condition cause : null
2025-10-20 13:21:21,934 [INFO] LogOutputStream:77 - [STDOUT_REDIRECT] 1 : Invalid condition id : UX_CORESTACK_Condition cause : null
2025-10-20 13:21:21,935 [INFO] LogOutputStream:77 - [STDOUT_REDIRECT] 1 : Invalid condition id : UX_CORESTACK_Condition cause : null
2025-10-20 13:21:21,935 [INFO] LogOutputStream:77 - [STDOUT_REDIRECT] 1 : Invalid condition id : UX_CORESTACK_Condition cause : null
2025-10-20 13:21:21,939 [WARN] PackLoader:240 - Cannot read IP mode file for STMicroelectronics.X-CUBE-AZRTOS-WL.2.0.0
2025-10-20 13:21:21,947 [WARN] PackLoader:240 - Cannot read IP mode file for STMicroelectronics.FP-SNS-MOTENV1.5.0.0
2025-10-20 13:21:21,974 [WARN] PackLoader:240 - Cannot read IP mode file for STMicroelectronics.X-CUBE-BLE2.3.3.0
2025-10-20 13:21:21,986 [WARN] PackLoader:240 - Cannot read IP mode file for STMicroelectronics.X-CUBE-NFC9.1.0.0
2025-10-20 13:21:22,010 [WARN] PackLoader:240 - Cannot read IP mode file for wolfSSL.I-CUBE-wolfSSL.5.8.2
2025-10-20 13:21:22,016 [WARN] PackLoader:240 - Cannot read IP mode file for STMicroelectronics.X-CUBE-BLE1.7.1.0
2025-10-20 13:21:22,020 [WARN] PackLoader:240 - Cannot read IP mode file for wolfSSL.I-CUBE-wolfMQTT.1.19.2
2025-10-20 13:21:22,028 [WARN] PackLoader:240 - Cannot read IP mode file for STMicroelectronics.X-CUBE-EEPRMA1.5.2.0
2025-10-20 13:21:22,038 [WARN] PackLoader:240 - Cannot read IP mode file for STMicroelectronics.X-CUBE-ST67W61.1.1.0
2025-10-20 13:21:22,058 [WARN] PackLoader:240 - Cannot read IP mode file for STMicroelectronics.X-CUBE-AZRTOS-G0.1.1.0
2025-10-20 13:21:22,067 [WARN] PackLoader:240 - Cannot read IP mode file for STMicroelectronics.X-CUBE-SAFEA1.1.2.2
2025-10-20 13:21:22,075 [WARN] PackLoader:240 - Cannot read IP mode file for STMicroelectronics.X-CUBE-NFC4.3.0.0
2025-10-20 13:21:22,087 [WARN] PackLoader:240 - Cannot read IP mode file for EmbeddedOffice.I-CUBE-FS-RTOS.1.0.1
2025-10-20 13:21:22,094 [WARN] PackLoader:240 - Cannot read IP mode file for STMicroelectronics.X-CUBE-WB05N.2.0.0
2025-10-20 13:21:22,099 [WARN] PackLoader:240 - Cannot read IP mode file for wolfSSL.I-CUBE-wolfTPM.3.8.0
2025-10-20 13:21:22,107 [WARN] PackLoader:240 - Cannot read IP mode file for STMicroelectronics.X-CUBE-TCPP.4.2.0
2025-10-20 13:21:22,113 [WARN] PackLoader:240 - Cannot read IP mode file for RealThread.X-CUBE-RT-Thread_Nano.4.1.1
2025-10-20 13:21:22,123 [WARN] PackLoader:240 - Cannot read IP mode file for STMicroelectronics.FP-ATR-SIGFOX1.3.2.0
2025-10-20 13:21:22,130 [WARN] PackLoader:240 - Cannot read IP mode file for ITTIA_DB.I-CUBE-ITTIADB.8.9.0
2025-10-20 13:21:22,156 [WARN] PackLoader:240 - Cannot read IP mode file for STMicroelectronics.X-CUBE-ST67W61.1.0.0
2025-10-20 13:21:22,161 [WARN] PackLoader:240 - Cannot read IP mode file for STMicroelectronics.X-CUBE-AI.10.2.0
2025-10-20 13:21:22,198 [WARN] PackLoader:240 - Cannot read IP mode file for SEGGER.I-CUBE-embOS.1.3.1
2025-10-20 13:21:22,273 [WARN] PackLoader:240 - Cannot read IP mode file for STMicroelectronics.X-CUBE-ALGOBUILD.1.4.0
2025-10-20 13:21:22,345 [WARN] PackLoader:240 - Cannot read IP mode file for STMicroelectronics.X-CUBE-MEMS1.11.3.0
2025-10-20 13:21:22,474 [WARN] PackLoader:240 - Cannot read IP mode file for STMicroelectronics.X-CUBE-PM33A1.1.0.0
2025-10-20 13:21:22,491 [WARN] PackLoader:240 - Cannot read IP mode file for STMicroelectronics.X-CUBE-AZRTOS-F4.1.1.0
2025-10-20 13:21:22,499 [WARN] PackLoader:240 - Cannot read IP mode file for Avnet-IotConnect.X-CUBE-IoTC-DA16k-PMOD.1.0.0
2025-10-20 13:21:22,503 [WARN] PackLoader:240 - Cannot read IP mode file for STMicroelectronics.X-CUBE-ISPU.2.1.0
2025-10-20 13:21:22,519 [WARN] PackLoader:240 - Cannot read IP mode file for STMicroelectronics.X-CUBE-IPS.3.2.0
2025-10-20 13:21:22,531 [WARN] PackLoader:240 - Cannot read IP mode file for STMicroelectronics.X-CUBE-NFC12.1.0.0
2025-10-20 13:21:22,548 [WARN] PackLoader:240 - Cannot read IP mode file for STMicroelectronics.X-CUBE-AZRTOS-L5.2.0.0
2025-10-20 13:21:22,559 [WARN] PackLoader:240 - Cannot read IP mode file for STMicroelectronics.X-CUBE-NFC6.3.1.0
2025-10-20 13:21:22,588 [WARN] PackLoader:240 - Cannot read IP mode file for STMicroelectronics.X-CUBE-FREERTOS.1.3.1
2025-10-20 13:21:22,593 [WARN] PackLoader:240 - Cannot read IP mode file for STMicroelectronics.X-CUBE-TOUCHGFX.4.26.0
2025-10-20 13:21:22,597 [WARN] PackLoader:240 - Cannot read IP mode file for STMicroelectronics.FP-SNS-STAIOTCFT.1.0.0
2025-10-20 13:21:22,603 [WARN] PackLoader:240 - Cannot read IP mode file for STMicroelectronics.X-CUBE-DPower.1.3.0
2025-10-20 13:21:22,620 [WARN] ConditionMgr:438 - getConditionDescription Invalid condition id : LAN8742 Phy interface Condition cause : null
2025-10-20 13:21:22,620 [WARN] PackLoader:240 - Cannot read IP mode file for STMicroelectronics.X-CUBE-AZRTOS-L4.2.0.0
2025-10-20 13:21:22,622 [WARN] ConditionMgr:1044 - genDependencies : Invalid condition id : LAN8742 Phy interface Condition cause : null
2025-10-20 13:21:22,622 [WARN] ConditionMgr:1044 - genDependencies : Invalid condition id : LAN8742 Phy interface Condition cause : null
2025-10-20 13:21:22,623 [WARN] ConditionMgr:1044 - genDependencies : Invalid condition id : LAN8742 Phy interface Condition cause : null
2025-10-20 13:21:22,632 [WARN] PackLoader:240 - Cannot read IP mode file for STMicroelectronics.X-CUBE-SFXS2LP1.4.0.0
2025-10-20 13:21:22,644 [WARN] PackLoader:240 - Cannot read IP mode file for STMicroelectronics.X-CUBE-BLEMGR.4.1.0
2025-10-20 13:21:22,658 [WARN] ConditionMgr:438 - getConditionDescription Invalid condition id : UX DEVICE CLASS RTOS Condition cause : null
2025-10-20 13:21:22,658 [WARN] ConditionMgr:438 - getConditionDescription Invalid condition id : UX DEVICE CLASS RTOS Condition cause : null
2025-10-20 13:21:22,660 [WARN] PackLoader:240 - Cannot read IP mode file for STMicroelectronics.X-CUBE-AZRTOS-WB.2.0.0
2025-10-20 13:21:22,661 [WARN] ConditionMgr:1044 - genDependencies : Invalid condition id : UX DEVICE CLASS RTOS Condition cause : null
2025-10-20 13:21:22,661 [WARN] ConditionMgr:1044 - genDependencies : Invalid condition id : UX DEVICE CLASS RTOS Condition cause : null
2025-10-20 13:21:22,662 [WARN] ConditionMgr:1044 - genDependencies : Invalid condition id : UX DEVICE CLASS RTOS Condition cause : null
2025-10-20 13:21:22,662 [WARN] ConditionMgr:1044 - genDependencies : Invalid condition id : UX DEVICE CLASS RTOS Condition cause : null
2025-10-20 13:21:22,662 [WARN] ConditionMgr:1044 - genDependencies : Invalid condition id : UX DEVICE CLASS RTOS Condition cause : null
2025-10-20 13:21:22,668 [WARN] PackLoader:240 - Cannot read IP mode file for STMicroelectronics.X-CUBE-GNSS1.7.0.1
2025-10-20 13:21:22,672 [WARN] PackLoader:240 - Cannot read IP mode file for STMicroelectronics.X-CUBE-TOUCHGFX.4.25.0
2025-10-20 13:21:22,675 [WARN] ConditionMgr:438 - getConditionDescription Invalid condition id : Cortex-A Device cause : null
2025-10-20 13:21:22,687 [WARN] ConditionMgr:1044 - genDependencies : Invalid condition id : Cortex-A Device cause : null
2025-10-20 13:21:22,687 [WARN] ConditionMgr:1044 - genDependencies : Invalid condition id : Cortex-A Device cause : null
2025-10-20 13:21:22,687 [WARN] ConditionMgr:1044 - genDependencies : Invalid condition id : Cortex-A Device cause : null
2025-10-20 13:21:22,697 [WARN] PackLoader:240 - Cannot read IP mode file for STMicroelectronics.X-CUBE-SUBG2.5.0.0
2025-10-20 13:21:22,719 [WARN] PackLoader:240 - Cannot read IP mode file for STMicroelectronics.X-CUBE-AZRTOS-H7RS.1.1.0
2025-10-20 13:21:22,725 [WARN] PackLoader:240 - Cannot read IP mode file for Cesanta.I-CUBE-Mongoose.7.13.0
2025-10-20 13:21:22,739 [WARN] PackLoader:240 - Cannot read IP mode file for STMicroelectronics.X-CUBE-AZRTOS-G4.2.0.0
2025-10-20 13:21:22,743 [WARN] PackLoader:240 - Cannot read IP mode file for wolfSSL.I-CUBE-wolfSSH.1.4.20
2025-10-20 13:21:22,747 [WARN] PackLoader:240 - Cannot read IP mode file for STMicroelectronics.X-CUBE-NFC7.2.0.0
2025-10-20 13:21:22,760 [WARN] PackLoader:240 - Cannot read IP mode file for STMicroelectronics.X-CUBE-IPS.3.1.0
2025-10-20 13:21:22,770 [WARN] PackLoader:240 - Cannot read IP mode file for STMicroelectronics.X-CUBE-ALS.1.0.2
2025-10-20 13:21:22,775 [WARN] PackLoader:240 - Cannot read IP mode file for STMicroelectronics.X-CUBE-STSE01.1.0.0
2025-10-20 13:21:22,781 [WARN] PackLoader:240 - Cannot read IP mode file for portGmbH.I-Cube-SoM-uGOAL.1.1.0
2025-10-20 13:21:22,791 [WARN] PackLoader:240 - Cannot read IP mode file for STMicroelectronics.X-CUBE-TOF1.3.4.3
2025-10-20 13:21:22,802 [INFO] ThirdParty:978 - Integrity check success = true
2025-10-20 13:21:22,803 [INFO] IntegrityCheckThread:100 - exiting critical section [integrity check]
2025-10-20 13:21:22,803 [INFO] IntegrityCheckThread:103 - End integrity checks thread
2025-10-20 13:22:04,638 [INFO] WebApp:194 - Connection lost
2025-10-20 13:22:11,421 [INFO] WebApp:191 - Connection restablished
2025-10-20 13:22:17,096 [INFO] WebApp:194 - Connection lost
2025-10-20 13:22:17,464 [INFO] WebApp:191 - Connection restablished
2025-10-20 14:08:10,478 [INFO] WebApp:194 - Connection lost
2025-10-20 14:08:16,296 [INFO] WebApp:191 - Connection restablished
2025-10-20 14:08:18,798 [INFO] WebApp:194 - Connection lost
2025-10-20 14:08:19,159 [INFO] WebApp:191 - Connection restablished
2025-10-20 14:40:29,320 [INFO] WebApp:194 - Connection lost
2025-10-20 14:40:38,115 [INFO] WebApp:191 - Connection restablished
2025-10-20 14:40:38,460 [INFO] WebApp:194 - Connection lost
2025-10-20 14:40:38,866 [INFO] WebApp:191 - Connection restablished
2025-10-20 15:21:49,312 [INFO] WebApp:194 - Connection lost
2025-10-20 15:21:51,132 [INFO] WebApp:191 - Connection restablished
2025-10-20 15:21:54,090 [INFO] WebApp:194 - Connection lost
2025-10-20 15:21:54,288 [INFO] WebApp:191 - Connection restablished
2025-10-20 15:58:30,317 [INFO] WebApp:194 - Connection lost
2025-10-20 15:58:32,378 [INFO] WebApp:191 - Connection restablished
2025-10-20 16:52:48,975 [INFO] WebApp:194 - Connection lost
2025-10-20 16:52:52,627 [INFO] WebApp:191 - Connection restablished
2025-10-20 16:52:54,450 [INFO] WebApp:194 - Connection lost
2025-10-20 16:52:54,594 [INFO] WebApp:191 - Connection restablished
2025-10-20 17:46:55,798 [INFO] WebApp:194 - Connection lost
2025-10-20 17:46:58,333 [INFO] WebApp:191 - Connection restablished
2025-10-20 18:42:28,362 [INFO] WebApp:194 - Connection lost
2025-10-20 18:42:35,044 [INFO] WebApp:191 - Connection restablished
2025-10-20 18:42:36,147 [INFO] WebApp:194 - Connection lost
2025-10-20 18:42:36,625 [INFO] WebApp:191 - Connection restablished
2025-10-20 19:02:02,607 [INFO] WebApp:194 - Connection lost
2025-10-20 19:02:08,535 [INFO] WebApp:191 - Connection restablished
2025-10-20 19:56:14,270 [INFO] WebApp:194 - Connection lost
2025-10-20 19:56:19,947 [INFO] WebApp:191 - Connection restablished
2025-10-20 20:03:09,446 [INFO] WebApp:194 - Connection lost
2025-10-20 20:03:15,680 [INFO] WebApp:191 - Connection restablished
2025-10-20 20:03:17,904 [INFO] WebApp:194 - Connection lost
2025-10-20 20:03:18,320 [INFO] WebApp:191 - Connection restablished
2025-10-20 20:57:21,204 [INFO] WebApp:194 - Connection lost
2025-10-20 21:14:28,454 [INFO] WebApp:191 - Connection restablished
2025-10-20 21:14:29,117 [INFO] WebApp:194 - Connection lost
2025-10-20 21:14:29,489 [INFO] WebApp:191 - Connection restablished
2025-10-20 22:05:23,553 [INFO] WebApp:194 - Connection lost
2025-10-20 22:05:28,893 [INFO] WebApp:191 - Connection restablished
2025-10-20 22:37:01,364 [INFO] WebApp:194 - Connection lost
2025-10-20 22:37:07,298 [INFO] WebApp:191 - Connection restablished
2025-10-20 23:06:30,516 [INFO] WebApp:194 - Connection lost
2025-10-20 23:06:35,572 [INFO] WebApp:191 - Connection restablished
2025-10-20 23:28:14,685 [INFO] WebApp:194 - Connection lost
2025-10-20 23:28:25,476 [INFO] WebApp:191 - Connection restablished
2025-10-20 23:28:29,308 [INFO] WebApp:194 - Connection lost
2025-10-20 23:28:29,535 [INFO] WebApp:191 - Connection restablished
2025-10-20 23:29:07,865 [ERROR] LogOutputStream:75 - [STDERR_REDIRECT] 
